Archive member included to satisfy reference by file (symbol)

../../Middlewares/ST/AI/Lib/NetworkRuntime1201_CM4_GCC.a\NetworkRuntime1201_CM4_GCC.a(stai_internal.o)
                              ./Middlewares/ST/AI/Misc/Src/aiTestHelper_ST_AI.o (stai_runtime_get_info)
../../Middlewares/ST/AI/Lib/NetworkRuntime1201_CM4_GCC.a\NetworkRuntime1201_CM4_GCC.a(layers_generic_float.o)
                              ./AI/App/network.o (forward_slice)
../../Middlewares/ST/AI/Lib/NetworkRuntime1201_CM4_GCC.a\NetworkRuntime1201_CM4_GCC.a(layers_pad_generic.o)
                              ../../Middlewares/ST/AI/Lib/NetworkRuntime1201_CM4_GCC.a\NetworkRuntime1201_CM4_GCC.a(layers_generic_float.o) (forward_pad_8bit_ch1st_3x3_constant)
../../Middlewares/ST/AI/Lib/NetworkRuntime1201_CM4_GCC.a\NetworkRuntime1201_CM4_GCC.a(layers_resize.o)
                              ../../Middlewares/ST/AI/Lib/NetworkRuntime1201_CM4_GCC.a\NetworkRuntime1201_CM4_GCC.a(layers_generic_float.o) (forward_resize_nearest_if32of32)
../../Middlewares/ST/AI/Lib/NetworkRuntime1201_CM4_GCC.a\NetworkRuntime1201_CM4_GCC.a(forward_lite_argminmax.o)
                              ../../Middlewares/ST/AI/Lib/NetworkRuntime1201_CM4_GCC.a\NetworkRuntime1201_CM4_GCC.a(layers_generic_float.o) (forward_lite_argmax_if32)
../../Middlewares/ST/AI/Lib/NetworkRuntime1201_CM4_GCC.a\NetworkRuntime1201_CM4_GCC.a(lite_argminmax_if32_kernel.o)
                              ../../Middlewares/ST/AI/Lib/NetworkRuntime1201_CM4_GCC.a\NetworkRuntime1201_CM4_GCC.a(forward_lite_argminmax.o) (forward_lite_argmax_f32_kernel_ch)
../../Middlewares/ST/AI/Lib/NetworkRuntime1201_CM4_GCC.a\NetworkRuntime1201_CM4_GCC.a(lite_argminmax_is8_kernel.o)
                              ../../Middlewares/ST/AI/Lib/NetworkRuntime1201_CM4_GCC.a\NetworkRuntime1201_CM4_GCC.a(forward_lite_argminmax.o) (forward_lite_argmax_s8_kernel)
../../Middlewares/ST/AI/Lib/NetworkRuntime1201_CM4_GCC.a\NetworkRuntime1201_CM4_GCC.a(forward_lite_resize.o)
                              ../../Middlewares/ST/AI/Lib/NetworkRuntime1201_CM4_GCC.a\NetworkRuntime1201_CM4_GCC.a(layers_resize.o) (forward_lite_resize_bilinear_if32of32)
../../Middlewares/ST/AI/Lib/NetworkRuntime1201_CM4_GCC.a\NetworkRuntime1201_CM4_GCC.a(forward_lite_upsample.o)
                              ../../Middlewares/ST/AI/Lib/NetworkRuntime1201_CM4_GCC.a\NetworkRuntime1201_CM4_GCC.a(layers_generic_float.o) (forward_lite_upsample_bilinear_if32of32)
../../Middlewares/ST/AI/Lib/NetworkRuntime1201_CM4_GCC.a\NetworkRuntime1201_CM4_GCC.a(forward_lite_upsample_generic.o)
                              ../../Middlewares/ST/AI/Lib/NetworkRuntime1201_CM4_GCC.a\NetworkRuntime1201_CM4_GCC.a(layers_generic_float.o) (forward_lite_upsample_nearest)
../../Middlewares/ST/AI/Lib/NetworkRuntime1201_CM4_GCC.a\NetworkRuntime1201_CM4_GCC.a(lite_dense_if32.o)
                              ./AI/App/network.o (forward_lite_dense_if32of32wf32)
../../Middlewares/ST/AI/Lib/NetworkRuntime1201_CM4_GCC.a\NetworkRuntime1201_CM4_GCC.a(lite_generic_float.o)
                              ../../Middlewares/ST/AI/Lib/NetworkRuntime1201_CM4_GCC.a\NetworkRuntime1201_CM4_GCC.a(layers_generic_float.o) (forward_lite_gather_nd)
../../Middlewares/ST/AI/Lib/NetworkRuntime1201_CM4_GCC.a\NetworkRuntime1201_CM4_GCC.a(lite_nl_generic_float.o)
                              ./AI/App/network.o (forward_lite_nl_sigmoid_if32of32)
../../Middlewares/ST/AI/Lib/NetworkRuntime1201_CM4_GCC.a\NetworkRuntime1201_CM4_GCC.a(forward_lite_pad_generic.o)
                              ../../Middlewares/ST/AI/Lib/NetworkRuntime1201_CM4_GCC.a\NetworkRuntime1201_CM4_GCC.a(layers_pad_generic.o) (forward_lite_pad_8bit_ch1st_3x3_constant_P0022)
../../Middlewares/ST/AI/Lib/NetworkRuntime1201_CM4_GCC.a\NetworkRuntime1201_CM4_GCC.a(st_int8_fill.o)
                              ../../Middlewares/ST/AI/Lib/NetworkRuntime1201_CM4_GCC.a\NetworkRuntime1201_CM4_GCC.a(layers_generic_float.o) (st_int8_copy)
../../Middlewares/ST/AI/Lib/NetworkRuntime1201_CM4_GCC.a\NetworkRuntime1201_CM4_GCC.a(ai_math_helpers.o)
                              ../../Middlewares/ST/AI/Lib/NetworkRuntime1201_CM4_GCC.a\NetworkRuntime1201_CM4_GCC.a(lite_generic_float.o) (ai_math_sqrt)
../../Middlewares/ST/AI/Lib/NetworkRuntime1201_CM4_GCC.a\NetworkRuntime1201_CM4_GCC.a(ai_datatypes_format.o)
                              ../../Middlewares/ST/AI/Lib/NetworkRuntime1201_CM4_GCC.a\NetworkRuntime1201_CM4_GCC.a(layers_generic_float.o) (ai_array_get_byte_size)
../../Middlewares/ST/AI/Lib/NetworkRuntime1201_CM4_GCC.a\NetworkRuntime1201_CM4_GCC.a(core_utils.o)
                              ../../Middlewares/ST/AI/Lib/NetworkRuntime1201_CM4_GCC.a\NetworkRuntime1201_CM4_GCC.a(layers_generic_float.o) (core_get_broadcasted_shape)
../../Middlewares/ST/AI/Lib/NetworkRuntime1201_CM4_GCC.a\NetworkRuntime1201_CM4_GCC.a(ai_math_elementwise_mul_int8.o)
[...]
Memory Configuration

Name             Origin             Length             Attributes
FLASH            0x08000000         0x00040000         xr
RAM2             0x10000000         0x00008000         xrw
RAM              0x20000000         0x00010000         xrw
*default*        0x00000000         0xffffffff

Linker script and memory map

LOAD C:/ST/STM32CubeIDE_2.1.1/STM32CubeIDE/plugins/com.st.stm32cube.ide.mcu.externaltools.gnu-tools-for-stm32.14.3.rel1.win32_1.0.100.202602081740/tools/bin/../lib/gcc/arm-none-eabi/14.3.1/thumb/v7e-m/nofp/crti.o
LOAD C:/ST/STM32CubeIDE_2.1.1/STM32CubeIDE/plugins/com.st.stm32cube.ide.mcu.externaltools.gnu-tools-for-stm32.14.3.rel1.win32_1.0.100.202602081740/tools/bin/../lib/gcc/arm-none-eabi/14.3.1/thumb/v7e-m/nofp/crtbegin.o
LOAD C:/ST/STM32CubeIDE_2.1.1/STM32CubeIDE/plugins/com.st.stm32cube.ide.mcu.externaltools.gnu-tools-for-stm32.14.3.rel1.win32_1.0.100.202602081740/tools/bin/../lib/gcc/arm-none-eabi/14.3.1/../../../../arm-none-eabi/lib/thumb/v7e-m/nofp/crt0.o
LOAD ./AI/App/app_x-cube-ai.o
LOAD ./AI/App/network.o
LOAD ./AI/App/network_data.o
LOAD ./AI/App/network_weights.o
LOAD ./AI/App/user_init.o
LOAD ./Application/User/Core/main.o
LOAD ./Application/User/Core/stm32wlxx_hal_msp.o
LOAD ./Application/User/Core/stm32wlxx_it.o
LOAD ./Application/User/Core/syscalls.o
LOAD ./Application/User/Core/sysmem.o
LOAD ./Application/User/Startup/startup_stm32wle5jcix.o
LOAD ./Drivers/CMSIS/system_stm32wlxx.o
LOAD ./Drivers/STM32WLxx_HAL_Driver/stm32wlxx_hal.o
LOAD ./Drivers/STM32WLxx_HAL_Driver/stm32wlxx_hal_cortex.o
LOAD ./Drivers/STM32WLxx_HAL_Driver/stm32wlxx_hal_dma.o
LOAD ./Drivers/STM32WLxx_HAL_Driver/stm32wlxx_hal_dma_ex.o
LOAD ./Drivers/STM32WLxx_HAL_Driver/stm32wlxx_hal_exti.o
LOAD ./Drivers/STM32WLxx_HAL_Driver/stm32wlxx_hal_flash.o
LOAD ./Drivers/STM32WLxx_HAL_Driver/stm32wlxx_hal_flash_ex.o
LOAD ./Drivers/STM32WLxx_HAL_Driver/stm32wlxx_hal_gpio.o
LOAD ./Drivers/STM32WLxx_HAL_Driver/stm32wlxx_hal_pwr.o
LOAD ./Drivers/STM32WLxx_HAL_Driver/stm32wlxx_hal_pwr_ex.o
LOAD ./Drivers/STM32WLxx_HAL_Driver/stm32wlxx_hal_rcc.o
LOAD ./Drivers/STM32WLxx_HAL_Driver/stm32wlxx_hal_rcc_ex.o
LOAD ./Drivers/STM32WLxx_HAL_Driver/stm32wlxx_hal_uart.o
LOAD ./Drivers/STM32WLxx_HAL_Driver/stm32wlxx_hal_uart_ex.o
LOAD ./Middlewares/ST/AI/Misc/Src/aiTestHelper_ST_AI.o
LOAD ./Middlewares/ST/AI/Misc/Src/aiTestUtility.o
LOAD ./Middlewares/ST/AI/Misc/Src/ai_device_adaptor.o
LOAD ./Middlewares/ST/AI/Misc/Src/lc_print.o
LOAD ./Middlewares/ST/AI/Misc/Src/syscalls.o
LOAD ./Middlewares/ST/AI/Validation/Src/aiPbIO.o
LOAD ./Middlewares/ST/AI/Validation/Src/aiPbMemRWServices.o
LOAD ./Middlewares/ST/AI/Validation/Src/aiPbMgr.o
LOAD ./Middlewares/ST/AI/Validation/Src/aiValidation_ST_AI.o
LOAD ./Middlewares/ST/AI/Validation/Src/pb_common.o
LOAD ./Middlewares/ST/AI/Validation/Src/pb_decode.o
LOAD ./Middlewares/ST/AI/Validation/Src/pb_encode.o
LOAD ./Middlewares/ST/AI/Validation/Src/stm32msg.pb.o
LOAD ../../Middlewares/ST/AI/Lib/NetworkRuntime1201_CM4_GCC.a\NetworkRuntime1201_CM4_GCC.a
START GROUP
LOAD C:/ST/STM32CubeIDE_2.1.1/STM32CubeIDE/plugins/com.st.stm32cube.ide.mcu.externaltools.gnu-tools-for-stm32.14.3.rel1.win32_1.0.100.202602081740/tools/bin/../lib/gcc/arm-none-eabi/14.3.1/../../../../arm-none-eabi/lib/thumb/v7e-m/nofp\libc_nano.a
LOAD C:/ST/STM32CubeIDE_2.1.1/STM32CubeIDE/plugins/com.st.stm32cube.ide.mcu.externaltools.gnu-tools-for-stm32.14.3.rel1.win32_1.0.100.202602081740/tools/bin/../lib/gcc/arm-none-eabi/14.3.1/../../../../arm-none-eabi/lib/thumb/v7e-m/nofp\libm.a
END GROUP
START GROUP
LOAD C:/ST/STM32CubeIDE_2.1.1/STM32CubeIDE/plugins/com.st.stm32cube.ide.mcu.externaltools.gnu-tools-for-stm32.14.3.rel1.win32_1.0.100.202602081740/tools/bin/../lib/gcc/arm-none-eabi/14.3.1/thumb/v7e-m/nofp\libgcc.a
LOAD C:/ST/STM32CubeIDE_2.1.1/STM32CubeIDE/plugins/com.st.stm32cube.ide.mcu.externaltools.gnu-tools-for-stm32.14.3.rel1.win32_1.0.100.202602081740/tools/bin/../lib/gcc/arm-none-eabi/14.3.1/../../../../arm-none-eabi/lib/thumb/v7e-m/nofp\libc_nano.a
END GROUP
START GROUP
LOAD C:/ST/STM32CubeIDE_2.1.1/STM32CubeIDE/plugins/com.st.stm32cube.ide.mcu.externaltools.gnu-tools-for-stm32.14.3.rel1.win32_1.0.100.202602081740/tools/bin/../lib/gcc/arm-none-eabi/14.3.1/thumb/v7e-m/nofp\libgcc.a
LOAD C:/ST/STM32CubeIDE_2.1.1/STM32CubeIDE/plugins/com.st.stm32cube.ide.mcu.externaltools.gnu-tools-for-stm32.14.3.rel1.win32_1.0.100.202602081740/tools/bin/../lib/gcc/arm-none-eabi/14.3.1/../../../../arm-none-eabi/lib/thumb/v7e-m/nofp\libc_nano.a
LOAD C:/ST/STM32CubeIDE_2.1.1/STM32CubeIDE/plugins/com.st.stm32cube.ide.mcu.externaltools.gnu-tools-for-stm32.14.3.rel1.win32_1.0.100.202602081740/tools/bin/../lib/gcc/arm-none-eabi/14.3.1/../../../../arm-none-eabi/lib/thumb/v7e-m/nofp\libnosys.a
END GROUP
START GROUP
LOAD C:/ST/STM32CubeIDE_2.1.1/STM32CubeIDE/plugins/com.st.stm32cube.ide.mcu.externaltools.gnu-tools-for-stm32.14.3.rel1.win32_1.0.100.202602081740/tools/bin/../lib/gcc/arm-none-eabi/14.3.1/thumb/v7e-m/nofp\libgcc.a
LOAD C:/ST/STM32CubeIDE_2.1.1/STM32CubeIDE/plugins/com.st.stm32cube.ide.mcu.externaltools.gnu-tools-for-stm32.14.3.rel1.win32_1.0.100.202602081740/tools/bin/../lib/gcc/arm-none-eabi/14.3.1/../../../../arm-none-eabi/lib/thumb/v7e-m/nofp\libc_nano.a
LOAD C:/ST/STM32CubeIDE_2.1.1/STM32CubeIDE/plugins/com.st.stm32cube.ide.mcu.externaltools.gnu-tools-for-stm32.14.3.rel1.win32_1.0.100.202602081740/tools/bin/../lib/gcc/arm-none-eabi/14.3.1/../../../../arm-none-eabi/lib/thumb/v7e-m/nofp\libnosys.a
END GROUP
LOAD C:/ST/STM32CubeIDE_2.1.1/STM32CubeIDE/plugins/com.st.stm32cube.ide.mcu.externaltools.gnu-tools-for-stm32.14.3.rel1.win32_1.0.100.202602081740/tools/bin/../lib/gcc/arm-none-eabi/14.3.1/thumb/v7e-m/nofp/crtend.o
LOAD C:/ST/STM32CubeIDE_2.1.1/STM32CubeIDE/plugins/com.st.stm32cube.ide.mcu.externaltools.gnu-tools-for-stm32.14.3.rel1.win32_1.0.100.202602081740/tools/bin/../lib/gcc/arm-none-eabi/14.3.1/thumb/v7e-m/nofp/crtn.o
                0x20010000                        _estack = (ORIGIN (RAM) + LENGTH (RAM))
                0x00000800                        _Min_Heap_Size = 0x800
                0x00002000                        _Min_Stack_Size = 0x2000

.AI_SRAM        0x20000000      0x1dc
                0x20000000                        . = ALIGN (0x4)
 *(.AI_SRAM)
 .AI_SRAM       0x20000000      0x1dc ./AI/App/app_x-cube-ai.o
                0x200001dc                        . = ALIGN (0x4)

.isr_vector     0x08000000      0x138
                0x08000000                        . = ALIGN (0x4)
 *(.isr_vector)
 .isr_vector    0x08000000      0x138 ./Application/User/Startup/startup_stm32wle5jcix.o
                0x08000000                g_pfnVectors
                0x08000138                        . = ALIGN (0x4)

.text           0x08000138     0xdd5c
                0x08000138                        . = ALIGN (0x4)
 *(.text)
 .text          0x08000138       0x40 C:/ST/STM32CubeIDE_2.1.1/STM32CubeIDE/plugins/com.st.stm32cube.ide.mcu.externaltools.gnu-tools-for-stm32.14.3.rel1.win32_1.0.100.202602081740/tools/bin/../lib/gcc/arm-none-eabi/14.3.1/thumb/v7e-m/nofp/crtbegin.o
 .text          0x08000178       0x10 C:/ST/STM32CubeIDE_2.1.1/STM32CubeIDE/plugins/com.st.stm32cube.ide.mcu.externaltools.gnu-tools-for-stm32.14.3.rel1.win32_1.0.100.202602081740/tools/bin/../lib/gcc/arm-none-eabi/14.3.1/../../../../arm-none-eabi/lib/thumb/v7e-m/nofp\libc_nano.a(libc_a-strlen.o)
                0x08000178                strlen
 .text          0x08000188      0x378 C:/ST/STM32CubeIDE_2.1.1/STM32CubeIDE/plugins/com.st.stm32cube.ide.mcu.externaltools.gnu-tools-for-stm32.14.3.rel1.win32_1.0.100.202602081740/tools/bin/../lib/gcc/arm-none-eabi/14.3.1/thumb/v7e-m/nofp\libgcc.a(_arm_addsubdf3.o)
                0x08000188                __aeabi_drsub
                0x08000190                __aeabi_dsub
                0x08000190                __subdf3
                0x08000194                __aeabi_dadd
                0x08000194                __adddf3
                0x0800040c                __floatunsidf
                0x0800040c                __aeabi_ui2d
                0x0800042c                __floatsidf
                0x0800042c                __aeabi_i2d
                0x08000450                __aeabi_f2d
                0x08000450                __extendsfdf2
                0x08000494                __floatundidf
                0x08000494                __aeabi_ul2d
                0x080004a4                __floatdidf
                0x080004a4                __aeabi_l2d
 .text          0x08000500      0x424 C:/ST/STM32CubeIDE_2.1.1/STM32CubeIDE/plugins/com.st.stm32cube.ide.mcu.externaltools.gnu-tools-for-stm32.14.3.rel1.win32_1.0.100.202602081740/tools/bin/../lib/gcc/arm-none-eabi/14.3.1/thumb/v7e-m/nofp\libgcc.a(_arm_muldivdf3.o)
                0x08000500                __aeabi_dmul
                0x08000500                __muldf3
                0x08000754                __divdf3
                0x08000754                __aeabi_ddiv
 .text          0x08000924      0x110 C:/ST/STM32CubeIDE_2.1.1/STM32CubeIDE/plugins/com.st.stm32cube.ide.mcu.externaltools.gnu-tools-for-stm32.14.3.rel1.win32_1.0.100.202602081740/tools/bin/../lib/gcc/arm-none-eabi/14.3.1/thumb/v7e-m/nofp\libgcc.a(_arm_cmpdf2.o)
                0x08000924                __gtdf2
                0x08000924                __gedf2
                0x0800092c                __ltdf2
                0x0800092c                __ledf2
                0x08000934                __nedf2
                0x08000934                __eqdf2
                0x08000934                __cmpdf2
                0x080009b0                __aeabi_cdrcmple
                0x080009c0                __aeabi_cdcmpeq
                0x080009c0                __aeabi_cdcmple
                0x080009d0                __aeabi_dcmpeq
                0x080009e4                __aeabi_dcmplt
                0x080009f8                __aeabi_dcmple
                0x08000a0c                __aeabi_dcmpge
                0x08000a20                __aeabi_dcmpgt
 .text          0x08000a34      0x21c C:/ST/STM32CubeIDE_2.1.1/STM32CubeIDE/plugins/com.st.stm32cube.ide.mcu.externaltools.gnu-tools-for-stm32.14.3.rel1.win32_1.0.100.202602081740/tools/bin/../lib/gcc/arm-none-eabi/14.3.1/thumb/v7e-m/nofp\libgcc.a(_arm_addsubsf3.o)
                0x08000a34                __aeabi_frsub
                0x08000a3c                __subsf3
                0x08000a3c                __aeabi_fsub
                0x08000a40                __aeabi_fadd
                0x08000a40                __addsf3
                0x08000ba0                __aeabi_ui2f
                0x08000ba0                __floatunsisf
                0x08000ba8                __aeabi_i2f
                0x08000ba8                __floatsisf
                0x08000bc4                __aeabi_ul2f
                0x08000bc4                __floatundisf
                0x08000bd4                __aeabi_l2f
                0x08000bd4                __floatdisf
 .text          0x08000c50      0x2a0 C:/ST/STM32CubeIDE_2.1.1/STM32CubeIDE/plugins/com.st.stm32cube.ide.mcu.externaltools.gnu-tools-for-stm32.14.3.rel1.win32_1.0.100.202602081740/tools/bin/../lib/gcc/arm-none-eabi/14.3.1/thumb/v7e-m/nofp\libgcc.a(_arm_muldivsf3.o)
                0x08000c50                __mulsf3
                0x08000c50                __aeabi_fmul
                0x08000db8                __aeabi_fdiv
                0x08000db8                __divsf3
 .text          0x08000ef0       0xec C:/ST/STM32CubeIDE_2.1.1/STM32CubeIDE/plugins/com.st.stm32cube.ide.mcu.externaltools.gnu-tools-for-stm32.14.3.rel1.win32_1.0.100.202602081740/tools/bin/../lib/gcc/arm-none-eabi/14.3.1/thumb/v7e-m/nofp\libgcc.a(_arm_cmpsf2.o)
                0x08000ef0                __gesf2
                0x08000ef0                __gtsf2
                0x08000ef8                __lesf2
                0x08000ef8                __ltsf2
                0x08000f00                __nesf2
                0x08000f00                __eqsf2
                0x08000f00                __cmpsf2
                0x08000f60                __aeabi_cfrcmple
                0x08000f68                __aeabi_cfcmpeq
                0x08000f68                __aeabi_cfcmple
                0x08000f78                __aeabi_fcmpeq
                0x08000f8c                __aeabi_fcmplt
                0x08000fa0                __aeabi_fcmple
                0x08000fb4                __aeabi_fcmpge
                0x08000fc8                __aeabi_fcmpgt
 .text          0x08000fdc       0x4c C:/ST/STM32CubeIDE_2.1.1/STM32CubeIDE/plugins/com.st.stm32cube.ide.mcu.externaltools.gnu-tools-for-stm32.14.3.rel1.win32_1.0.100.202602081740/tools/bin/../lib/gcc/arm-none-eabi/14.3.1/thumb/v7e-m/nofp\libgcc.a(_arm_fixsfsi.o)
                0x08000fdc                __aeabi_f2iz
                0x08000fdc                __fixsfsi
 .text          0x08001028       0x30 C:/ST/STM32CubeIDE_2.1.1/STM32CubeIDE/plugins/com.st.stm32cube.ide.mcu.externaltools.gnu-tools-for-stm32.14.3.rel1.win32_1.0.100.202602081740/tools/bin/../lib/gcc/arm-none-eabi/14.3.1/thumb/v7e-m/nofp\libgcc.a(_aeabi_uldivmod.o)
                0x08001028                __aeabi_uldivmod
 .text          0x08001058       0x3c C:/ST/STM32CubeIDE_2.1.1/STM32CubeIDE/plugins/com.st.stm32cube.ide.mcu.externaltools.gnu-tools-for-stm32.14.3.rel1.win32_1.0.100.202602081740/tools/bin/../lib/gcc/arm-none-eabi/14.3.1/thumb/v7e-m/nofp\libgcc.a(_fixunsdfdi.o)
                0x08001058                __fixunsdfdi
                0x08001058                __aeabi_d2ulz
 .text          0x08001094      0x2f8 C:/ST/STM32CubeIDE_2.1.1/STM32CubeIDE/plugins/com.st.stm32cube.ide.mcu.externaltools.gnu-tools-for-stm32.14.3.rel1.win32_1.0.100.202602081740/tools/bin/../lib/gcc/arm-none-eabi/14.3.1/thumb/v7e-m/nofp\libgcc.a(_udivmoddi4.o)
                0x08001094                __udivmoddi4
 .text          0x0800138c        0x4 C:/ST/STM32CubeIDE_2.1.1/STM32CubeIDE/plugins/com.st.stm32cube.ide.mcu.externaltools.gnu-tools-for-stm32.14.3.rel1.win32_1.0.100.202602081740/tools/bin/../lib/gcc/arm-none-eabi/14.3.1/thumb/v7e-m/nofp\libgcc.a(_dvmd_tls.o)
                0x0800138c                __aeabi_idiv0
                0x0800138c                __aeabi_ldiv0
 .text          0x08001390       0x40 C:/ST/STM32CubeIDE_2.1.1/STM32CubeIDE/plugins/com.st.stm32cube.ide.mcu.externaltools.gnu-tools-for-stm32.14.3.rel1.win32_1.0.100.202602081740/tools/bin/../lib/gcc/arm-none-eabi/14.3.1/thumb/v7e-m/nofp\libgcc.a(_arm_fixunsdfsi.o)
                0x08001390                __aeabi_d2uiz
                0x08001390                __fixunsdfsi
 *(.text*)
 .text.STM32CubeAI_Studio_AI_Init
                0x080013d0       0x10 ./AI/App/app_x-cube-ai.o
                0x080013d0                STM32CubeAI_Studio_AI_Init
 .text.STM32CubeAI_Studio_AI_Process
                0x080013e0        0xc ./AI/App/app_x-cube-ai.o
                0x080013e0                STM32CubeAI_Studio_AI_Process
 .text._stai_mnetwork_is_valid
                0x080013ec       0x56 ./AI/App/app_x-cube-ai.o
 *fill*         0x08001442        0x2 
 .text._stai_mnetwork_handle
                0x08001444       0x60 ./AI/App/app_x-cube-ai.o
 .text._stai_mnetwork_release_handle
                0x080014a4       0x48 ./AI/App/app_x-cube-ai.o
 .text.stai_mnetwork_find
                0x080014ec       0x5c ./AI/App/app_x-cube-ai.o
                0x080014ec                stai_mnetwork_find
 .text.stai_mnetwork_init
                0x08001548       0xbc ./AI/App/app_x-cube-ai.o
                0x08001548                stai_mnetwork_init
 .text.stai_mnetwork_set_activations
                0x08001604       0x3e ./AI/App/app_x-cube-ai.o
                0x08001604                stai_mnetwork_set_activations
 .text.stai_mnetwork_set_states
                0x08001642       0x3e ./AI/App/app_x-cube-ai.o
                0x08001642                stai_mnetwork_set_states
 .text.stai_mnetwork_set_inputs
                0x08001680       0x3e ./AI/App/app_x-cube-ai.o
                0x08001680                stai_mnetwork_set_inputs
 .text.stai_mnetwork_set_outputs
                0x080016be       0x3e ./AI/App/app_x-cube-ai.o
                0x080016be                stai_mnetwork_set_outputs
 .text.stai_mnetwork_set_callback
                0x080016fc       0x3c ./AI/App/app_x-cube-ai.o
                0x080016fc                stai_mnetwork_set_callback
 .text.stai_mnetwork_get_details
                0x08001738       0x28 ./AI/App/app_x-cube-ai.o
                0x08001738                stai_mnetwork_get_details
 .text.stai_mnetwork_get_activations
                0x08001760       0x3c ./AI/App/app_x-cube-ai.o
                0x08001760                stai_mnetwork_get_activations
 .text.stai_mnetwork_get_states
                0x0800179c       0x3c ./AI/App/app_x-cube-ai.o
                0x0800179c                stai_mnetwork_get_states
 .text.stai_mnetwork_get_weights_ext
                0x080017d8       0x28 ./AI/App/app_x-cube-ai.o
                0x080017d8                stai_mnetwork_get_weights_ext
 .text.stai_mnetwork_get_inputs
                0x08001800       0x3c ./AI/App/app_x-cube-ai.o
                0x08001800                stai_mnetwork_get_inputs
 .text.stai_mnetwork_get_outputs
                0x0800183c       0x3c ./AI/App/app_x-cube-ai.o
                0x0800183c                stai_mnetwork_get_outputs
 .text.stai_mnetwork_deinit
                0x08001878       0x42 ./AI/App/app_x-cube-ai.o
                0x08001878                stai_mnetwork_deinit
 .text.stai_mnetwork_get_info
                0x080018ba       0x3c ./AI/App/app_x-cube-ai.o
                0x080018ba                stai_mnetwork_get_info
 .text.stai_mnetwork_run
                0x080018f6       0x3a ./AI/App/app_x-cube-ai.o
                0x080018f6                stai_mnetwork_run
 .text._stai_network_check
                0x08001930      0x106 ./AI/App/network.o
 *fill*         0x08001a36        0x2 
 .text.stai_network_init
                0x08001a38       0x60 ./AI/App/network.o
                0x08001a38                stai_network_init
 .text.stai_network_deinit
                0x08001a98       0x64 ./AI/App/network.o
                0x08001a98                stai_network_deinit
 .text.forward_lite_slice_slice_0
                0x08001afc       0xac ./AI/App/network.o
                0x08001afc                forward_lite_slice_slice_0
 .text.forward_lite_concat_concat_9
                0x08001ba8       0xcc ./AI/App/network.o
                0x08001ba8                forward_lite_concat_concat_9
 .text.stai_network_run
                0x08001c74      0xdb4 ./AI/App/network.o
                0x08001c74                stai_network_run
 .text.stai_network_get_context_size
                0x08002a28        0xe ./AI/App/network.o
                0x08002a28                stai_network_get_context_size
 *fill*         0x08002a36        0x2 
 .text.stai_network_get_info
                0x08002a38       0xa8 ./AI/App/network.o
                0x08002a38                stai_network_get_info
 .text.stai_network_get_activations
                0x08002ae0       0xcc ./AI/App/network.o
                0x08002ae0                stai_network_get_activations
 .text.stai_network_get_weights
                0x08002bac       0xcc ./AI/App/network.o
                0x08002bac                stai_network_get_weights
 .text.stai_network_get_inputs
                0x08002c78       0xcc ./AI/App/network.o
                0x08002c78                stai_network_get_inputs
 .text.stai_network_get_outputs
                0x08002d44       0xcc ./AI/App/network.o
                0x08002d44                stai_network_get_outputs
 .text.stai_network_get_error
                0x08002e10       0x5c ./AI/App/network.o
                0x08002e10                stai_network_get_error
 .text.stai_network_get_states
                0x08002e6c       0xa0 ./AI/App/network.o
                0x08002e6c                stai_network_get_states
 .text.stai_network_set_activations
                0x08002f0c      0x1ac ./AI/App/network.o
                0x08002f0c                stai_network_set_activations
 .text.stai_network_set_weights
                0x080030b8      0x198 ./AI/App/network.o
                0x080030b8                stai_network_set_weights
 .text.stai_network_set_inputs
                0x08003250      0x198 ./AI/App/network.o
                0x08003250                stai_network_set_inputs
 .text.stai_network_set_outputs
                0x080033e8      0x19c ./AI/App/network.o
                0x080033e8                stai_network_set_outputs
 .text.stai_network_set_states
                0x08003584       0x64 ./AI/App/network.o
                0x08003584                stai_network_set_states
 .text.stai_network_set_callback
                0x080035e8       0x6c ./AI/App/network.o
                0x080035e8                stai_network_set_callback
 .text.user_stai_network_init
                0x08003654       0x24 ./AI/App/user_init.o
                0x08003654                user_stai_network_init
 .text.LL_AHB2_GRP1_EnableClock
                0x08003678       0x30 ./Application/User/Core/main.o
 .text.main     0x080036a8       0x1a ./Application/User/Core/main.o
                0x080036a8                main
 *fill*         0x080036c2        0x2 
 .text.SystemClock_Config
                0x080036c4       0xc0 ./Application/User/Core/main.o
                0x080036c4                SystemClock_Config
 .text.MX_LPUART1_UART_Init
                0x08003784       0x98 ./Application/User/Core/main.o
                0x08003784                MX_LPUART1_UART_Init
 .text.MX_GPIO_Init
                0x0800381c       0x14 ./Application/User/Core/main.o
 .text.Error_Handler
                0x08003830        0xc ./Application/User/Core/main.o
                0x08003830                Error_Handler
 .text.LL_AHB2_GRP1_EnableClock
                0x0800383c       0x30 ./Application/User/Core/stm32wlxx_hal_msp.o
 .text.LL_APB1_GRP2_EnableClock
                0x0800386c       0x30 ./Application/User/Core/stm32wlxx_hal_msp.o
 .text.HAL_MspInit
                0x0800389c        0xc ./Application/User/Core/stm32wlxx_hal_msp.o
                0x0800389c                HAL_MspInit
 .text.HAL_UART_MspInit
                0x080038a8       0xa8 ./Application/User/Core/stm32wlxx_hal_msp.o
                0x080038a8                HAL_UART_MspInit
 .text.NMI_Handler
                0x08003950        0x8 ./Application/User/Core/stm32wlxx_it.o
                0x08003950                NMI_Handler
 .text.HardFault_Handler
                0x08003958        0x8 ./Application/User/Core/stm32wlxx_it.o
                0x08003958                HardFault_Handler
 .text.MemManage_Handler
                0x08003960        0x8 ./Application/User/Core/stm32wlxx_it.o
                0x08003960                MemManage_Handler
 .text.BusFault_Handler
                0x08003968        0x8 ./Application/User/Core/stm32wlxx_it.o
                0x08003968                BusFault_Handler
 .text.UsageFault_Handler
                0x08003970        0x8 ./Application/User/Core/stm32wlxx_it.o
                0x08003970                UsageFault_Handler
 .text.SVC_Handler
                0x08003978        0xc ./Application/User/Core/stm32wlxx_it.o
                0x08003978                SVC_Handler
 .text.DebugMon_Handler
                0x08003984        0xc ./Application/User/Core/stm32wlxx_it.o
                0x08003984                DebugMon_Handler
 .text.PendSV_Handler
                0x08003990        0xc ./Application/User/Core/stm32wlxx_it.o
                0x08003990                PendSV_Handler
 .text.SysTick_Handler
                0x0800399c        0xc ./Application/User/Core/stm32wlxx_it.o
                0x0800399c                SysTick_Handler
 .text._sbrk    0x080039a8       0x6c ./Application/User/Core/sysmem.o
                0x080039a8                _sbrk
 .text.Reset_Handler
                0x08003a14       0x50 ./Application/User/Startup/startup_stm32wle5jcix.o
                0x08003a14                Reset_Handler
 .text.Default_Handler
                0x08003a64        0x2 ./Application/User/Startup/startup_stm32wle5jcix.o
                0x08003a64                RTC_Alarm_IRQHandler
                0x08003a64                EXTI2_IRQHandler
                0x08003a64                TIM1_CC_IRQHandler
                0x08003a64                EXTI3_IRQHandler
                0x08003a64                LPTIM2_IRQHandler
                0x08003a64                I2C3_ER_IRQHandler
                0x08003a64                LPTIM3_IRQHandler
                0x08003a64                EXTI0_IRQHandler
                0x08003a64                I2C2_EV_IRQHandler
                0x08003a64                TAMP_STAMP_LSECSS_SSRU_IRQHandler
                0x08003a64                SPI1_IRQHandler
                0x08003a64                DMA2_Channel2_IRQHandler
                0x08003a64                DMA1_Channel4_IRQHandler
                0x08003a64                PKA_IRQHandler
                0x08003a64                TIM17_IRQHandler
                0x08003a64                DMA1_Channel7_IRQHandler
                0x08003a64                SUBGHZSPI_IRQHandler
                0x08003a64                DMA2_Channel1_IRQHandler
                0x08003a64                I2C1_EV_IRQHandler
                0x08003a64                SUBGHZ_Radio_IRQHandler
                0x08003a64                DMAMUX1_OVR_IRQHandler
                0x08003a64                DMA1_Channel6_IRQHandler
                0x08003a64                TIM16_IRQHandler
                0x08003a64                DMA2_Channel4_IRQHandler
                0x08003a64                RCC_IRQHandler
                0x08003a64                TIM1_TRG_COM_IRQHandler
                0x08003a64                DMA1_Channel1_IRQHandler
                0x08003a64                Default_Handler
                0x08003a64                DMA2_Channel7_IRQHandler
                0x08003a64                EXTI15_10_IRQHandler
                0x08003a64                ADC_IRQHandler
                0x08003a64                I2C3_EV_IRQHandler
                0x08003a64                EXTI9_5_IRQHandler
                0x08003a64                RTC_WKUP_IRQHandler
                0x08003a64                PVD_PVM_IRQHandler
                0x08003a64                SPI2_IRQHandler
                0x08003a64                DMA2_Channel5_IRQHandler
                0x08003a64                DMA1_Channel5_IRQHandler
                0x08003a64                EXTI4_IRQHandler
                0x08003a64                RNG_IRQHandler
                0x08003a64                DMA1_Channel3_IRQHandler
                0x08003a64                COMP_IRQHandler
                0x08003a64                HSEM_IRQHandler
                0x08003a64                TIM1_UP_IRQHandler
                0x08003a64                WWDG_IRQHandler
                0x08003a64                LPUART1_IRQHandler
                0x08003a64                DMA2_Channel6_IRQHandler
                0x08003a64                TIM2_IRQHandler
                0x08003a64                TIM1_BRK_IRQHandler
                0x08003a64                DAC_IRQHandler
                0x08003a64                EXTI1_IRQHandler
                0x08003a64                AES_IRQHandler
                0x08003a64                USART2_IRQHandler
                0x08003a64                I2C2_ER_IRQHandler
                0x08003a64                DMA1_Channel2_IRQHandler
                0x08003a64                FLASH_IRQHandler
                0x08003a64                USART1_IRQHandler
                0x08003a64                I2C1_ER_IRQHandler
                0x08003a64                LPTIM1_IRQHandler
                0x08003a64                DMA2_Channel3_IRQHandler
 .text.SystemInit
                0x08003a66        0xc ./Drivers/CMSIS/system_stm32wlxx.o
                0x08003a66                SystemInit
 *fill*         0x08003a72        0x2 
 .text.LL_DBGMCU_GetDeviceID
                0x08003a74       0x18 ./Drivers/STM32WLxx_HAL_Driver/stm32wlxx_hal.o
 .text.LL_DBGMCU_GetRevisionID
                0x08003a8c       0x18 ./Drivers/STM32WLxx_HAL_Driver/stm32wlxx_hal.o
 .text.HAL_Init
                0x08003aa4       0x40 ./Drivers/STM32WLxx_HAL_Driver/stm32wlxx_hal.o
                0x08003aa4                HAL_Init
 .text.HAL_InitTick
                0x08003ae4       0x74 ./Drivers/STM32WLxx_HAL_Driver/stm32wlxx_hal.o
                0x08003ae4                HAL_InitTick
 .text.HAL_IncTick
                0x08003b58       0x24 ./Drivers/STM32WLxx_HAL_Driver/stm32wlxx_hal.o
                0x08003b58                HAL_IncTick
 .text.HAL_GetTick
                0x08003b7c       0x14 ./Drivers/STM32WLxx_HAL_Driver/stm32wlxx_hal.o
                0x08003b7c                HAL_GetTick
 .text.HAL_Delay
                0x08003b90       0x48 ./Drivers/STM32WLxx_HAL_Driver/stm32wlxx_hal.o
                0x08003b90                HAL_Delay
 .text.HAL_GetHalVersion
                0x08003bd8       0x14 ./Drivers/STM32WLxx_HAL_Driver/stm32wlxx_hal.o
                0x08003bd8                HAL_GetHalVersion
 .text.HAL_GetREVID
                0x08003bec        0xe ./Drivers/STM32WLxx_HAL_Driver/stm32wlxx_hal.o
                0x08003bec                HAL_GetREVID
 .text.HAL_GetDEVID
                0x08003bfa        0xe ./Drivers/STM32WLxx_HAL_Driver/stm32wlxx_hal.o
                0x08003bfa                HAL_GetDEVID
 .text.__NVIC_SetPriorityGrouping
                0x08003c08       0x48 ./Drivers/STM32WLxx_HAL_Driver/stm32wlxx_hal_cortex.o
 .text.__NVIC_GetPriorityGrouping
                0x08003c50       0x1c ./Drivers/STM32WLxx_HAL_Driver/stm32wlxx_hal_cortex.o
 .text.__NVIC_SetPriority
                0x08003c6c       0x54 ./Drivers/STM32WLxx_HAL_Driver/stm32wlxx_hal_cortex.o
 .text.NVIC_EncodePriority
                0x08003cc0       0x64 ./Drivers/STM32WLxx_HAL_Driver/stm32wlxx_hal_cortex.o
 .text.SysTick_Config
                0x08003d24       0x44 ./Drivers/STM32WLxx_HAL_Driver/stm32wlxx_hal_cortex.o
 .text.HAL_NVIC_SetPriorityGrouping
                0x08003d68       0x16 ./Drivers/STM32WLxx_HAL_Driver/stm32wlxx_hal_cortex.o
                0x08003d68                HAL_NVIC_SetPriorityGrouping
 .text.HAL_NVIC_SetPriority
                0x08003d7e       0x34 ./Drivers/STM32WLxx_HAL_Driver/stm32wlxx_hal_cortex.o
                0x08003d7e                HAL_NVIC_SetPriority
 .text.HAL_SYSTICK_Config
                0x08003db2       0x18 ./Drivers/STM32WLxx_HAL_Driver/stm32wlxx_hal_cortex.o
                0x08003db2                HAL_SYSTICK_Config
 *fill*         0x08003dca        0x2 
 .text.HAL_GPIO_Init
                0x08003dcc      0x2c0 ./Drivers/STM32WLxx_HAL_Driver/stm32wlxx_hal_gpio.o
                0x08003dcc                HAL_GPIO_Init
 .text.HAL_PWR_EnableBkUpAccess
                0x0800408c       0x1c ./Drivers/STM32WLxx_HAL_Driver/stm32wlxx_hal_pwr.o
                0x0800408c                HAL_PWR_EnableBkUpAccess
 .text.HAL_PWREx_GetVoltageRange
                0x080040a8       0x18 ./Drivers/STM32WLxx_HAL_Driver/stm32wlxx_hal_pwr_ex.o
                0x080040a8                HAL_PWREx_GetVoltageRange
 .text.LL_PWR_IsEnabledBkUpAccess
                0x080040c0       0x24 ./Drivers/STM32WLxx_HAL_Driver/stm32wlxx_hal_rcc.o
 .text.LL_RCC_HSE_EnableTcxo
                0x080040e4       0x1c ./Drivers/STM32WLxx_HAL_Driver/stm32wlxx_hal_rcc.o
 .text.LL_RCC_HSE_DisableTcxo
                0x08004100       0x1c ./Drivers/STM32WLxx_HAL_Driver/stm32wlxx_hal_rcc.o
 .text.LL_RCC_HSE_IsEnabledDiv2
                0x0800411c       0x22 ./Drivers/STM32WLxx_HAL_Driver/stm32wlxx_hal_rcc.o
 .text.LL_RCC_HSE_Enable
                0x0800413e       0x1c ./Drivers/STM32WLxx_HAL_Driver/stm32wlxx_hal_rcc.o
 .text.LL_RCC_HSE_Disable
                0x0800415a       0x1c ./Drivers/STM32WLxx_HAL_Driver/stm32wlxx_hal_rcc.o
 .text.LL_RCC_HSE_IsReady
                0x08004176       0x22 ./Drivers/STM32WLxx_HAL_Driver/stm32wlxx_hal_rcc.o
 .text.LL_RCC_HSI_Enable
                0x08004198       0x1c ./Drivers/STM32WLxx_HAL_Driver/stm32wlxx_hal_rcc.o
 .text.LL_RCC_HSI_Disable
                0x080041b4       0x1c ./Drivers/STM32WLxx_HAL_Driver/stm32wlxx_hal_rcc.o
 .text.LL_RCC_HSI_IsReady
                0x080041d0       0x22 ./Drivers/STM32WLxx_HAL_Driver/stm32wlxx_hal_rcc.o
 .text.LL_RCC_HSI_SetCalibTrimming
                0x080041f2       0x28 ./Drivers/STM32WLxx_HAL_Driver/stm32wlxx_hal_rcc.o
 .text.LL_RCC_LSE_IsReady
                0x0800421a       0x22 ./Drivers/STM32WLxx_HAL_Driver/stm32wlxx_hal_rcc.o
 .text.LL_RCC_LSI_Enable
                0x0800423c       0x20 ./Drivers/STM32WLxx_HAL_Driver/stm32wlxx_hal_rcc.o
 .text.LL_RCC_LSI_Disable
                0x0800425c       0x20 ./Drivers/STM32WLxx_HAL_Driver/stm32wlxx_hal_rcc.o
 .text.LL_RCC_LSI_IsReady
                0x0800427c       0x22 ./Drivers/STM32WLxx_HAL_Driver/stm32wlxx_hal_rcc.o
 .text.LL_RCC_MSI_Enable
                0x0800429e       0x1c ./Drivers/STM32WLxx_HAL_Driver/stm32wlxx_hal_rcc.o
 .text.LL_RCC_MSI_Disable
                0x080042ba       0x1c ./Drivers/STM32WLxx_HAL_Driver/stm32wlxx_hal_rcc.o
 .text.LL_RCC_MSI_IsReady
                0x080042d6       0x20 ./Drivers/STM32WLxx_HAL_Driver/stm32wlxx_hal_rcc.o
 .text.LL_RCC_MSI_IsEnabledRangeSelect
                0x080042f6       0x20 ./Drivers/STM32WLxx_HAL_Driver/stm32wlxx_hal_rcc.o
 .text.LL_RCC_MSI_GetRange
                0x08004316       0x16 ./Drivers/STM32WLxx_HAL_Driver/stm32wlxx_hal_rcc.o
 .text.LL_RCC_MSI_GetRangeAfterStandby
                0x0800432c       0x18 ./Drivers/STM32WLxx_HAL_Driver/stm32wlxx_hal_rcc.o
 .text.LL_RCC_MSI_SetCalibTrimming
                0x08004344       0x28 ./Drivers/STM32WLxx_HAL_Driver/stm32wlxx_hal_rcc.o
 .text.LL_RCC_SetSysClkSource
                0x0800436c       0x26 ./Drivers/STM32WLxx_HAL_Driver/stm32wlxx_hal_rcc.o
 .text.LL_RCC_GetSysClkSource
                0x08004392       0x16 ./Drivers/STM32WLxx_HAL_Driver/stm32wlxx_hal_rcc.o
 .text.LL_RCC_SetAHBPrescaler
                0x080043a8       0x26 ./Drivers/STM32WLxx_HAL_Driver/stm32wlxx_hal_rcc.o
 .text.LL_RCC_SetAHB3Prescaler
                0x080043ce       0x2c ./Drivers/STM32WLxx_HAL_Driver/stm32wlxx_hal_rcc.o
 .text.LL_RCC_SetAPB1Prescaler
                0x080043fa       0x26 ./Drivers/STM32WLxx_HAL_Driver/stm32wlxx_hal_rcc.o
 .text.LL_RCC_SetAPB2Prescaler
                0x08004420       0x26 ./Drivers/STM32WLxx_HAL_Driver/stm32wlxx_hal_rcc.o
 .text.LL_RCC_GetAHBPrescaler
                0x08004446       0x16 ./Drivers/STM32WLxx_HAL_Driver/stm32wlxx_hal_rcc.o
 .text.LL_RCC_GetAHB3Prescaler
                0x0800445c       0x1a ./Drivers/STM32WLxx_HAL_Driver/stm32wlxx_hal_rcc.o
 .text.LL_RCC_GetAPB1Prescaler
                0x08004476       0x16 ./Drivers/STM32WLxx_HAL_Driver/stm32wlxx_hal_rcc.o
 .text.LL_RCC_GetAPB2Prescaler
                0x0800448c       0x16 ./Drivers/STM32WLxx_HAL_Driver/stm32wlxx_hal_rcc.o
 .text.LL_RCC_PLL_Enable
                0x080044a2       0x1c ./Drivers/STM32WLxx_HAL_Driver/stm32wlxx_hal_rcc.o
 .text.LL_RCC_PLL_Disable
                0x080044be       0x1c ./Drivers/STM32WLxx_HAL_Driver/stm32wlxx_hal_rcc.o
 .text.LL_RCC_PLL_IsReady
                0x080044da       0x22 ./Drivers/STM32WLxx_HAL_Driver/stm32wlxx_hal_rcc.o
 .text.LL_RCC_PLL_GetN
                0x080044fc       0x18 ./Drivers/STM32WLxx_HAL_Driver/stm32wlxx_hal_rcc.o
 .text.LL_RCC_PLL_GetR
                0x08004514       0x16 ./Drivers/STM32WLxx_HAL_Driver/stm32wlxx_hal_rcc.o
 .text.LL_RCC_PLL_GetDivider
                0x0800452a       0x16 ./Drivers/STM32WLxx_HAL_Driver/stm32wlxx_hal_rcc.o
 .text.LL_RCC_PLL_GetMainSource
                0x08004540       0x16 ./Drivers/STM32WLxx_HAL_Driver/stm32wlxx_hal_rcc.o
 .text.LL_RCC_IsActiveFlag_HPRE
                0x08004556       0x22 ./Drivers/STM32WLxx_HAL_Driver/stm32wlxx_hal_rcc.o
 .text.LL_RCC_IsActiveFlag_SHDHPRE
                0x08004578       0x24 ./Drivers/STM32WLxx_HAL_Driver/stm32wlxx_hal_rcc.o
 .text.LL_RCC_IsActiveFlag_PPRE1
                0x0800459c       0x22 ./Drivers/STM32WLxx_HAL_Driver/stm32wlxx_hal_rcc.o
 .text.LL_RCC_IsActiveFlag_PPRE2
                0x080045be       0x22 ./Drivers/STM32WLxx_HAL_Driver/stm32wlxx_hal_rcc.o
 .text.HAL_RCC_OscConfig
                0x080045e0      0x704 ./Drivers/STM32WLxx_HAL_Driver/stm32wlxx_hal_rcc.o
                0x080045e0                HAL_RCC_OscConfig
 .text.HAL_RCC_ClockConfig
                0x08004ce4      0x248 ./Drivers/STM32WLxx_HAL_Driver/stm32wlxx_hal_rcc.o
                0x08004ce4                HAL_RCC_ClockConfig
 .text.HAL_RCC_GetSysClockFreq
                0x08004f2c      0x140 ./Drivers/STM32WLxx_HAL_Driver/stm32wlxx_hal_rcc.o
                0x08004f2c                HAL_RCC_GetSysClockFreq
 .text.HAL_RCC_GetHCLKFreq
                0x0800506c       0x28 ./Drivers/STM32WLxx_HAL_Driver/stm32wlxx_hal_rcc.o
                0x0800506c                HAL_RCC_GetHCLKFreq
 .text.HAL_RCC_GetPCLK1Freq
                0x08005094       0x24 ./Drivers/STM32WLxx_HAL_Driver/stm32wlxx_hal_rcc.o
                0x08005094                HAL_RCC_GetPCLK1Freq
 .text.HAL_RCC_GetPCLK2Freq
                0x080050b8       0x24 ./Drivers/STM32WLxx_HAL_Driver/stm32wlxx_hal_rcc.o
                0x080050b8                HAL_RCC_GetPCLK2Freq
 .text.RCC_SetFlashLatencyFromMSIRange
                0x080050dc       0x60 ./Drivers/STM32WLxx_HAL_Driver/stm32wlxx_hal_rcc.o
 .text.RCC_SetFlashLatency
                0x0800513c      0x104 ./Drivers/STM32WLxx_HAL_Driver/stm32wlxx_hal_rcc.o
 .text.LL_RCC_LSE_IsReady
                0x08005240       0x22 ./Drivers/STM32WLxx_HAL_Driver/stm32wlxx_hal_rcc_ex.o
 .text.LL_RCC_SetUSARTClockSource
                0x08005262       0x30 ./Drivers/STM32WLxx_HAL_Driver/stm32wlxx_hal_rcc_ex.o
 .text.LL_RCC_SetI2SClockSource
                0x08005292       0x2a ./Drivers/STM32WLxx_HAL_Driver/stm32wlxx_hal_rcc_ex.o
 .text.LL_RCC_SetLPUARTClockSource
                0x080052bc       0x2a ./Drivers/STM32WLxx_HAL_Driver/stm32wlxx_hal_rcc_ex.o
 .text.LL_RCC_SetI2CClockSource
                0x080052e6       0x38 ./Drivers/STM32WLxx_HAL_Driver/stm32wlxx_hal_rcc_ex.o
 .text.LL_RCC_SetLPTIMClockSource
                0x0800531e       0x32 ./Drivers/STM32WLxx_HAL_Driver/stm32wlxx_hal_rcc_ex.o
 .text.LL_RCC_SetRNGClockSource
                0x08005350       0x2a ./Drivers/STM32WLxx_HAL_Driver/stm32wlxx_hal_rcc_ex.o
 .text.LL_RCC_SetADCClockSource
                0x0800537a       0x2a ./Drivers/STM32WLxx_HAL_Driver/stm32wlxx_hal_rcc_ex.o
 .text.LL_RCC_SetRTCClockSource
                0x080053a4       0x2a ./Drivers/STM32WLxx_HAL_Driver/stm32wlxx_hal_rcc_ex.o
 .text.LL_RCC_GetRTCClockSource
                0x080053ce       0x18 ./Drivers/STM32WLxx_HAL_Driver/stm32wlxx_hal_rcc_ex.o
 .text.LL_RCC_ForceBackupDomainReset
                0x080053e6       0x20 ./Drivers/STM32WLxx_HAL_Driver/stm32wlxx_hal_rcc_ex.o
 .text.LL_RCC_ReleaseBackupDomainReset
                0x08005406       0x20 ./Drivers/STM32WLxx_HAL_Driver/stm32wlxx_hal_rcc_ex.o
 *fill*         0x08005426        0x2 
 .text.HAL_RCCEx_PeriphCLKConfig
                0x08005428      0x234 ./Drivers/STM32WLxx_HAL_Driver/stm32wlxx_hal_rcc_ex.o
                0x08005428                HAL_RCCEx_PeriphCLKConfig
 .text.LL_RCC_GetUSARTClockSource
                0x0800565c       0x24 ./Drivers/STM32WLxx_HAL_Driver/stm32wlxx_hal_uart.o
 .text.LL_RCC_GetLPUARTClockSource
                0x08005680       0x1e ./Drivers/STM32WLxx_HAL_Driver/stm32wlxx_hal_uart.o
 .text.HAL_UART_Init
                0x0800569e       0xa0 ./Drivers/STM32WLxx_HAL_Driver/stm32wlxx_hal_uart.o
                0x0800569e                HAL_UART_Init
 .text.HAL_UART_Transmit
                0x0800573e      0x132 ./Drivers/STM32WLxx_HAL_Driver/stm32wlxx_hal_uart.o
                0x0800573e                HAL_UART_Transmit
 .text.HAL_UART_Receive
                0x08005870      0x1a0 ./Drivers/STM32WLxx_HAL_Driver/stm32wlxx_hal_uart.o
                0x08005870                HAL_UART_Receive
 .text.UART_SetConfig
                0x08005a10      0x4e8 ./Drivers/STM32WLxx_HAL_Driver/stm32wlxx_hal_uart.o
                0x08005a10                UART_SetConfig
 .text.UART_AdvFeatureConfig
                0x08005ef8      0x142 ./Drivers/STM32WLxx_HAL_Driver/stm32wlxx_hal_uart.o
                0x08005ef8                UART_AdvFeatureConfig
 .text.UART_CheckIdleState
                0x0800603a      0x154 ./Drivers/STM32WLxx_HAL_Driver/stm32wlxx_hal_uart.o
                0x0800603a                UART_CheckIdleState
 .text.UART_WaitOnFlagUntilTimeout
                0x0800618e       0xda ./Drivers/STM32WLxx_HAL_Driver/stm32wlxx_hal_uart.o
                0x0800618e                UART_WaitOnFlagUntilTimeout
 .text.UART_EndRxTransfer
                0x08006268       0xca ./Drivers/STM32WLxx_HAL_Driver/stm32wlxx_hal_uart.o
 .text.HAL_UARTEx_DisableFifoMode
                0x08006332       0x70 ./Drivers/STM32WLxx_HAL_Driver/stm32wlxx_hal_uart_ex.o
                0x08006332                HAL_UARTEx_DisableFifoMode
 .text.HAL_UARTEx_SetTxFifoThreshold
                0x080063a2       0x7c ./Drivers/STM32WLxx_HAL_Driver/stm32wlxx_hal_uart_ex.o
                0x080063a2                HAL_UARTEx_SetTxFifoThreshold
 .text.HAL_UARTEx_SetRxFifoThreshold
                0x0800641e       0x7c ./Drivers/STM32WLxx_HAL_Driver/stm32wlxx_hal_uart_ex.o
                0x0800641e                HAL_UARTEx_SetRxFifoThreshold
 *fill*         0x0800649a        0x2 
 .text.UARTEx_SetNbDataToProcess
                0x0800649c       0x98 ./Drivers/STM32WLxx_HAL_Driver/stm32wlxx_hal_uart_ex.o
 .text.stai_platform_version
                0x08006534       0x78 ./Middlewares/ST/AI/Misc/Src/aiTestHelper_ST_AI.o
                0x08006534                stai_platform_version
 .text.stai_log_err
                0x080065ac       0x34 ./Middlewares/ST/AI/Misc/Src/aiTestHelper_ST_AI.o
                0x080065ac                stai_log_err
 .text.stai_log_data_type
                0x080065e0       0xbc ./Middlewares/ST/AI/Misc/Src/aiTestHelper_ST_AI.o
 .text.stai_log_io_tensor
                0x0800669c       0xfc ./Middlewares/ST/AI/Misc/Src/aiTestHelper_ST_AI.o
 .text._stai_log_tensor_data
                0x08006798       0x38 ./Middlewares/ST/AI/Misc/Src/aiTestHelper_ST_AI.o
 .text.stai_log_network_info
                0x080067d0      0x338 ./Middlewares/ST/AI/Misc/Src/aiTestHelper_ST_AI.o
                0x080067d0                stai_log_network_info
 .text.port_io_write
                0x08006b08       0x38 ./Middlewares/ST/AI/Misc/Src/aiTestUtility.o
 .text.port_io_read
                0x08006b40       0x38 ./Middlewares/ST/AI/Misc/Src/aiTestUtility.o
 .text.ioRawWriteBuffer
                0x08006b78       0x1c ./Middlewares/ST/AI/Misc/Src/aiTestUtility.o
                0x08006b78                ioRawWriteBuffer
 .text.ioRawReadBuffer
                0x08006b94       0x1c ./Middlewares/ST/AI/Misc/Src/aiTestUtility.o
                0x08006b94                ioRawReadBuffer
 .text.ioRawDisableLLWrite
                0x08006bb0       0x18 ./Middlewares/ST/AI/Misc/Src/aiTestUtility.o
                0x08006bb0                ioRawDisableLLWrite
 .text.uint64ToDecimal
                0x08006bc8       0x80 ./Middlewares/ST/AI/Misc/Src/aiTestUtility.o
                0x08006bc8                uint64ToDecimal
 .text.uint32_to_str
                0x08006c48       0x8a ./Middlewares/ST/AI/Misc/Src/aiTestUtility.o
                0x08006c48                uint32_to_str
 *fill*         0x08006cd2        0x2 
 .text._put_c_driver
                0x08006cd4       0x2c ./Middlewares/ST/AI/Misc/Src/aiTestUtility.o
 .text.lc_print
                0x08006d00       0x2c ./Middlewares/ST/AI/Misc/Src/aiTestUtility.o
                0x08006d00                lc_print
 .text._put_c_buffer_cb
                0x08006d2c       0x4e ./Middlewares/ST/AI/Misc/Src/aiTestUtility.o
 *fill*         0x08006d7a        0x2 
 .text.lc_vsnprint
                0x08006d7c       0x38 ./Middlewares/ST/AI/Misc/Src/aiTestUtility.o
                0x08006d7c                lc_vsnprint
 .text.stackMonInit
                0x08006db4       0xac ./Middlewares/ST/AI/Misc/Src/aiTestUtility.o
                0x08006db4                stackMonInit
 .text.dwtCyclesToTime
                0x08006e60      0x362 ./Middlewares/ST/AI/Misc/Src/aiTestUtility.o
                0x08006e60                dwtCyclesToTime
 *fill*         0x080071c2        0x2 
 .text.dwtCyclesToFloatMs
                0x080071c4       0x48 ./Middlewares/ST/AI/Misc/Src/aiTestUtility.o
                0x080071c4                dwtCyclesToFloatMs
 .text.devIdToStr
                0x0800720c       0x34 ./Middlewares/ST/AI/Misc/Src/aiTestUtility.o
 .text.getSysConf
                0x08007240       0x4a ./Middlewares/ST/AI/Misc/Src/aiTestUtility.o
                0x08007240                getSysConf
 .text.getFlashCacheConf
                0x0800728a       0x16 ./Middlewares/ST/AI/Misc/Src/aiTestUtility.o
                0x0800728a                getFlashCacheConf
 .text.systemSettingLog
                0x080072a0       0xac ./Middlewares/ST/AI/Misc/Src/aiTestUtility.o
                0x080072a0                systemSettingLog
 .text.port_dwt_init_imp
                0x0800734c       0x34 ./Middlewares/ST/AI/Misc/Src/ai_device_adaptor.o
                0x0800734c                port_dwt_init_imp
 .text._write_string
                0x08007380       0xd2 ./Middlewares/ST/AI/Misc/Src/lc_print.o
 .text._write_number
                0x08007452      0x228 ./Middlewares/ST/AI/Misc/Src/lc_print.o
 *fill*         0x0800767a        0x2 
 .text._write_double
                0x0800767c      0x284 ./Middlewares/ST/AI/Misc/Src/lc_print.o
 .text._getChar
                0x08007900       0x1e ./Middlewares/ST/AI/Misc/Src/lc_print.o
 *fill*         0x0800791e        0x2 
 .text.vlc_print
                0x08007920      0x4c0 ./Middlewares/ST/AI/Misc/Src/lc_print.o
                0x08007920                vlc_print
 .text.pb_io_reset_packet_size
                0x08007de0       0x18 ./Middlewares/ST/AI/Validation/Src/aiPbIO.o
                0x08007de0                pb_io_reset_packet_size
 .text.write_packet
                0x08007df8       0x20 ./Middlewares/ST/AI/Validation/Src/aiPbIO.o
 .text.pb_io_flush_ostream
                0x08007e18       0x4c ./Middlewares/ST/AI/Validation/Src/aiPbIO.o
                0x08007e18                pb_io_flush_ostream
 .text.write_callback
                0x08007e64       0xa4 ./Middlewares/ST/AI/Validation/Src/aiPbIO.o
 .text.read_packet
                0x08007f08       0x58 ./Middlewares/ST/AI/Validation/Src/aiPbIO.o
 .text.pb_io_flush_istream
                0x08007f60       0x24 ./Middlewares/ST/AI/Validation/Src/aiPbIO.o
                0x08007f60                pb_io_flush_istream
 .text.read_callback
                0x08007f84       0xbc ./Middlewares/ST/AI/Validation/Src/aiPbIO.o
 .text.pb_io_ostream
                0x08008040       0x38 ./Middlewares/ST/AI/Validation/Src/aiPbIO.o
                0x08008040                pb_io_ostream
 .text.pb_io_istream
                0x08008078       0x38 ./Middlewares/ST/AI/Validation/Src/aiPbIO.o
                0x08008078                pb_io_istream
 .text.pb_io_stream_init
                0x080080b0        0xe ./Middlewares/ST/AI/Validation/Src/aiPbIO.o
                0x080080b0                pb_io_stream_init
 *fill*         0x080080be        0x2 
 .text.aiPbMgrInit
                0x080080c0       0x90 ./Middlewares/ST/AI/Validation/Src/aiPbMgr.o
                0x080080c0                aiPbMgrInit
 .text.aiPbMgrWaitAndProcess
                0x08008150       0xac ./Middlewares/ST/AI/Validation/Src/aiPbMgr.o
                0x08008150                aiPbMgrWaitAndProcess
 .text.aiPbStrCopy
                0x080081fc       0x78 ./Middlewares/ST/AI/Validation/Src/aiPbMgr.o
                0x080081fc                aiPbStrCopy
 .text.encode_uint32
                0x08008274       0xae ./Middlewares/ST/AI/Validation/Src/aiPbMgr.o
                0x08008274                encode_uint32
 *fill*         0x08008322        0x2 
 .text.encode_tensor_desc
                0x08008324       0xb0 ./Middlewares/ST/AI/Validation/Src/aiPbMgr.o
                0x08008324                encode_tensor_desc
 .text.decode_data_cb
                0x080083d4       0x8a ./Middlewares/ST/AI/Validation/Src/aiPbMgr.o
 .text.encode_data_cb
                0x0800845e       0x58 ./Middlewares/ST/AI/Validation/Src/aiPbMgr.o
                0x0800845e                encode_data_cb
 *fill*         0x080084b6        0x2 
 .text.aiPbMgrSendResp
                0x080084b8       0x3c ./Middlewares/ST/AI/Validation/Src/aiPbMgr.o
                0x080084b8                aiPbMgrSendResp
 .text.aiPbMgrSendAck
                0x080084f4       0x36 ./Middlewares/ST/AI/Validation/Src/aiPbMgr.o
                0x080084f4                aiPbMgrSendAck
 *fill*         0x0800852a        0x2 
 .text.aiPbMgrWaitAck
                0x0800852c       0x34 ./Middlewares/ST/AI/Validation/Src/aiPbMgr.o
                0x0800852c                aiPbMgrWaitAck
 .text.aiPbMgrSendLogV2
                0x08008560       0x80 ./Middlewares/ST/AI/Validation/Src/aiPbMgr.o
                0x08008560                aiPbMgrSendLogV2
 .text.aiPbMgrReceiveData
                0x080085e0       0x44 ./Middlewares/ST/AI/Validation/Src/aiPbMgr.o
                0x080085e0                aiPbMgrReceiveData
 .text.aiPbMgrSendOperator
                0x08008624       0xc4 ./Middlewares/ST/AI/Validation/Src/aiPbMgr.o
                0x08008624                aiPbMgrSendOperator
 .text.aiPbCmdDisconnect
                0x080086e8       0x18 ./Middlewares/ST/AI/Validation/Src/aiPbMgr.o
                0x080086e8                aiPbCmdDisconnect
 .text.aiPbCmdSync
                0x08008700       0x54 ./Middlewares/ST/AI/Validation/Src/aiPbMgr.o
                0x08008700                aiPbCmdSync
 .text._mon_alloc_reset
                0x08008754       0x24 ./Middlewares/ST/AI/Validation/Src/aiValidation_ST_AI.o
 .text.cyclesCounterInit
                0x08008778       0x90 ./Middlewares/ST/AI/Validation/Src/aiValidation_ST_AI.o
 .text.cyclesCounterStart
                0x08008808       0x28 ./Middlewares/ST/AI/Validation/Src/aiValidation_ST_AI.o
 .text.cyclesCounterEnd
                0x08008830       0xd4 ./Middlewares/ST/AI/Validation/Src/aiValidation_ST_AI.o
 .text._get_tensor_size
                0x08008904       0x42 ./Middlewares/ST/AI/Validation/Src/aiValidation_ST_AI.o
 .text._is_32b_packed
                0x08008946       0x40 ./Middlewares/ST/AI/Validation/Src/aiValidation_ST_AI.o
 .text._get_tensor_element_size
                0x08008986       0x2a ./Middlewares/ST/AI/Validation/Src/aiValidation_ST_AI.o
 .text._get_tensor_size_bytes
                0x080089b0       0x36 ./Middlewares/ST/AI/Validation/Src/aiValidation_ST_AI.o
 .text._stai_shape_to_n_dims
                0x080089e6       0x60 ./Middlewares/ST/AI/Validation/Src/aiValidation_ST_AI.o
 .text._stai_version_to_uint32
                0x08008a46       0x2e ./Middlewares/ST/AI/Validation/Src/aiValidation_ST_AI.o
 .text.fill_tensor_desc_msg
                0x08008a74       0xb4 ./Middlewares/ST/AI/Validation/Src/aiValidation_ST_AI.o
 .text.encode_ai_buffer_to_tensor_desc
                0x08008b28       0x5e ./Middlewares/ST/AI/Validation/Src/aiValidation_ST_AI.o
 .text._stai_compiler_id_to
                0x08008b86       0x52 ./Middlewares/ST/AI/Validation/Src/aiValidation_ST_AI.o
 .text.send_model_info
                0x08008bd8      0x2b4 ./Middlewares/ST/AI/Validation/Src/aiValidation_ST_AI.o
 .text._receive_ai_data
                0x08008e8c      0x104 ./Middlewares/ST/AI/Validation/Src/aiValidation_ST_AI.o
 .text._send_ai_io_tensor
                0x08008f90       0xb0 ./Middlewares/ST/AI/Validation/Src/aiValidation_ST_AI.o
 .text._print_debug
                0x08009040       0x84 ./Middlewares/ST/AI/Validation/Src/aiValidation_ST_AI.o
                0x08009040                _print_debug
 .text._stai_event_cb
                0x080090c4      0x344 ./Middlewares/ST/AI/Validation/Src/aiValidation_ST_AI.o
 .text.adjustInferenceTime
                0x08009408       0x6c ./Middlewares/ST/AI/Validation/Src/aiValidation_ST_AI.o
 .text.aiExecCtx
                0x08009474       0xc4 ./Middlewares/ST/AI/Validation/Src/aiValidation_ST_AI.o
 .text.aiBootstrap
                0x08009538      0x2c4 ./Middlewares/ST/AI/Validation/Src/aiValidation_ST_AI.o
 .text.aiInit   0x080097fc       0x98 ./Middlewares/ST/AI/Validation/Src/aiValidation_ST_AI.o
 .text.aiPbCmdSysInfo
                0x08009894       0x6c ./Middlewares/ST/AI/Validation/Src/aiValidation_ST_AI.o
 .text.aiPbCmdNNInfo
                0x08009900       0x4c ./Middlewares/ST/AI/Validation/Src/aiValidation_ST_AI.o
 .text._set_context
                0x0800994c       0x8a ./Middlewares/ST/AI/Validation/Src/aiValidation_ST_AI.o
 *fill*         0x080099d6        0x2 
 .text._reset_states
                0x080099d8       0x84 ./Middlewares/ST/AI/Validation/Src/aiValidation_ST_AI.o
 .text.aiPbCmdNNRun
                0x08009a5c      0x4e4 ./Middlewares/ST/AI/Validation/Src/aiValidation_ST_AI.o
 .text.aiValidationInit
                0x08009f40       0x3c ./Middlewares/ST/AI/Validation/Src/aiValidation_ST_AI.o
                0x08009f40                aiValidationInit
 .text.aiValidationProcess
                0x08009f7c       0x98 ./Middlewares/ST/AI/Validation/Src/aiValidation_ST_AI.o
                0x08009f7c                aiValidationProcess
 .text.pb_field_iter_begin
                0x0800a014       0x60 ./Middlewares/ST/AI/Validation/Src/pb_common.o
                0x0800a014                pb_field_iter_begin
 .text.pb_field_iter_next
                0x0800a074       0xf6 ./Middlewares/ST/AI/Validation/Src/pb_common.o
                0x0800a074                pb_field_iter_next
 .text.pb_field_iter_find
                0x0800a16a       0x4a ./Middlewares/ST/AI/Validation/Src/pb_common.o
                0x0800a16a                pb_field_iter_find
 .text.buf_read
                0x0800a1b4       0x54 ./Middlewares/ST/AI/Validation/Src/pb_decode.o
 .text.pb_read  0x0800a208       0xa0 ./Middlewares/ST/AI/Validation/Src/pb_decode.o
                0x0800a208                pb_read
 .text.pb_readbyte
                0x0800a2a8       0x46 ./Middlewares/ST/AI/Validation/Src/pb_decode.o
 *fill*         0x0800a2ee        0x2 
 .text.pb_istream_from_buffer
                0x0800a2f0       0x3c ./Middlewares/ST/AI/Validation/Src/pb_decode.o
                0x0800a2f0                pb_istream_from_buffer
 .text.pb_decode_varint32_eof
                0x0800a32c       0xe6 ./Middlewares/ST/AI/Validation/Src/pb_decode.o
 .text.pb_decode_varint32
                0x0800a412       0x1e ./Middlewares/ST/AI/Validation/Src/pb_decode.o
                0x0800a412                pb_decode_varint32
 .text.pb_decode_varint
                0x0800a430       0xa8 ./Middlewares/ST/AI/Validation/Src/pb_decode.o
                0x0800a430                pb_decode_varint
 .text.pb_skip_varint
                0x0800a4d8       0x38 ./Middlewares/ST/AI/Validation/Src/pb_decode.o
 .text.pb_skip_string
                0x0800a510       0x3a ./Middlewares/ST/AI/Validation/Src/pb_decode.o
 .text.pb_decode_tag
                0x0800a54a       0x6e ./Middlewares/ST/AI/Validation/Src/pb_decode.o
                0x0800a54a                pb_decode_tag
 .text.pb_skip_field
                0x0800a5b8       0x6c ./Middlewares/ST/AI/Validation/Src/pb_decode.o
                0x0800a5b8                pb_skip_field
 .text.read_raw_value
                0x0800a624       0xa6 ./Middlewares/ST/AI/Validation/Src/pb_decode.o
 .text.pb_make_string_substream
                0x0800a6ca       0x5a ./Middlewares/ST/AI/Validation/Src/pb_decode.o
                0x0800a6ca                pb_make_string_substream
 .text.pb_close_string_substream
                0x0800a724       0x42 ./Middlewares/ST/AI/Validation/Src/pb_decode.o
                0x0800a724                pb_close_string_substream
 *fill*         0x0800a766        0x2 
 .text.decode_static_field
                0x0800a768      0x1ec ./Middlewares/ST/AI/Validation/Src/pb_decode.o
 .text.decode_pointer_field
                0x0800a954       0x1a ./Middlewares/ST/AI/Validation/Src/pb_decode.o
 .text.decode_callback_field
                0x0800a96e       0xf6 ./Middlewares/ST/AI/Validation/Src/pb_decode.o
 .text.decode_field
                0x0800aa64       0x64 ./Middlewares/ST/AI/Validation/Src/pb_decode.o
 .text.iter_from_extension
                0x0800aac8       0x4e ./Middlewares/ST/AI/Validation/Src/pb_decode.o
 .text.default_extension_decoder
                0x0800ab16       0x50 ./Middlewares/ST/AI/Validation/Src/pb_decode.o
 .text.decode_extension
                0x0800ab66       0x80 ./Middlewares/ST/AI/Validation/Src/pb_decode.o
 .text.find_extension_field
                0x0800abe6       0x3a ./Middlewares/ST/AI/Validation/Src/pb_decode.o
 .text.pb_field_set_to_default
                0x0800ac20      0x148 ./Middlewares/ST/AI/Validation/Src/pb_decode.o
 .text.pb_message_set_to_defaults
                0x0800ad68       0x48 ./Middlewares/ST/AI/Validation/Src/pb_decode.o
 .text.pb_decode_noinit
                0x0800adb0      0x266 ./Middlewares/ST/AI/Validation/Src/pb_decode.o
                0x0800adb0                pb_decode_noinit
 .text.pb_decode
                0x0800b016       0x2c ./Middlewares/ST/AI/Validation/Src/pb_decode.o
                0x0800b016                pb_decode
 .text.pb_decode_delimited
                0x0800b042       0x60 ./Middlewares/ST/AI/Validation/Src/pb_decode.o
                0x0800b042                pb_decode_delimited
 .text.pb_decode_svarint
                0x0800b0a2       0x86 ./Middlewares/ST/AI/Validation/Src/pb_decode.o
                0x0800b0a2                pb_decode_svarint
 .text.pb_decode_fixed32
                0x0800b128       0x4c ./Middlewares/ST/AI/Validation/Src/pb_decode.o
                0x0800b128                pb_decode_fixed32
 .text.pb_decode_fixed64
                0x0800b174      0x17a ./Middlewares/ST/AI/Validation/Src/pb_decode.o
                0x0800b174                pb_decode_fixed64
 .text.pb_dec_varint
                0x0800b2ee       0xf8 ./Middlewares/ST/AI/Validation/Src/pb_decode.o
 .text.pb_dec_uvarint
                0x0800b3e6       0xd4 ./Middlewares/ST/AI/Validation/Src/pb_decode.o
 .text.pb_dec_svarint
                0x0800b4ba       0xd8 ./Middlewares/ST/AI/Validation/Src/pb_decode.o
 .text.pb_dec_fixed32
                0x0800b592       0x1e ./Middlewares/ST/AI/Validation/Src/pb_decode.o
 .text.pb_dec_fixed64
                0x0800b5b0       0x1e ./Middlewares/ST/AI/Validation/Src/pb_decode.o
 .text.pb_dec_bytes
                0x0800b5ce       0x8a ./Middlewares/ST/AI/Validation/Src/pb_decode.o
 .text.pb_dec_string
                0x0800b658       0x7e ./Middlewares/ST/AI/Validation/Src/pb_decode.o
 .text.pb_dec_submessage
                0x0800b6d6       0x98 ./Middlewares/ST/AI/Validation/Src/pb_decode.o
 .text.pb_dec_fixed_length_bytes
                0x0800b76e       0x74 ./Middlewares/ST/AI/Validation/Src/pb_decode.o
 .text.pb_write
                0x0800b7e2       0x5a ./Middlewares/ST/AI/Validation/Src/pb_encode.o
                0x0800b7e2                pb_write
 .text.encode_array
                0x0800b83c      0x1f2 ./Middlewares/ST/AI/Validation/Src/pb_encode.o
 .text.pb_check_proto3_default_value
                0x0800ba2e      0x18c ./Middlewares/ST/AI/Validation/Src/pb_encode.o
 *fill*         0x0800bbba        0x2 
 .text.encode_basic_field
                0x0800bbbc      0x1c0 ./Middlewares/ST/AI/Validation/Src/pb_encode.o
 .text.encode_callback_field
                0x0800bd7c       0x44 ./Middlewares/ST/AI/Validation/Src/pb_encode.o
 .text.encode_field
                0x0800bdc0       0x4c ./Middlewares/ST/AI/Validation/Src/pb_encode.o
 .text.default_extension_encoder
                0x0800be0c       0x48 ./Middlewares/ST/AI/Validation/Src/pb_encode.o
 .text.encode_extension_field
                0x0800be54       0x62 ./Middlewares/ST/AI/Validation/Src/pb_encode.o
 .text.pb_const_cast
                0x0800beb6       0x18 ./Middlewares/ST/AI/Validation/Src/pb_encode.o
 .text.pb_encode
                0x0800bece       0x8e ./Middlewares/ST/AI/Validation/Src/pb_encode.o
                0x0800bece                pb_encode
 .text.pb_encode_varint
                0x0800bf5c       0xa2 ./Middlewares/ST/AI/Validation/Src/pb_encode.o
                0x0800bf5c                pb_encode_varint
 .text.pb_encode_svarint
                0x0800bffe       0x58 ./Middlewares/ST/AI/Validation/Src/pb_encode.o
                0x0800bffe                pb_encode_svarint
 .text.pb_encode_fixed32
                0x0800c056       0x46 ./Middlewares/ST/AI/Validation/Src/pb_encode.o
                0x0800c056                pb_encode_fixed32
 .text.pb_encode_fixed64
                0x0800c09c       0xc8 ./Middlewares/ST/AI/Validation/Src/pb_encode.o
                0x0800c09c                pb_encode_fixed64
 .text.pb_encode_tag
                0x0800c164       0x52 ./Middlewares/ST/AI/Validation/Src/pb_encode.o
                0x0800c164                pb_encode_tag
 *fill*         0x0800c1b6        0x2 
 .text.pb_encode_tag_for_field
                0x0800c1b8       0x7c ./Middlewares/ST/AI/Validation/Src/pb_encode.o
                0x0800c1b8                pb_encode_tag_for_field
 .text.pb_encode_string
                0x0800c234       0x42 ./Middlewares/ST/AI/Validation/Src/pb_encode.o
                0x0800c234                pb_encode_string
 .text.pb_encode_submessage
                0x0800c276       0xda ./Middlewares/ST/AI/Validation/Src/pb_encode.o
                0x0800c276                pb_encode_submessage
 .text.pb_enc_varint
                0x0800c350       0x98 ./Middlewares/ST/AI/Validation/Src/pb_encode.o
 .text.pb_enc_uvarint
                0x0800c3e8       0x94 ./Middlewares/ST/AI/Validation/Src/pb_encode.o
 .text.pb_enc_svarint
                0x0800c47c       0x98 ./Middlewares/ST/AI/Validation/Src/pb_encode.o
 .text.pb_enc_fixed64
                0x0800c514       0x1e ./Middlewares/ST/AI/Validation/Src/pb_encode.o
 .text.pb_enc_fixed32
                0x0800c532       0x1e ./Middlewares/ST/AI/Validation/Src/pb_encode.o
 .text.pb_enc_bytes
                0x0800c550       0x60 ./Middlewares/ST/AI/Validation/Src/pb_encode.o
 .text.pb_enc_string
                0x0800c5b0       0x68 ./Middlewares/ST/AI/Validation/Src/pb_encode.o
 .text.pb_enc_submessage
                0x0800c618       0x30 ./Middlewares/ST/AI/Validation/Src/pb_encode.o
 .text.pb_enc_fixed_length_bytes
                0x0800c648       0x24 ./Middlewares/ST/AI/Validation/Src/pb_encode.o
 .text.stai_runtime_get_info
                0x0800c66c       0x2c ../../Middlewares/ST/AI/Lib/NetworkRuntime1201_CM4_GCC.a\NetworkRuntime1201_CM4_GCC.a(stai_internal.o)
                0x0800c66c                stai_runtime_get_info
 .text.forward_slice
                0x0800c698      0x27c ../../Middlewares/ST/AI/Lib/NetworkRuntime1201_CM4_GCC.a\NetworkRuntime1201_CM4_GCC.a(layers_generic_float.o)
                0x0800c698                forward_slice
 .text.forward_concat
                0x0800c914      0x9f8 ../../Middlewares/ST/AI/Lib/NetworkRuntime1201_CM4_GCC.a\NetworkRuntime1201_CM4_GCC.a(layers_generic_float.o)
                0x0800c914                forward_concat
 .text.forward_lite_dense_if32of32wf32
                0x0800d30c      0x3b4 ../../Middlewares/ST/AI/Lib/NetworkRuntime1201_CM4_GCC.a\NetworkRuntime1201_CM4_GCC.a(lite_dense_if32.o)
                0x0800d30c                forward_lite_dense_if32of32wf32
 .text.forward_lite_nl_sigmoid_if32of32
                0x0800d6c0       0x44 ../../Middlewares/ST/AI/Lib/NetworkRuntime1201_CM4_GCC.a\NetworkRuntime1201_CM4_GCC.a(lite_nl_generic_float.o)
                0x0800d6c0                forward_lite_nl_sigmoid_if32of32
 .text.forward_lite_nl_relu_if32of32
                0x0800d704       0x38 ../../Middlewares/ST/AI/Lib/NetworkRuntime1201_CM4_GCC.a\NetworkRuntime1201_CM4_GCC.a(lite_nl_generic_float.o)
                0x0800d704                forward_lite_nl_relu_if32of32
 .text.st_int8_copy
                0x0800d73c      0x13c ../../Middlewares/ST/AI/Lib/NetworkRuntime1201_CM4_GCC.a\NetworkRuntime1201_CM4_GCC.a(st_int8_fill.o)
                0x0800d73c                st_int8_copy
 .text.ai_array_get_byte_size
                0x0800d878       0x3c ../../Middlewares/ST/AI/Lib/NetworkRuntime1201_CM4_GCC.a\NetworkRuntime1201_CM4_GCC.a(ai_datatypes_format.o)
                0x0800d878                ai_array_get_byte_size
 .text.malloc   0x0800d8b4       0x10 C:/ST/STM32CubeIDE_2.1.1/STM32CubeIDE/plugins/com.st.stm32cube.ide.mcu.externaltools.gnu-tools-for-stm32.14.3.rel1.win32_1.0.100.202602081740/tools/bin/../lib/gcc/arm-none-eabi/14.3.1/../../../../arm-none-eabi/lib/thumb/v7e-m/nofp\libc_nano.a(libc_a-malloc.o)
                0x0800d8b4                malloc
 .text.free     0x0800d8c4       0x10 C:/ST/STM32CubeIDE_2.1.1/STM32CubeIDE/plugins/com.st.stm32cube.ide.mcu.externaltools.gnu-tools-for-stm32.14.3.rel1.win32_1.0.100.202602081740/tools/bin/../lib/gcc/arm-none-eabi/14.3.1/../../../../arm-none-eabi/lib/thumb/v7e-m/nofp\libc_nano.a(libc_a-malloc.o)
                0x0800d8c4                free
 .text.sbrk_aligned
                0x0800d8d4       0x44 C:/ST/STM32CubeIDE_2.1.1/STM32CubeIDE/plugins/com.st.stm32cube.ide.mcu.externaltools.gnu-tools-for-stm32.14.3.rel1.win32_1.0.100.202602081740/tools/bin/../lib/gcc/arm-none-eabi/14.3.1/../../../../arm-none-eabi/lib/thumb/v7e-m/nofp\libc_nano.a(libc_a-mallocr.o)
 .text._malloc_r
                0x0800d918      0x100 C:/ST/STM32CubeIDE_2.1.1/STM32CubeIDE/plugins/com.st.stm32cube.ide.mcu.externaltools.gnu-tools-for-stm32.14.3.rel1.win32_1.0.100.202602081740/tools/bin/../lib/gcc/arm-none-eabi/14.3.1/../../../../arm-none-eabi/lib/thumb/v7e-m/nofp\libc_nano.a(libc_a-mallocr.o)
                0x0800d918                _malloc_r
 .text.__malloc_lock
                0x0800da18        0xc C:/ST/STM32CubeIDE_2.1.1/STM32CubeIDE/plugins/com.st.stm32cube.ide.mcu.externaltools.gnu-tools-for-stm32.14.3.rel1.win32_1.0.100.202602081740/tools/bin/../lib/gcc/arm-none-eabi/14.3.1/../../../../arm-none-eabi/lib/thumb/v7e-m/nofp\libc_nano.a(libc_a-mlock.o)
                0x0800da18                __malloc_lock
 .text.__malloc_unlock
                0x0800da24        0xc C:/ST/STM32CubeIDE_2.1.1/STM32CubeIDE/plugins/com.st.stm32cube.ide.mcu.externaltools.gnu-tools-for-stm32.14.3.rel1.win32_1.0.100.202602081740/tools/bin/../lib/gcc/arm-none-eabi/14.3.1/../../../../arm-none-eabi/lib/thumb/v7e-m/nofp\libc_nano.a(libc_a-mlock.o)
                0x0800da24                __malloc_unlock
 .text.memset   0x0800da30       0x10 C:/ST/STM32CubeIDE_2.1.1/STM32CubeIDE/plugins/com.st.stm32cube.ide.mcu.externaltools.gnu-tools-for-stm32.14.3.rel1.win32_1.0.100.202602081740/tools/bin/../lib/gcc/arm-none-eabi/14.3.1/../../../../arm-none-eabi/lib/thumb/v7e-m/nofp\libc_nano.a(libc_a-memset.o)
                0x0800da30                memset
 .text.strncmp  0x0800da40       0x24 C:/ST/STM32CubeIDE_2.1.1/STM32CubeIDE/plugins/com.st.stm32cube.ide.mcu.externaltools.gnu-tools-for-stm32.14.3.rel1.win32_1.0.100.202602081740/tools/bin/../lib/gcc/arm-none-eabi/14.3.1/../../../../arm-none-eabi/lib/thumb/v7e-m/nofp\libc_nano.a(libc_a-strncmp.o)
                0x0800da40                strncmp
 .text._sbrk_r  0x0800da64       0x20 C:/ST/STM32CubeIDE_2.1.1/STM32CubeIDE/plugins/com.st.stm32cube.ide.mcu.externaltools.gnu-tools-for-stm32.14.3.rel1.win32_1.0.100.202602081740/tools/bin/../lib/gcc/arm-none-eabi/14.3.1/../../../../arm-none-eabi/lib/thumb/v7e-m/nofp\libc_nano.a(libc_a-sbrkr.o)
                0x0800da64                _sbrk_r
 .text.__errno  0x0800da84        0xc C:/ST/STM32CubeIDE_2.1.1/STM32CubeIDE/plugins/com.st.stm32cube.ide.mcu.externaltools.gnu-tools-for-stm32.14.3.rel1.win32_1.0.100.202602081740/tools/bin/../lib/gcc/arm-none-eabi/14.3.1/../../../../arm-none-eabi/lib/thumb/v7e-m/nofp\libc_nano.a(libc_a-errno.o)
                0x0800da84                __errno
 .text.__libc_init_array
                0x0800da90       0x48 C:/ST/STM32CubeIDE_2.1.1/STM32CubeIDE/plugins/com.st.stm32cube.ide.mcu.externaltools.gnu-tools-for-stm32.14.3.rel1.win32_1.0.100.202602081740/tools/bin/../lib/gcc/arm-none-eabi/14.3.1/../../../../arm-none-eabi/lib/thumb/v7e-m/nofp\libc_nano.a(libc_a-init.o)
                0x0800da90                __libc_init_array
 .text.__retarget_lock_acquire_recursive
                0x0800dad8        0x2 C:/ST/STM32CubeIDE_2.1.1/STM32CubeIDE/plugins/com.st.stm32cube.ide.mcu.externaltools.gnu-tools-for-stm32.14.3.rel1.win32_1.0.100.202602081740/tools/bin/../lib/gcc/arm-none-eabi/14.3.1/../../../../arm-none-eabi/lib/thumb/v7e-m/nofp\libc_nano.a(libc_a-lock.o)
                0x0800dad8                __retarget_lock_acquire_recursive
 .text.__retarget_lock_release_recursive
                0x0800dada        0x2 C:/ST/STM32CubeIDE_2.1.1/STM32CubeIDE/plugins/com.st.stm32cube.ide.mcu.externaltools.gnu-tools-for-stm32.14.3.rel1.win32_1.0.100.202602081740/tools/bin/../lib/gcc/arm-none-eabi/14.3.1/../../../../arm-none-eabi/lib/thumb/v7e-m/nofp\libc_nano.a(libc_a-lock.o)
                0x0800dada                __retarget_lock_release_recursive
 .text.memcpy   0x0800dadc       0x1c C:/ST/STM32CubeIDE_2.1.1/STM32CubeIDE/plugins/com.st.stm32cube.ide.mcu.externaltools.gnu-tools-for-stm32.14.3.rel1.win32_1.0.100.202602081740/tools/bin/../lib/gcc/arm-none-eabi/14.3.1/../../../../arm-none-eabi/lib/thumb/v7e-m/nofp\libc_nano.a(libc_a-memcpy-stub.o)
                0x0800dadc                memcpy
 .text._free_r  0x0800daf8       0x94 C:/ST/STM32CubeIDE_2.1.1/STM32CubeIDE/plugins/com.st.stm32cube.ide.mcu.externaltools.gnu-tools-for-stm32.14.3.rel1.win32_1.0.100.202602081740/tools/bin/../lib/gcc/arm-none-eabi/14.3.1/../../../../arm-none-eabi/lib/thumb/v7e-m/nofp\libc_nano.a(libc_a-freer.o)
                0x0800daf8                _free_r
 .text.expf     0x0800db8c       0x50 C:/ST/STM32CubeIDE_2.1.1/STM32CubeIDE/plugins/com.st.stm32cube.ide.mcu.externaltools.gnu-tools-for-stm32.14.3.rel1.win32_1.0.100.202602081740/tools/bin/../lib/gcc/arm-none-eabi/14.3.1/../../../../arm-none-eabi/lib/thumb/v7e-m/nofp\libm.a(libm_a-wf_exp.o)
                0x0800db8c                expf
 .text.finitef  0x0800dbdc       0x10 C:/ST/STM32CubeIDE_2.1.1/STM32CubeIDE/plugins/com.st.stm32cube.ide.mcu.externaltools.gnu-tools-for-stm32.14.3.rel1.win32_1.0.100.202602081740/tools/bin/../lib/gcc/arm-none-eabi/14.3.1/../../../../arm-none-eabi/lib/thumb/v7e-m/nofp\libm.a(libm_a-sf_finite.o)
                0x0800dbdc                finitef
 .text.with_errnof
                0x0800dbec       0x14 C:/ST/STM32CubeIDE_2.1.1/STM32CubeIDE/plugins/com.st.stm32cube.ide.mcu.externaltools.gnu-tools-for-stm32.14.3.rel1.win32_1.0.100.202602081740/tools/bin/../lib/gcc/arm-none-eabi/14.3.1/../../../../arm-none-eabi/lib/thumb/v7e-m/nofp\libm.a(libm_a-math_errf.o)
 .text.xflowf   0x0800dc00       0x28 C:/ST/STM32CubeIDE_2.1.1/STM32CubeIDE/plugins/com.st.stm32cube.ide.mcu.externaltools.gnu-tools-for-stm32.14.3.rel1.win32_1.0.100.202602081740/tools/bin/../lib/gcc/arm-none-eabi/14.3.1/../../../../arm-none-eabi/lib/thumb/v7e-m/nofp\libm.a(libm_a-math_errf.o)
 .text.__math_uflowf
                0x0800dc28        0x8 C:/ST/STM32CubeIDE_2.1.1/STM32CubeIDE/plugins/com.st.stm32cube.ide.mcu.externaltools.gnu-tools-for-stm32.14.3.rel1.win32_1.0.100.202602081740/tools/bin/../lib/gcc/arm-none-eabi/14.3.1/../../../../arm-none-eabi/lib/thumb/v7e-m/nofp\libm.a(libm_a-math_errf.o)
                0x0800dc28                __math_uflowf
 .text.__math_oflowf
                0x0800dc30        0x8 C:/ST/STM32CubeIDE_2.1.1/STM32CubeIDE/plugins/com.st.stm32cube.ide.mcu.externaltools.gnu-tools-for-stm32.14.3.rel1.win32_1.0.100.202602081740/tools/bin/../lib/gcc/arm-none-eabi/14.3.1/../../../../arm-none-eabi/lib/thumb/v7e-m/nofp\libm.a(libm_a-math_errf.o)
                0x0800dc30                __math_oflowf
 .text.__ieee754_expf
                0x0800dc38      0x244 C:/ST/STM32CubeIDE_2.1.1/STM32CubeIDE/plugins/com.st.stm32cube.ide.mcu.externaltools.gnu-tools-for-stm32.14.3.rel1.win32_1.0.100.202602081740/tools/bin/../lib/gcc/arm-none-eabi/14.3.1/../../../../arm-none-eabi/lib/thumb/v7e-m/nofp\libm.a(libm_a-ef_exp.o)
                0x0800dc38                __ieee754_expf
 *(.glue_7)
 .glue_7        0x0800de7c        0x0 linker stubs
 *(.glue_7t)
 .glue_7t       0x0800de7c        0x0 linker stubs
 *(.eh_frame)
 .eh_frame      0x0800de7c        0x0 C:/ST/STM32CubeIDE_2.1.1/STM32CubeIDE/plugins/com.st.stm32cube.ide.mcu.externaltools.gnu-tools-for-stm32.14.3.rel1.win32_1.0.100.202602081740/tools/bin/../lib/gcc/arm-none-eabi/14.3.1/thumb/v7e-m/nofp/crtbegin.o
 *(.init)
 .init          0x0800de7c        0x4 C:/ST/STM32CubeIDE_2.1.1/STM32CubeIDE/plugins/com.st.stm32cube.ide.mcu.externaltools.gnu-tools-for-stm32.14.3.rel1.win32_1.0.100.202602081740/tools/bin/../lib/gcc/arm-none-eabi/14.3.1/thumb/v7e-m/nofp/crti.o
                0x0800de7c                _init
 .init          0x0800de80        0x8 C:/ST/STM32CubeIDE_2.1.1/STM32CubeIDE/plugins/com.st.stm32cube.ide.mcu.externaltools.gnu-tools-for-stm32.14.3.rel1.win32_1.0.100.202602081740/tools/bin/../lib/gcc/arm-none-eabi/14.3.1/thumb/v7e-m/nofp/crtn.o
 *(.fini)
 .fini          0x0800de88        0x4 C:/ST/STM32CubeIDE_2.1.1/STM32CubeIDE/plugins/com.st.stm32cube.ide.mcu.externaltools.gnu-tools-for-stm32.14.3.rel1.win32_1.0.100.202602081740/tools/bin/../lib/gcc/arm-none-eabi/14.3.1/thumb/v7e-m/nofp/crti.o
                0x0800de88                _fini
 .fini          0x0800de8c        0x8 C:/ST/STM32CubeIDE_2.1.1/STM32CubeIDE/plugins/com.st.stm32cube.ide.mcu.externaltools.gnu-tools-for-stm32.14.3.rel1.win32_1.0.100.202602081740/tools/bin/../lib/gcc/arm-none-eabi/14.3.1/thumb/v7e-m/nofp/crtn.o
                0x0800de94                        . = ALIGN (0x4)
                0x0800de94                        _etext = .

.vfp11_veneer   0x0800de94        0x0
 .vfp11_veneer  0x0800de94        0x0 linker stubs

.v4_bx          0x0800de94        0x0
 .v4_bx         0x0800de94        0x0 linker stubs

.iplt           0x0800de94        0x0
 .iplt          0x0800de94        0x0 C:/ST/STM32CubeIDE_2.1.1/STM32CubeIDE/plugins/com.st.stm32cube.ide.mcu.externaltools.gnu-tools-for-stm32.14.3.rel1.win32_1.0.100.202602081740/tools/bin/../lib/gcc/arm-none-eabi/14.3.1/thumb/v7e-m/nofp/crtbegin.o

.rodata         0x0800de98     0x91d4
                0x0800de98                        . = ALIGN (0x4)
 *(.rodata)
 .rodata        0x0800de98        0x8 ./AI/App/app_x-cube-ai.o
 .rodata        0x0800dea0      0x16d ./AI/App/network.o
 *fill*         0x0800e00d        0x3 
 .rodata        0x0800e010       0x1c ./Drivers/STM32WLxx_HAL_Driver/stm32wlxx_hal_rcc.o
 .rodata        0x0800e02c      0x3c1 ./Middlewares/ST/AI/Misc/Src/aiTestHelper_ST_AI.o
 *fill*         0x0800e3ed        0x3 
 .rodata        0x0800e3f0      0x161 ./Middlewares/ST/AI/Misc/Src/aiTestUtility.o
 *fill*         0x0800e551        0x3 
 .rodata        0x0800e554        0x7 ./Middlewares/ST/AI/Misc/Src/lc_print.o
 *fill*         0x0800e55b        0x1 
 .rodata        0x0800e55c        0xa ./Middlewares/ST/AI/Validation/Src/aiPbMgr.o
 *fill*         0x0800e566        0x2 
 .rodata        0x0800e568      0x646 ./Middlewares/ST/AI/Validation/Src/aiValidation_ST_AI.o
 *(.rodata*)
 *fill*         0x0800ebae        0x2 
 .rodata.networks
                0x0800ebb0       0x68 ./AI/App/app_x-cube-ai.o
 .rodata.__compound_literal.0
                0x0800ec18        0x8 ./AI/App/network.o
 .rodata.__compound_literal.1
                0x0800ec20        0x8 ./AI/App/network.o
 .rodata.__compound_literal.2
                0x0800ec28        0x8 ./AI/App/network.o
 .rodata.__compound_literal.3
                0x0800ec30        0x8 ./AI/App/network.o
 .rodata.__compound_literal.4
                0x0800ec38        0x8 ./AI/App/network.o
 .rodata.__compound_literal.5
                0x0800ec40        0x8 ./AI/App/network.o
 .rodata.__compound_literal.6
                0x0800ec48        0x8 ./AI/App/network.o
 .rodata.__compound_literal.7
                0x0800ec50        0x8 ./AI/App/network.o
 .rodata.__compound_literal.8
                0x0800ec58        0x8 ./AI/App/network.o
 .rodata.__compound_literal.9
                0x0800ec60        0x8 ./AI/App/network.o
 .rodata.__compound_literal.10
                0x0800ec68        0x8 ./AI/App/network.o
 .rodata.__compound_literal.11
                0x0800ec70        0x8 ./AI/App/network.o
 .rodata.__compound_literal.12
                0x0800ec78        0x8 ./AI/App/network.o
 .rodata.__compound_literal.13
                0x0800ec80        0x8 ./AI/App/network.o
 .rodata.__compound_literal.14
                0x0800ec88        0x8 ./AI/App/network.o
 .rodata.__compound_literal.15
                0x0800ec90        0x8 ./AI/App/network.o
 .rodata.__compound_literal.16
                0x0800ec98      0x280 ./AI/App/network.o
 .rodata.__compound_literal.17
                0x0800ef18        0x4 ./AI/App/network.o
 .rodata.__compound_literal.18
                0x0800ef1c        0x4 ./AI/App/network.o
 .rodata.__compound_literal.19
                0x0800ef20        0x4 ./AI/App/network.o
 .rodata.__compound_literal.20
                0x0800ef24        0x4 ./AI/App/network.o
 .rodata.__compound_literal.21
                0x0800ef28        0x4 ./AI/App/network.o
 .rodata.__compound_literal.22
                0x0800ef2c        0x4 ./AI/App/network.o
 .rodata.__compound_literal.23
                0x0800ef30        0x4 ./AI/App/network.o
 .rodata.__compound_literal.24
                0x0800ef34        0x4 ./AI/App/network.o
 .rodata.__compound_literal.25
                0x0800ef38        0x4 ./AI/App/network.o
 .rodata.__compound_literal.26
                0x0800ef3c        0x4 ./AI/App/network.o
 .rodata.__compound_literal.27
                0x0800ef40        0x4 ./AI/App/network.o
 .rodata.__compound_literal.28
                0x0800ef44        0x4 ./AI/App/network.o
 .rodata.__compound_literal.29
                0x0800ef48        0x4 ./AI/App/network.o
 .rodata.__compound_literal.30
                0x0800ef4c        0x4 ./AI/App/network.o
 .rodata.__compound_literal.31
                0x0800ef50        0x4 ./AI/App/network.o
 .rodata.__compound_literal.32
                0x0800ef54        0x4 ./AI/App/network.o
 .rodata.__compound_literal.33
                0x0800ef58        0x4 ./AI/App/network.o
 .rodata.__compound_literal.34
                0x0800ef5c        0x4 ./AI/App/network.o
 .rodata.__compound_literal.35
                0x0800ef60        0x4 ./AI/App/network.o
 .rodata.__compound_literal.36
                0x0800ef64        0x4 ./AI/App/network.o
 .rodata.__compound_literal.37
                0x0800ef68        0x4 ./AI/App/network.o
 .rodata.__compound_literal.38
                0x0800ef6c        0x4 ./AI/App/network.o
 .rodata.__compound_literal.39
                0x0800ef70        0x4 ./AI/App/network.o
 .rodata.__compound_literal.40
                0x0800ef74        0x4 ./AI/App/network.o
 .rodata.__compound_literal.41
                0x0800ef78        0x4 ./AI/App/network.o
 .rodata.__compound_literal.42
                0x0800ef7c        0x4 ./AI/App/network.o
 .rodata.__compound_literal.43
                0x0800ef80        0x4 ./AI/App/network.o
 .rodata.__compound_literal.44
                0x0800ef84        0x4 ./AI/App/network.o
 .rodata.__compound_literal.45
                0x0800ef88        0x8 ./AI/App/network.o
 .rodata.__compound_literal.46
                0x0800ef90        0x4 ./AI/App/network.o
 .rodata.__compound_literal.47
                0x0800ef94      0x168 ./AI/App/network.o
 .rodata.g_network_details
                0x0800f0fc        0xc ./AI/App/network.o
                0x0800f0fc                g_network_details
 .rodata.g_network_info
                0x0800f108       0x50 ./AI/App/network.o
 .rodata.slice_0_axes_data
                0x0800f158        0x1 ./AI/App/network.o
 *fill*         0x0800f159        0x3 
 .rodata.slice_0_axes
                0x0800f15c       0x10 ./AI/App/network.o
 .rodata.slice_0_starts_data
                0x0800f16c        0x2 ./AI/App/network.o
 *fill*         0x0800f16e        0x2 
 .rodata.slice_0_starts
                0x0800f170       0x10 ./AI/App/network.o
 .rodata.slice_0_ends_data
                0x0800f180        0x2 ./AI/App/network.o
 *fill*         0x0800f182        0x2 
 .rodata.slice_0_ends
                0x0800f184       0x10 ./AI/App/network.o
 .rodata.slice_0_chain
                0x0800f194        0x8 ./AI/App/network.o
 .rodata.concat_9_chain
                0x0800f19c        0x8 ./AI/App/network.o
 *fill*         0x0800f1a4        0x4 
 .rodata._network_context.0
                0x0800f1a8       0x30 ./AI/App/network.o
 .rodata.g_network_weights_array
                0x0800f1d8     0x7808 ./AI/App/network_data.o
                0x0800f1d8                g_network_weights_array
 .rodata.AHBPrescTable
                0x080169e0       0x40 ./Drivers/CMSIS/system_stm32wlxx.o
                0x080169e0                AHBPrescTable
 .rodata.APBPrescTable
                0x08016a20       0x20 ./Drivers/CMSIS/system_stm32wlxx.o
                0x08016a20                APBPrescTable
 .rodata.MSIRangeTable
                0x08016a40       0x40 ./Drivers/CMSIS/system_stm32wlxx.o
                0x08016a40                MSIRangeTable
 .rodata.UARTPrescTable
                0x08016a80       0x18 ./Drivers/STM32WLxx_HAL_Driver/stm32wlxx_hal_uart.o
                0x08016a80                UARTPrescTable
 .rodata.numerator.1
                0x08016a98        0x8 ./Drivers/STM32WLxx_HAL_Driver/stm32wlxx_hal_uart_ex.o
 .rodata.denominator.0
                0x08016aa0        0x8 ./Drivers/STM32WLxx_HAL_Driver/stm32wlxx_hal_uart_ex.o
 .rodata.PB_DECODERS
                0x08016aa8       0x28 ./Middlewares/ST/AI/Validation/Src/pb_decode.o
 .rodata.PB_ENCODERS
                0x08016ad0       0x28 ./Middlewares/ST/AI/Validation/Src/pb_encode.o
 .rodata.reqMsg_cmd_default
                0x08016af8        0x1 ./Middlewares/ST/AI/Validation/Src/stm32msg.pb.o
                0x08016af8                reqMsg_cmd_default
 *fill*         0x08016af9        0x3 
 .rodata.aiTensorDescMsg_format_default
                0x08016afc        0x4 ./Middlewares/ST/AI/Validation/Src/stm32msg.pb.o
                0x08016afc                aiTensorDescMsg_format_default
 .rodata.aiTensorDescMsg_size_default
                0x08016b00        0x4 ./Middlewares/ST/AI/Validation/Src/stm32msg.pb.o
                0x08016b00                aiTensorDescMsg_size_default
 .rodata.aiTensorDescMsg_n_dims_default
                0x08016b04        0x4 ./Middlewares/ST/AI/Validation/Src/stm32msg.pb.o
                0x08016b04                aiTensorDescMsg_n_dims_default
 .rodata.aiTensorDescMsg_scale_default
                0x08016b08        0x4 ./Middlewares/ST/AI/Validation/Src/stm32msg.pb.o
                0x08016b08                aiTensorDescMsg_scale_default
 .rodata.aiTensorDescMsg_zeropoint_default
                0x08016b0c        0x4 ./Middlewares/ST/AI/Validation/Src/stm32msg.pb.o
                0x08016b0c                aiTensorDescMsg_zeropoint_default
 .rodata.aiTensorDescMsg_addr_default
                0x08016b10        0x4 ./Middlewares/ST/AI/Validation/Src/stm32msg.pb.o
                0x08016b10                aiTensorDescMsg_addr_default
 .rodata.aiTensorDescMsg_flags_default
                0x08016b14        0x4 ./Middlewares/ST/AI/Validation/Src/stm32msg.pb.o
                0x08016b14                aiTensorDescMsg_flags_default
 .rodata.aiDataMsg_type_default
                0x08016b18        0x4 ./Middlewares/ST/AI/Validation/Src/stm32msg.pb.o
                0x08016b18                aiDataMsg_type_default
 .rodata.aiDataMsg_addr_default
                0x08016b1c        0x4 ./Middlewares/ST/AI/Validation/Src/stm32msg.pb.o
                0x08016b1c                aiDataMsg_addr_default
 .rodata.reqMsg_fields
                0x08016b20       0x60 ./Middlewares/ST/AI/Validation/Src/stm32msg.pb.o
                0x08016b20                reqMsg_fields
 .rodata.aiTensorDescMsg_fields
                0x08016b80       0xa0 ./Middlewares/ST/AI/Validation/Src/stm32msg.pb.o
                0x08016b80                aiTensorDescMsg_fields
 .rodata.aiDataMsg_fields
                0x08016c20       0x50 ./Middlewares/ST/AI/Validation/Src/stm32msg.pb.o
                0x08016c20                aiDataMsg_fields
 .rodata.aiOperatorMsg_fields
                0x08016c70       0x90 ./Middlewares/ST/AI/Validation/Src/stm32msg.pb.o
                0x08016c70                aiOperatorMsg_fields
 .rodata.aiTensorMsg_fields
                0x08016d00       0x30 ./Middlewares/ST/AI/Validation/Src/stm32msg.pb.o
                0x08016d00                aiTensorMsg_fields
 .rodata.aiModelInfoMsg_fields
                0x08016d30      0x140 ./Middlewares/ST/AI/Validation/Src/stm32msg.pb.o
                0x08016d30                aiModelInfoMsg_fields
 .rodata.syncMsg_fields
                0x08016e70       0x40 ./Middlewares/ST/AI/Validation/Src/stm32msg.pb.o
                0x08016e70                syncMsg_fields
 .rodata.sysinfoMsg_fields
                0x08016eb0       0x70 ./Middlewares/ST/AI/Validation/Src/stm32msg.pb.o
                0x08016eb0                sysinfoMsg_fields
 .rodata.ackMsg_fields
                0x08016f20       0x30 ./Middlewares/ST/AI/Validation/Src/stm32msg.pb.o
                0x08016f20                ackMsg_fields
 .rodata.logMsg_fields
                0x08016f50       0x30 ./Middlewares/ST/AI/Validation/Src/stm32msg.pb.o
                0x08016f50                logMsg_fields
 .rodata.respMsg_fields
                0x08016f80       0xb0 ./Middlewares/ST/AI/Validation/Src/stm32msg.pb.o
                0x08016f80                respMsg_fields
 .rodata.str1.4
                0x08017030        0xb ../../Middlewares/ST/AI/Lib/NetworkRuntime1201_CM4_GCC.a\NetworkRuntime1201_CM4_GCC.a(stai_internal.o)
 *fill*         0x0801703b        0x1 
 .rodata._rt_info.0
                0x0801703c       0x18 ../../Middlewares/ST/AI/Lib/NetworkRuntime1201_CM4_GCC.a\NetworkRuntime1201_CM4_GCC.a(stai_internal.o)
 .rodata.ln2LO  0x08017054        0x8 C:/ST/STM32CubeIDE_2.1.1/STM32CubeIDE/plugins/com.st.stm32cube.ide.mcu.externaltools.gnu-tools-for-stm32.14.3.rel1.win32_1.0.100.202602081740/tools/bin/../lib/gcc/arm-none-eabi/14.3.1/../../../../arm-none-eabi/lib/thumb/v7e-m/nofp\libm.a(libm_a-ef_exp.o)
 .rodata.ln2HI  0x0801705c        0x8 C:/ST/STM32CubeIDE_2.1.1/STM32CubeIDE/plugins/com.st.stm32cube.ide.mcu.externaltools.gnu-tools-for-stm32.14.3.rel1.win32_1.0.100.202602081740/tools/bin/../lib/gcc/arm-none-eabi/14.3.1/../../../../arm-none-eabi/lib/thumb/v7e-m/nofp\libm.a(libm_a-ef_exp.o)
 .rodata.halF   0x08017064        0x8 C:/ST/STM32CubeIDE_2.1.1/STM32CubeIDE/plugins/com.st.stm32cube.ide.mcu.externaltools.gnu-tools-for-stm32.14.3.rel1.win32_1.0.100.202602081740/tools/bin/../lib/gcc/arm-none-eabi/14.3.1/../../../../arm-none-eabi/lib/thumb/v7e-m/nofp\libm.a(libm_a-ef_exp.o)
                0x0801706c                        . = ALIGN (0x4)

.ARM.extab      0x0801706c        0x0
                0x0801706c                        . = ALIGN (0x4)
 *(.ARM.extab* .gnu.linkonce.armextab.*)
                0x0801706c                        . = ALIGN (0x4)

.ARM            0x0801706c        0x8
                0x0801706c                        . = ALIGN (0x4)
                0x0801706c                        __exidx_start = .
 *(.ARM.exidx*)
 .ARM.exidx     0x0801706c        0x8 C:/ST/STM32CubeIDE_2.1.1/STM32CubeIDE/plugins/com.st.stm32cube.ide.mcu.externaltools.gnu-tools-for-stm32.14.3.rel1.win32_1.0.100.202602081740/tools/bin/../lib/gcc/arm-none-eabi/14.3.1/../../../../arm-none-eabi/lib/thumb/v7e-m/nofp\libc_nano.a(libc_a-strlen.o)
 .ARM.exidx     0x08017074        0x0 C:/ST/STM32CubeIDE_2.1.1/STM32CubeIDE/plugins/com.st.stm32cube.ide.mcu.externaltools.gnu-tools-for-stm32.14.3.rel1.win32_1.0.100.202602081740/tools/bin/../lib/gcc/arm-none-eabi/14.3.1/thumb/v7e-m/nofp\libgcc.a(_udivmoddi4.o)
                                  0x8 (size before relaxing)
                0x08017074                        __exidx_end = .
                0x08017074                        . = ALIGN (0x4)

.preinit_array  0x08017074        0x0
                0x08017074                        . = ALIGN (0x4)
                0x08017074                        PROVIDE (__preinit_array_start = .)
 *(.preinit_array*)
                0x08017074                        PROVIDE (__preinit_array_end = .)
                0x08017074                        . = ALIGN (0x4)

.init_array     0x08017074        0x4
                0x08017074                        . = ALIGN (0x4)
                0x08017074                        PROVIDE (__init_array_start = .)
 *(SORT_BY_NAME(.init_array.*))
 *(.init_array*)
 .init_array    0x08017074        0x4 C:/ST/STM32CubeIDE_2.1.1/STM32CubeIDE/plugins/com.st.stm32cube.ide.mcu.externaltools.gnu-tools-for-stm32.14.3.rel1.win32_1.0.100.202602081740/tools/bin/../lib/gcc/arm-none-eabi/14.3.1/thumb/v7e-m/nofp/crtbegin.o
                0x08017078                        PROVIDE (__init_array_end = .)
                0x08017078                        . = ALIGN (0x4)

.fini_array     0x08017078        0x4
                0x08017078                        . = ALIGN (0x4)
                [!provide]                        PROVIDE (__fini_array_start = .)
 *(SORT_BY_NAME(.fini_array.*))
 *(.fini_array*)
 .fini_array    0x08017078        0x4 C:/ST/STM32CubeIDE_2.1.1/STM32CubeIDE/plugins/com.st.stm32cube.ide.mcu.externaltools.gnu-tools-for-stm32.14.3.rel1.win32_1.0.100.202602081740/tools/bin/../lib/gcc/arm-none-eabi/14.3.1/thumb/v7e-m/nofp/crtbegin.o
                [!provide]                        PROVIDE (__fini_array_end = .)
                0x0801707c                        . = ALIGN (0x4)
                0x0801707c                        _sidata = LOADADDR (.data)

.rel.dyn        0x0801707c        0x0
 .rel.iplt      0x0801707c        0x0 C:/ST/STM32CubeIDE_2.1.1/STM32CubeIDE/plugins/com.st.stm32cube.ide.mcu.externaltools.gnu-tools-for-stm32.14.3.rel1.win32_1.0.100.202602081740/tools/bin/../lib/gcc/arm-none-eabi/14.3.1/thumb/v7e-m/nofp/crtbegin.o

.data           0x200001dc      0x3a4 load address 0x0801707c
                0x200001dc                        . = ALIGN (0x4)
                0x200001dc                        _sdata = .
 *(.data)
 *(.data*)
 .data.data_ins
                0x200001dc        0x4 ./AI/App/app_x-cube-ai.o
                0x200001dc                data_ins
 .data.data_outs
                0x200001e0        0x4 ./AI/App/app_x-cube-ai.o
                0x200001e0                data_outs
 .data.data_activations
                0x200001e4        0x4 ./AI/App/app_x-cube-ai.o
                0x200001e4                data_activations
 .data.data_states
                0x200001e8        0x4 ./AI/App/app_x-cube-ai.o
                0x200001e8                data_states
 .data.__compound_literal.48
                0x200001ec        0x8 ./AI/App/network.o
 .data.__compound_literal.49
                0x200001f4       0x28 ./AI/App/network.o
 .data.__compound_literal.50
                0x2000021c        0x8 ./AI/App/network.o
 .data.__compound_literal.51
                0x20000224       0x28 ./AI/App/network.o
 .data.__compound_literal.52
                0x2000024c        0x4 ./AI/App/network.o
 .data.__compound_literal.53
                0x20000250       0x28 ./AI/App/network.o
 .data.__compound_literal.54
                0x20000278        0x4 ./AI/App/network.o
 .data.__compound_literal.55
                0x2000027c       0x28 ./AI/App/network.o
 .data.serving_default_features0_output_array
                0x200002a4       0x10 ./AI/App/network.o
 .data.slice_0_output_array
                0x200002b4       0x10 ./AI/App/network.o
 .data.nl_5_output_array
                0x200002c4       0x10 ./AI/App/network.o
 .data.gemm_8_output_array
                0x200002d4       0x10 ./AI/App/network.o
 .data.concat_9_output_array
                0x200002e4       0x10 ./AI/App/network.o
 .data.__compound_literal.56
                0x200002f4       0x10 ./AI/App/network.o
 .data.__compound_literal.57
                0x20000304       0x10 ./AI/App/network.o
 .data.serving_default_features0_output
                0x20000314       0x1c ./AI/App/network.o
 .data.__compound_literal.58
                0x20000330       0x10 ./AI/App/network.o
 .data.__compound_literal.59
                0x20000340       0x10 ./AI/App/network.o
 .data.slice_0_output
                0x20000350       0x1c ./AI/App/network.o
 .data.__compound_literal.60
                0x2000036c       0x10 ./AI/App/network.o
 .data.__compound_literal.61
                0x2000037c       0x10 ./AI/App/network.o
 .data.concat_9_output
                0x2000038c       0x1c ./AI/App/network.o
 .data.__compound_literal.62
                0x200003a8       0x10 ./AI/App/network.o
 .data.__compound_literal.63
                0x200003b8       0x10 ./AI/App/network.o
 .data.gemm_8_output
                0x200003c8       0x1c ./AI/App/network.o
 .data.__compound_literal.64
                0x200003e4       0x10 ./AI/App/network.o
 .data.__compound_literal.65
                0x200003f4       0x10 ./AI/App/network.o
 .data.nl_5_output
                0x20000404       0x1c ./AI/App/network.o
 .data.__compound_literal.66
                0x20000420        0x4 ./AI/App/network.o
 .data.__compound_literal.67
                0x20000424        0x4 ./AI/App/network.o
 .data.__compound_literal.70
                0x20000428       0x30 ./AI/App/network.o
 .data.slice_0_layer
                0x20000458       0x28 ./AI/App/network.o
 .data.__compound_literal.71
                0x20000480        0x8 ./AI/App/network.o
 .data.__compound_literal.72
                0x20000488        0x4 ./AI/App/network.o
 .data.__compound_literal.75