/home/icfoss/STM32CubeIDE/radar_new/E5_mini_with_hlk_ld2413_v2.0/E5_hlk_RLS_log/E5_hlk_RLS/LoRaWAN/App/CayenneLpp.c:90:6:CayenneLppInit	0	static
/home/icfoss/STM32CubeIDE/radar_new/E5_mini_with_hlk_ld2413_v2.0/E5_hlk_RLS_log/E5_hlk_RLS/LoRaWAN/App/CayenneLpp.c:98:6:CayenneLppReset	0	static
/home/icfoss/STM32CubeIDE/radar_new/E5_mini_with_hlk_ld2413_v2.0/E5_hlk_RLS_log/E5_hlk_RLS/LoRaWAN/App/CayenneLpp.c:106:9:CayenneLppGetSize	0	static
/home/icfoss/STM32CubeIDE/radar_new/E5_mini_with_hlk_ld2413_v2.0/E5_hlk_RLS_log/E5_hlk_RLS/LoRaWAN/App/CayenneLpp.c:114:10:CayenneLppGetBuffer	0	static
/home/icfoss/STM32CubeIDE/radar_new/E5_mini_with_hlk_ld2413_v2.0/E5_hlk_RLS_log/E5_hlk_RLS/LoRaWAN/App/CayenneLpp.c:122:9:CayenneLppCopy	8	static
/home/icfoss/STM32CubeIDE/radar_new/E5_mini_with_hlk_ld2413_v2.0/E5_hlk_RLS_log/E5_hlk_RLS/LoRaWAN/App/CayenneLpp.c:134:9:CayenneLppAddDigitalInput	8	static
/home/icfoss/STM32CubeIDE/radar_new/E5_mini_with_hlk_ld2413_v2.0/E5_hlk_RLS_log/E5_hlk_RLS/LoRaWAN/App/CayenneLpp.c:152:9:CayenneLppAddDigitalOutput	8	static
/home/icfoss/STM32CubeIDE/radar_new/E5_mini_with_hlk_ld2413_v2.0/E5_hlk_RLS_log/E5_hlk_RLS/LoRaWAN/App/CayenneLpp.c:170:9:CayenneLppAddAnalogInput	12	static
/home/icfoss/STM32CubeIDE/radar_new/E5_mini_with_hlk_ld2413_v2.0/E5_hlk_RLS_log/E5_hlk_RLS/LoRaWAN/App/CayenneLpp.c:191:9:CayenneLppAddAnalogOutput	12	static
/home/icfoss/STM32CubeIDE/radar_new/E5_mini_with_hlk_ld2413_v2.0/E5_hlk_RLS_log/E5_hlk_RLS/LoRaWAN/App/CayenneLpp.c:211:9:CayenneLppAddLuminosity	8	static
/home/icfoss/STM32CubeIDE/radar_new/E5_mini_with_hlk_ld2413_v2.0/E5_hlk_RLS_log/E5_hlk_RLS/LoRaWAN/App/CayenneLpp.c:230:9:CayenneLppAddPresence	8	static
/home/icfoss/STM32CubeIDE/radar_new/E5_mini_with_hlk_ld2413_v2.0/E5_hlk_RLS_log/E5_hlk_RLS/LoRaWAN/App/CayenneLpp.c:248:9:CayenneLppAddTemperature	12	static
/home/icfoss/STM32CubeIDE/radar_new/E5_mini_with_hlk_ld2413_v2.0/E5_hlk_RLS_log/E5_hlk_RLS/LoRaWAN/App/CayenneLpp.c:268:9:CayenneLppAddRelativeHumidity	8	static
/home/icfoss/STM32CubeIDE/radar_new/E5_mini_with_hlk_ld2413_v2.0/E5_hlk_RLS_log/E5_hlk_RLS/LoRaWAN/App/CayenneLpp.c:286:9:CayenneLppAddAccelerometer	28	static
/home/icfoss/STM32CubeIDE/radar_new/E5_mini_with_hlk_ld2413_v2.0/E5_hlk_RLS_log/E5_hlk_RLS/LoRaWAN/App/CayenneLpp.c:313:9:CayenneLppAddBarometricPressure	12	static
/home/icfoss/STM32CubeIDE/radar_new/E5_mini_with_hlk_ld2413_v2.0/E5_hlk_RLS_log/E5_hlk_RLS/LoRaWAN/App/CayenneLpp.c:334:9:CayenneLppAddGyrometer	28	static
/home/icfoss/STM32CubeIDE/radar_new/E5_mini_with_hlk_ld2413_v2.0/E5_hlk_RLS_log/E5_hlk_RLS/LoRaWAN/App/CayenneLpp.c:361:9:CayenneLppAddGps	16	static
