Archive member included to satisfy reference by file (symbol)

../../Middlewares/ST/AI/Lib/NetworkRuntime1201_CM4_GCC.a\NetworkRuntime1201_CM4_GCC.a(stai_debug.o)
                              ./AI/App/app_x-cube-ai.o (stai_get_return_code_name)
../../Middlewares/ST/AI/Lib/NetworkRuntime1201_CM4_GCC.a\NetworkRuntime1201_CM4_GCC.a(stai_internal.o)
                              ./AI/App/app_x-cube-ai.o (stai_runtime_init)
../../Middlewares/ST/AI/Lib/NetworkRuntime1201_CM4_GCC.a\NetworkRuntime1201_CM4_GCC.a(layers_generic_float.o)
                              ./AI/App/network.o (forward_slice)
../../Middlewares/ST/AI/Lib/NetworkRuntime1201_CM4_GCC.a\NetworkRuntime1201_CM4_GCC.a(layers_pad_generic.o)
                              ../../Middlewares/ST/AI/Lib/NetworkRuntime1201_CM4_GCC.a\NetworkRuntime1201_CM4_GCC.a(layers_generic_float.o) (forward_pad_8bit_ch1st_3x3_constant)
../../Middlewares/ST/AI/Lib/NetworkRuntime1201_CM4_GCC.a\NetworkRuntime1201_CM4_GCC.a(layers_resize.o)
                              ../../Middlewares/ST/AI/Lib/NetworkRuntime1201_CM4_GCC.a\NetworkRuntime1201_CM4_GCC.a(layers_generic_float.o) (forward_resize_nearest_if32of32)
../../Middlewares/ST/AI/Lib/NetworkRuntime1201_CM4_GCC.a\NetworkRuntime1201_CM4_GCC.a(forward_lite_argminmax.o)
                              ../../Middlewares/ST/AI/Lib/NetworkRuntime1201_CM4_GCC.a\NetworkRuntime1201_CM4_GCC.a(layers_generic_float.o) (forward_lite_argmax_if32)
../../Middlewares/ST/AI/Lib/NetworkRuntime1201_CM4_GCC.a\NetworkRuntime1201_CM4_GCC.a(lite_argminmax_if32_kernel.o)
                              ../../Middlewares/ST/AI/Lib/NetworkRuntime1201_CM4_GCC.a\NetworkRuntime1201_CM4_GCC.a(forward_lite_argminmax.o) (forward_lite_argmax_f32_kernel_ch)
../../Middlewares/ST/AI/Lib/NetworkRuntime1201_CM4_GCC.a\NetworkRuntime1201_CM4_GCC.a(lite_argminmax_is8_kernel.o)
                              ../../Middlewares/ST/AI/Lib/NetworkRuntime1201_CM4_GCC.a\NetworkRuntime1201_CM4_GCC.a(forward_lite_argminmax.o) (forward_lite_argmax_s8_kernel)
../../Middlewares/ST/AI/Lib/NetworkRuntime1201_CM4_GCC.a\NetworkRuntime1201_CM4_GCC.a(forward_lite_resize.o)
                              ../../Middlewares/ST/AI/Lib/NetworkRuntime1201_CM4_GCC.a\NetworkRuntime1201_CM4_GCC.a(layers_resize.o) (forward_lite_resize_bilinear_if32of32)
../../Middlewares/ST/AI/Lib/NetworkRuntime1201_CM4_GCC.a\NetworkRuntime1201_CM4_GCC.a(forward_lite_upsample.o)
                              ../../Middlewares/ST/AI/Lib/NetworkRuntime1201_CM4_GCC.a\NetworkRuntime1201_CM4_GCC.a(layers_generic_float.o) (forward_lite_upsample_bilinear_if32of32)
../../Middlewares/ST/AI/Lib/NetworkRuntime1201_CM4_GCC.a\NetworkRuntime1201_CM4_GCC.a(forward_lite_upsample_generic.o)
                              ../../Middlewares/ST/AI/Lib/NetworkRuntime1201_CM4_GCC.a\NetworkRuntime1201_CM4_GCC.a(layers_generic_float.o) (forward_lite_upsample_nearest)
../../Middlewares/ST/AI/Lib/NetworkRuntime1201_CM4_GCC.a\NetworkRuntime1201_CM4_GCC.a(lite_dense_if32.o)
                              ./AI/App/network.o (forward_lite_dense_if32of32wf32)
../../Middlewares/ST/AI/Lib/NetworkRuntime1201_CM4_GCC.a\NetworkRuntime1201_CM4_GCC.a(lite_generic_float.o)
                              ../../Middlewares/ST/AI/Lib/NetworkRuntime1201_CM4_GCC.a\NetworkRuntime1201_CM4_GCC.a(layers_generic_float.o) (forward_lite_gather_nd)
../../Middlewares/ST/AI/Lib/NetworkRuntime1201_CM4_GCC.a\NetworkRuntime1201_CM4_GCC.a(lite_nl_generic_float.o)
                              ./AI/App/network.o (forward_lite_nl_sigmoid_if32of32)
../../Middlewares/ST/AI/Lib/NetworkRuntime1201_CM4_GCC.a\NetworkRuntime1201_CM4_GCC.a(forward_lite_pad_generic.o)
                              ../../Middlewares/ST/AI/Lib/NetworkRuntime1201_CM4_GCC.a\NetworkRuntime1201_CM4_GCC.a(layers_pad_generic.o) (forward_lite_pad_8bit_ch1st_3x3_constant_P0022)
../../Middlewares/ST/AI/Lib/NetworkRuntime1201_CM4_GCC.a\NetworkRuntime1201_CM4_GCC.a(st_int8_fill.o)
                              ../../Middlewares/ST/AI/Lib/NetworkRuntime1201_CM4_GCC.a\NetworkRuntime1201_CM4_GCC.a(layers_generic_float.o) (st_int8_copy)
../../Middlewares/ST/AI/Lib/NetworkRuntime1201_CM4_GCC.a\NetworkRuntime1201_CM4_GCC.a(ai_math_helpers.o)
                              ../../Middlewares/ST/AI/Lib/NetworkRuntime1201_CM4_GCC.a\NetworkRuntime1201_CM4_GCC.a(lite_generic_float.o) (ai_math_sqrt)
../../Middlewares/ST/AI/Lib/NetworkRuntime1201_CM4_GCC.a\NetworkRuntime1201_CM4_GCC.a(ai_datatypes_format.o)
                              ../../Middlewares/ST/AI/Lib/NetworkRuntime1201_CM4_GCC.a\NetworkRuntime1201_CM4_GCC.a(layers_generic_float.o) (ai_array_get_byte_size)
../../Middlewares/ST/AI/Lib/NetworkRuntime1201_CM4_GCC.a\NetworkRuntime1201_CM4_GCC.a(core_utils.o)
                              ../../Middlewares/ST/AI/Lib/NetworkRuntime1201_CM4_GCC.a\NetworkRuntime1201_CM4_GCC.a(layers_generic_float.o) (core_get_broadcasted_shape)
[...]
Memory Configuration

Name             Origin             Length             Attributes
FLASH            0x08000000         0x00040000         xr
RAM2             0x10000000         0x00008000         xrw
RAM              0x20000000         0x00010000         xrw
*default*        0x00000000         0xffffffff

Linker script and memory map

LOAD C:/ST/STM32CubeIDE_2.1.1/STM32CubeIDE/plugins/com.st.stm32cube.ide.mcu.externaltools.gnu-tools-for-stm32.14.3.rel1.win32_1.0.100.202602081740/tools/bin/../lib/gcc/arm-none-eabi/14.3.1/thumb/v7e-m/nofp/crti.o
LOAD C:/ST/STM32CubeIDE_2.1.1/STM32CubeIDE/plugins/com.st.stm32cube.ide.mcu.externaltools.gnu-tools-for-stm32.14.3.rel1.win32_1.0.100.202602081740/tools/bin/../lib/gcc/arm-none-eabi/14.3.1/thumb/v7e-m/nofp/crtbegin.o
LOAD C:/ST/STM32CubeIDE_2.1.1/STM32CubeIDE/plugins/com.st.stm32cube.ide.mcu.externaltools.gnu-tools-for-stm32.14.3.rel1.win32_1.0.100.202602081740/tools/bin/../lib/gcc/arm-none-eabi/14.3.1/../../../../arm-none-eabi/lib/thumb/v7e-m/nofp/crt0.o
LOAD ./AI/App/app_x-cube-ai.o
LOAD ./AI/App/network.o
LOAD ./AI/App/network_data.o
LOAD ./AI/App/network_weights.o
LOAD ./AI/App/user_init.o
LOAD ./Application/User/Core/main.o
LOAD ./Application/User/Core/stm32wlxx_hal_msp.o
LOAD ./Application/User/Core/stm32wlxx_it.o
LOAD ./Application/User/Core/syscalls.o
LOAD ./Application/User/Core/sysmem.o
LOAD ./Application/User/Startup/startup_stm32wle5jcix.o
LOAD ./Drivers/CMSIS/system_stm32wlxx.o
LOAD ./Drivers/STM32WLxx_HAL_Driver/stm32wlxx_hal.o
LOAD ./Drivers/STM32WLxx_HAL_Driver/stm32wlxx_hal_cortex.o
LOAD ./Drivers/STM32WLxx_HAL_Driver/stm32wlxx_hal_dma.o
LOAD ./Drivers/STM32WLxx_HAL_Driver/stm32wlxx_hal_dma_ex.o
LOAD ./Drivers/STM32WLxx_HAL_Driver/stm32wlxx_hal_exti.o
LOAD ./Drivers/STM32WLxx_HAL_Driver/stm32wlxx_hal_flash.o
LOAD ./Drivers/STM32WLxx_HAL_Driver/stm32wlxx_hal_flash_ex.o
LOAD ./Drivers/STM32WLxx_HAL_Driver/stm32wlxx_hal_gpio.o
LOAD ./Drivers/STM32WLxx_HAL_Driver/stm32wlxx_hal_pwr.o
LOAD ./Drivers/STM32WLxx_HAL_Driver/stm32wlxx_hal_pwr_ex.o
LOAD ./Drivers/STM32WLxx_HAL_Driver/stm32wlxx_hal_rcc.o
LOAD ./Drivers/STM32WLxx_HAL_Driver/stm32wlxx_hal_rcc_ex.o
LOAD ./Drivers/STM32WLxx_HAL_Driver/stm32wlxx_hal_uart.o
LOAD ./Drivers/STM32WLxx_HAL_Driver/stm32wlxx_hal_uart_ex.o
LOAD ./Middlewares/ST/AI/Misc/Src/aiTestHelper_ST_AI.o
LOAD ./Middlewares/ST/AI/Misc/Src/aiTestUtility.o
LOAD ./Middlewares/ST/AI/Misc/Src/ai_device_adaptor.o
LOAD ./Middlewares/ST/AI/Misc/Src/lc_print.o
LOAD ./Middlewares/ST/AI/Misc/Src/syscalls.o
LOAD ../../Middlewares/ST/AI/Lib/NetworkRuntime1201_CM4_GCC.a\NetworkRuntime1201_CM4_GCC.a
START GROUP
LOAD C:/ST/STM32CubeIDE_2.1.1/STM32CubeIDE/plugins/com.st.stm32cube.ide.mcu.externaltools.gnu-tools-for-stm32.14.3.rel1.win32_1.0.100.202602081740/tools/bin/../lib/gcc/arm-none-eabi/14.3.1/../../../../arm-none-eabi/lib/thumb/v7e-m/nofp\libc_nano.a
LOAD C:/ST/STM32CubeIDE_2.1.1/STM32CubeIDE/plugins/com.st.stm32cube.ide.mcu.externaltools.gnu-tools-for-stm32.14.3.rel1.win32_1.0.100.202602081740/tools/bin/../lib/gcc/arm-none-eabi/14.3.1/../../../../arm-none-eabi/lib/thumb/v7e-m/nofp\libm.a
END GROUP
START GROUP
LOAD C:/ST/STM32CubeIDE_2.1.1/STM32CubeIDE/plugins/com.st.stm32cube.ide.mcu.externaltools.gnu-tools-for-stm32.14.3.rel1.win32_1.0.100.202602081740/tools/bin/../lib/gcc/arm-none-eabi/14.3.1/thumb/v7e-m/nofp\libgcc.a
LOAD C:/ST/STM32CubeIDE_2.1.1/STM32CubeIDE/plugins/com.st.stm32cube.ide.mcu.externaltools.gnu-tools-for-stm32.14.3.rel1.win32_1.0.100.202602081740/tools/bin/../lib/gcc/arm-none-eabi/14.3.1/../../../../arm-none-eabi/lib/thumb/v7e-m/nofp\libc_nano.a
END GROUP
START GROUP
LOAD C:/ST/STM32CubeIDE_2.1.1/STM32CubeIDE/plugins/com.st.stm32cube.ide.mcu.externaltools.gnu-tools-for-stm32.14.3.rel1.win32_1.0.100.202602081740/tools/bin/../lib/gcc/arm-none-eabi/14.3.1/thumb/v7e-m/nofp\libgcc.a
LOAD C:/ST/STM32CubeIDE_2.1.1/STM32CubeIDE/plugins/com.st.stm32cube.ide.mcu.externaltools.gnu-tools-for-stm32.14.3.rel1.win32_1.0.100.202602081740/tools/bin/../lib/gcc/arm-none-eabi/14.3.1/../../../../arm-none-eabi/lib/thumb/v7e-m/nofp\libc_nano.a
LOAD C:/ST/STM32CubeIDE_2.1.1/STM32CubeIDE/plugins/com.st.stm32cube.ide.mcu.externaltools.gnu-tools-for-stm32.14.3.rel1.win32_1.0.100.202602081740/tools/bin/../lib/gcc/arm-none-eabi/14.3.1/../../../../arm-none-eabi/lib/thumb/v7e-m/nofp\libnosys.a
END GROUP
START GROUP
LOAD C:/ST/STM32CubeIDE_2.1.1/STM32CubeIDE/plugins/com.st.stm32cube.ide.mcu.externaltools.gnu-tools-for-stm32.14.3.rel1.win32_1.0.100.202602081740/tools/bin/../lib/gcc/arm-none-eabi/14.3.1/thumb/v7e-m/nofp\libgcc.a
LOAD C:/ST/STM32CubeIDE_2.1.1/STM32CubeIDE/plugins/com.st.stm32cube.ide.mcu.externaltools.gnu-tools-for-stm32.14.3.rel1.win32_1.0.100.202602081740/tools/bin/../lib/gcc/arm-none-eabi/14.3.1/../../../../arm-none-eabi/lib/thumb/v7e-m/nofp\libc_nano.a
LOAD C:/ST/STM32CubeIDE_2.1.1/STM32CubeIDE/plugins/com.st.stm32cube.ide.mcu.externaltools.gnu-tools-for-stm32.14.3.rel1.win32_1.0.100.202602081740/tools/bin/../lib/gcc/arm-none-eabi/14.3.1/../../../../arm-none-eabi/lib/thumb/v7e-m/nofp\libnosys.a
END GROUP
LOAD C:/ST/STM32CubeIDE_2.1.1/STM32CubeIDE/plugins/com.st.stm32cube.ide.mcu.externaltools.gnu-tools-for-stm32.14.3.rel1.win32_1.0.100.202602081740/tools/bin/../lib/gcc/arm-none-eabi/14.3.1/thumb/v7e-m/nofp/crtend.o
LOAD C:/ST/STM32CubeIDE_2.1.1/STM32CubeIDE/plugins/com.st.stm32cube.ide.mcu.externaltools.gnu-tools-for-stm32.14.3.rel1.win32_1.0.100.202602081740/tools/bin/../lib/gcc/arm-none-eabi/14.3.1/thumb/v7e-m/nofp/crtn.o
                0x20010000                        _estack = (ORIGIN (RAM) + LENGTH (RAM))
                0x00000800                        _Min_Heap_Size = 0x800
                0x00002000                        _Min_Stack_Size = 0x2000

.AI_SRAM        0x20000000      0x1dc
                0x20000000                        . = ALIGN (0x4)
 *(.AI_SRAM)
 .AI_SRAM       0x20000000      0x1dc ./AI/App/app_x-cube-ai.o
                0x200001dc                        . = ALIGN (0x4)

.AI_SRAM        0x200001dc        0x0
                0x200001dc                        . = ALIGN (0x4)
 *(.AI_SRAM)
                0x200001dc                        . = ALIGN (0x4)

.isr_vector     0x08000000      0x138
                0x08000000                        . = ALIGN (0x4)
 *(.isr_vector)
 .isr_vector    0x08000000      0x138 ./Application/User/Startup/startup_stm32wle5jcix.o
                0x08000000                g_pfnVectors
                0x08000138                        . = ALIGN (0x4)

.text           0x08000140     0xe5c8
                0x08000140                        . = ALIGN (0x4)
 *(.text)
 .text          0x08000140       0x40 C:/ST/STM32CubeIDE_2.1.1/STM32CubeIDE/plugins/com.st.stm32cube.ide.mcu.externaltools.gnu-tools-for-stm32.14.3.rel1.win32_1.0.100.202602081740/tools/bin/../lib/gcc/arm-none-eabi/14.3.1/thumb/v7e-m/nofp/crtbegin.o
 .text          0x08000180       0x14 C:/ST/STM32CubeIDE_2.1.1/STM32CubeIDE/plugins/com.st.stm32cube.ide.mcu.externaltools.gnu-tools-for-stm32.14.3.rel1.win32_1.0.100.202602081740/tools/bin/../lib/gcc/arm-none-eabi/14.3.1/../../../../arm-none-eabi/lib/thumb/v7e-m/nofp\libc_nano.a(libc_a-strcmp.o)
                0x08000180                strcmp
 .text          0x08000194       0x10 C:/ST/STM32CubeIDE_2.1.1/STM32CubeIDE/plugins/com.st.stm32cube.ide.mcu.externaltools.gnu-tools-for-stm32.14.3.rel1.win32_1.0.100.202602081740/tools/bin/../lib/gcc/arm-none-eabi/14.3.1/../../../../arm-none-eabi/lib/thumb/v7e-m/nofp\libc_nano.a(libc_a-strlen.o)
                0x08000194                strlen
 *fill*         0x080001a4        0xc 
 .text          0x080001b0       0xa0 C:/ST/STM32CubeIDE_2.1.1/STM32CubeIDE/plugins/com.st.stm32cube.ide.mcu.externaltools.gnu-tools-for-stm32.14.3.rel1.win32_1.0.100.202602081740/tools/bin/../lib/gcc/arm-none-eabi/14.3.1/../../../../arm-none-eabi/lib/thumb/v7e-m/nofp\libc_nano.a(libc_a-memchr.o)
                0x080001b0                memchr
 .text          0x08000250      0x378 C:/ST/STM32CubeIDE_2.1.1/STM32CubeIDE/plugins/com.st.stm32cube.ide.mcu.externaltools.gnu-tools-for-stm32.14.3.rel1.win32_1.0.100.202602081740/tools/bin/../lib/gcc/arm-none-eabi/14.3.1/thumb/v7e-m/nofp\libgcc.a(_arm_addsubdf3.o)
                0x08000250                __aeabi_drsub
                0x08000258                __aeabi_dsub
                0x08000258                __subdf3
                0x0800025c                __aeabi_dadd
                0x0800025c                __adddf3
                0x080004d4                __floatunsidf
                0x080004d4                __aeabi_ui2d
                0x080004f4                __floatsidf
                0x080004f4                __aeabi_i2d
                0x08000518                __aeabi_f2d
                0x08000518                __extendsfdf2
                0x0800055c                __floatundidf
                0x0800055c                __aeabi_ul2d
                0x0800056c                __floatdidf
                0x0800056c                __aeabi_l2d
 .text          0x080005c8      0x424 C:/ST/STM32CubeIDE_2.1.1/STM32CubeIDE/plugins/com.st.stm32cube.ide.mcu.externaltools.gnu-tools-for-stm32.14.3.rel1.win32_1.0.100.202602081740/tools/bin/../lib/gcc/arm-none-eabi/14.3.1/thumb/v7e-m/nofp\libgcc.a(_arm_muldivdf3.o)
                0x080005c8                __aeabi_dmul
                0x080005c8                __muldf3
                0x0800081c                __divdf3
                0x0800081c                __aeabi_ddiv
 .text          0x080009ec      0x110 C:/ST/STM32CubeIDE_2.1.1/STM32CubeIDE/plugins/com.st.stm32cube.ide.mcu.externaltools.gnu-tools-for-stm32.14.3.rel1.win32_1.0.100.202602081740/tools/bin/../lib/gcc/arm-none-eabi/14.3.1/thumb/v7e-m/nofp\libgcc.a(_arm_cmpdf2.o)
                0x080009ec                __gtdf2
                0x080009ec                __gedf2
                0x080009f4                __ltdf2
                0x080009f4                __ledf2
                0x080009fc                __nedf2
                0x080009fc                __eqdf2
                0x080009fc                __cmpdf2
                0x08000a78                __aeabi_cdrcmple
                0x08000a88                __aeabi_cdcmpeq
                0x08000a88                __aeabi_cdcmple
                0x08000a98                __aeabi_dcmpeq
                0x08000aac                __aeabi_dcmplt
                0x08000ac0                __aeabi_dcmple
                0x08000ad4                __aeabi_dcmpge
                0x08000ae8                __aeabi_dcmpgt
 .text          0x08000afc       0x2c C:/ST/STM32CubeIDE_2.1.1/STM32CubeIDE/plugins/com.st.stm32cube.ide.mcu.externaltools.gnu-tools-for-stm32.14.3.rel1.win32_1.0.100.202602081740/tools/bin/../lib/gcc/arm-none-eabi/14.3.1/thumb/v7e-m/nofp\libgcc.a(_arm_unorddf2.o)
                0x08000afc                __unorddf2
                0x08000afc                __aeabi_dcmpun
 .text          0x08000b28       0x50 C:/ST/STM32CubeIDE_2.1.1/STM32CubeIDE/plugins/com.st.stm32cube.ide.mcu.externaltools.gnu-tools-for-stm32.14.3.rel1.win32_1.0.100.202602081740/tools/bin/../lib/gcc/arm-none-eabi/14.3.1/thumb/v7e-m/nofp\libgcc.a(_arm_fixdfsi.o)
                0x08000b28                __aeabi_d2iz
                0x08000b28                __fixdfsi
 .text          0x08000b78       0x40 C:/ST/STM32CubeIDE_2.1.1/STM32CubeIDE/plugins/com.st.stm32cube.ide.mcu.externaltools.gnu-tools-for-stm32.14.3.rel1.win32_1.0.100.202602081740/tools/bin/../lib/gcc/arm-none-eabi/14.3.1/thumb/v7e-m/nofp\libgcc.a(_arm_fixunsdfsi.o)
                0x08000b78                __aeabi_d2uiz
                0x08000b78                __fixunsdfsi
 .text          0x08000bb8       0xa0 C:/ST/STM32CubeIDE_2.1.1/STM32CubeIDE/plugins/com.st.stm32cube.ide.mcu.externaltools.gnu-tools-for-stm32.14.3.rel1.win32_1.0.100.202602081740/tools/bin/../lib/gcc/arm-none-eabi/14.3.1/thumb/v7e-m/nofp\libgcc.a(_arm_truncdfsf2.o)
                0x08000bb8                __truncdfsf2
                0x08000bb8                __aeabi_d2f
 .text          0x08000c58      0x21c C:/ST/STM32CubeIDE_2.1.1/STM32CubeIDE/plugins/com.st.stm32cube.ide.mcu.externaltools.gnu-tools-for-stm32.14.3.rel1.win32_1.0.100.202602081740/tools/bin/../lib/gcc/arm-none-eabi/14.3.1/thumb/v7e-m/nofp\libgcc.a(_arm_addsubsf3.o)
                0x08000c58                __aeabi_frsub
                0x08000c60                __subsf3
                0x08000c60                __aeabi_fsub
                0x08000c64                __aeabi_fadd
                0x08000c64                __addsf3
                0x08000dc4                __aeabi_ui2f
                0x08000dc4                __floatunsisf
                0x08000dcc                __aeabi_i2f
                0x08000dcc                __floatsisf
                0x08000de8                __aeabi_ul2f
                0x08000de8                __floatundisf
                0x08000df8                __aeabi_l2f
                0x08000df8                __floatdisf
 .text          0x08000e74      0x2a0 C:/ST/STM32CubeIDE_2.1.1/STM32CubeIDE/plugins/com.st.stm32cube.ide.mcu.externaltools.gnu-tools-for-stm32.14.3.rel1.win32_1.0.100.202602081740/tools/bin/../lib/gcc/arm-none-eabi/14.3.1/thumb/v7e-m/nofp\libgcc.a(_arm_muldivsf3.o)
                0x08000e74                __mulsf3
                0x08000e74                __aeabi_fmul
                0x08000fdc                __aeabi_fdiv
                0x08000fdc                __divsf3
 .text          0x08001114       0xec C:/ST/STM32CubeIDE_2.1.1/STM32CubeIDE/plugins/com.st.stm32cube.ide.mcu.externaltools.gnu-tools-for-stm32.14.3.rel1.win32_1.0.100.202602081740/tools/bin/../lib/gcc/arm-none-eabi/14.3.1/thumb/v7e-m/nofp\libgcc.a(_arm_cmpsf2.o)
                0x08001114                __gesf2
                0x08001114                __gtsf2
                0x0800111c                __lesf2
                0x0800111c                __ltsf2
                0x08001124                __nesf2
                0x08001124                __eqsf2
                0x08001124                __cmpsf2
                0x08001184                __aeabi_cfrcmple
                0x0800118c                __aeabi_cfcmpeq
                0x0800118c                __aeabi_cfcmple
                0x0800119c                __aeabi_fcmpeq
                0x080011b0                __aeabi_fcmplt
                0x080011c4                __aeabi_fcmple
                0x080011d8                __aeabi_fcmpge
                0x080011ec                __aeabi_fcmpgt
 .text          0x08001200       0x2c C:/ST/STM32CubeIDE_2.1.1/STM32CubeIDE/plugins/com.st.stm32cube.ide.mcu.externaltools.gnu-tools-for-stm32.14.3.rel1.win32_1.0.100.202602081740/tools/bin/../lib/gcc/arm-none-eabi/14.3.1/thumb/v7e-m/nofp\libgcc.a(_arm_unordsf2.o)
                0x08001200                __unordsf2
                0x08001200                __aeabi_fcmpun
 .text          0x0800122c       0x4c C:/ST/STM32CubeIDE_2.1.1/STM32CubeIDE/plugins/com.st.stm32cube.ide.mcu.externaltools.gnu-tools-for-stm32.14.3.rel1.win32_1.0.100.202602081740/tools/bin/../lib/gcc/arm-none-eabi/14.3.1/thumb/v7e-m/nofp\libgcc.a(_arm_fixsfsi.o)
                0x0800122c                __aeabi_f2iz
                0x0800122c                __fixsfsi
 .text          0x08001278       0xa0 C:/ST/STM32CubeIDE_2.1.1/STM32CubeIDE/plugins/com.st.stm32cube.ide.mcu.externaltools.gnu-tools-for-stm32.14.3.rel1.win32_1.0.100.202602081740/tools/bin/../lib/gcc/arm-none-eabi/14.3.1/thumb/v7e-m/nofp\libgcc.a(_aeabi_ldivmod.o)
                0x08001278                __aeabi_ldivmod
 .text          0x08001318       0x30 C:/ST/STM32CubeIDE_2.1.1/STM32CubeIDE/plugins/com.st.stm32cube.ide.mcu.externaltools.gnu-tools-for-stm32.14.3.rel1.win32_1.0.100.202602081740/tools/bin/../lib/gcc/arm-none-eabi/14.3.1/thumb/v7e-m/nofp\libgcc.a(_aeabi_uldivmod.o)
                0x08001318                __aeabi_uldivmod
 .text          0x08001348       0x30 C:/ST/STM32CubeIDE_2.1.1/STM32CubeIDE/plugins/com.st.stm32cube.ide.mcu.externaltools.gnu-tools-for-stm32.14.3.rel1.win32_1.0.100.202602081740/tools/bin/../lib/gcc/arm-none-eabi/14.3.1/thumb/v7e-m/nofp\libgcc.a(_fixdfdi.o)
                0x08001348                __fixdfdi
                0x08001348                __aeabi_d2lz
 .text          0x08001378       0x3c C:/ST/STM32CubeIDE_2.1.1/STM32CubeIDE/plugins/com.st.stm32cube.ide.mcu.externaltools.gnu-tools-for-stm32.14.3.rel1.win32_1.0.100.202602081740/tools/bin/../lib/gcc/arm-none-eabi/14.3.1/thumb/v7e-m/nofp\libgcc.a(_fixunsdfdi.o)
                0x08001378                __fixunsdfdi
                0x08001378                __aeabi_d2ulz
 .text          0x080013b4      0x2f8 C:/ST/STM32CubeIDE_2.1.1/STM32CubeIDE/plugins/com.st.stm32cube.ide.mcu.externaltools.gnu-tools-for-stm32.14.3.rel1.win32_1.0.100.202602081740/tools/bin/../lib/gcc/arm-none-eabi/14.3.1/thumb/v7e-m/nofp\libgcc.a(_udivmoddi4.o)
                0x080013b4                __udivmoddi4
 .text          0x080016ac        0x4 C:/ST/STM32CubeIDE_2.1.1/STM32CubeIDE/plugins/com.st.stm32cube.ide.mcu.externaltools.gnu-tools-for-stm32.14.3.rel1.win32_1.0.100.202602081740/tools/bin/../lib/gcc/arm-none-eabi/14.3.1/thumb/v7e-m/nofp\libgcc.a(_dvmd_tls.o)
                0x080016ac                __aeabi_idiv0
                0x080016ac                __aeabi_ldiv0
 *(.text*)
 .text.cyclesCounterInit
                0x080016b0       0x90 ./AI/App/app_x-cube-ai.o
 .text.cyclesCounterStart
                0x08001740       0x28 ./AI/App/app_x-cube-ai.o
 .text.cyclesCounterEnd
                0x08001768       0xd4 ./AI/App/app_x-cube-ai.o
 .text.aiInit   0x0800183c       0x5c ./AI/App/app_x-cube-ai.o
                0x0800183c                aiInit
 .text.aiRun    0x08001898      0x108 ./AI/App/app_x-cube-ai.o
                0x08001898                aiRun
 .text.read_line
                0x080019a0       0xc4 ./AI/App/app_x-cube-ai.o
                0x080019a0                read_line
 .text.main_loop
                0x08001a64      0xa00 ./AI/App/app_x-cube-ai.o
                0x08001a64                main_loop
 .text.STM32CubeAI_Studio_AI_Init
                0x08002464        0xc ./AI/App/app_x-cube-ai.o
                0x08002464                STM32CubeAI_Studio_AI_Init
 .text.STM32CubeAI_Studio_AI_Process
                0x08002470        0xc ./AI/App/app_x-cube-ai.o
                0x08002470                STM32CubeAI_Studio_AI_Process
 .text._stai_network_check
                0x0800247c      0x106 ./AI/App/network.o
 *fill*         0x08002582        0x2 
 .text.stai_network_init
                0x08002584       0x60 ./AI/App/network.o
                0x08002584                stai_network_init
 .text.forward_lite_slice_slice_0
                0x080025e4       0xac ./AI/App/network.o
                0x080025e4                forward_lite_slice_slice_0
 .text.forward_lite_concat_concat_9
                0x08002690       0xcc ./AI/App/network.o
                0x08002690                forward_lite_concat_concat_9
 .text.stai_network_run
                0x0800275c      0xdb4 ./AI/App/network.o
                0x0800275c                stai_network_run
 .text.stai_network_get_inputs
                0x08003510       0xcc ./AI/App/network.o
                0x08003510                stai_network_get_inputs
 .text.stai_network_get_outputs
                0x080035dc       0xcc ./AI/App/network.o
                0x080035dc                stai_network_get_outputs
 .text.stai_network_get_error
                0x080036a8       0x5c ./AI/App/network.o
                0x080036a8                stai_network_get_error
 .text.stai_network_set_activations
                0x08003704      0x1ac ./AI/App/network.o
                0x08003704                stai_network_set_activations
 .text.user_stai_network_init
                0x080038b0       0x24 ./AI/App/user_init.o
                0x080038b0                user_stai_network_init
 .text.LL_AHB2_GRP1_EnableClock
                0x080038d4       0x30 ./Application/User/Core/main.o
 .text.main     0x08003904       0x1e ./Application/User/Core/main.o
                0x08003904                main
 *fill*         0x08003922        0x2 
 .text.SystemClock_Config
                0x08003924       0xc0 ./Application/User/Core/main.o
                0x08003924                SystemClock_Config
 .text.MX_USART1_UART_Init
                0x080039e4       0x98 ./Application/User/Core/main.o
 .text.MX_GPIO_Init
                0x08003a7c        0xe ./Application/User/Core/main.o
 .text.Error_Handler
                0x08003a8a        0xc ./Application/User/Core/main.o
                0x08003a8a                Error_Handler
 .text.LL_AHB2_GRP1_EnableClock
                0x08003a96       0x30 ./Application/User/Core/stm32wlxx_hal_msp.o
 .text.LL_APB2_GRP1_EnableClock
                0x08003ac6       0x30 ./Application/User/Core/stm32wlxx_hal_msp.o
 .text.HAL_MspInit
                0x08003af6        0xc ./Application/User/Core/stm32wlxx_hal_msp.o
                0x08003af6                HAL_MspInit
 *fill*         0x08003b02        0x2 
 .text.HAL_UART_MspInit
                0x08003b04       0x8c ./Application/User/Core/stm32wlxx_hal_msp.o
                0x08003b04                HAL_UART_MspInit
 .text.NMI_Handler
                0x08003b90        0x8 ./Application/User/Core/stm32wlxx_it.o
                0x08003b90                NMI_Handler
 .text.HardFault_Handler
                0x08003b98        0x8 ./Application/User/Core/stm32wlxx_it.o
                0x08003b98                HardFault_Handler
 .text.MemManage_Handler
                0x08003ba0        0x8 ./Application/User/Core/stm32wlxx_it.o
                0x08003ba0                MemManage_Handler
 .text.BusFault_Handler
                0x08003ba8        0x8 ./Application/User/Core/stm32wlxx_it.o
                0x08003ba8                BusFault_Handler
 .text.UsageFault_Handler
                0x08003bb0        0x8 ./Application/User/Core/stm32wlxx_it.o
                0x08003bb0                UsageFault_Handler
 .text.SVC_Handler
                0x08003bb8        0xc ./Application/User/Core/stm32wlxx_it.o
                0x08003bb8                SVC_Handler
 .text.DebugMon_Handler
                0x08003bc4        0xc ./Application/User/Core/stm32wlxx_it.o
                0x08003bc4                DebugMon_Handler
 .text.PendSV_Handler
                0x08003bd0        0xc ./Application/User/Core/stm32wlxx_it.o
                0x08003bd0                PendSV_Handler
 .text.SysTick_Handler
                0x08003bdc        0xc ./Application/User/Core/stm32wlxx_it.o
                0x08003bdc                SysTick_Handler
 .text._getpid  0x08003be8        0xe ./Application/User/Core/syscalls.o
                0x08003be8                _getpid
 .text._kill    0x08003bf6       0x20 ./Application/User/Core/syscalls.o
                0x08003bf6                _kill
 .text._exit    0x08003c16       0x16 ./Application/User/Core/syscalls.o
                0x08003c16                _exit
 .text._read    0x08003c2c       0x3a ./Application/User/Core/syscalls.o
                0x08003c2c                _read
 .text._close   0x08003c66       0x16 ./Application/User/Core/syscalls.o
                0x08003c66                _close
 .text._fstat   0x08003c7c       0x1e ./Application/User/Core/syscalls.o
                0x08003c7c                _fstat
 .text._isatty  0x08003c9a       0x14 ./Application/User/Core/syscalls.o
                0x08003c9a                _isatty
 .text._lseek   0x08003cae       0x18 ./Application/User/Core/syscalls.o
                0x08003cae                _lseek
 *fill*         0x08003cc6        0x2 
 .text._sbrk    0x08003cc8       0x6c ./Application/User/Core/sysmem.o
                0x08003cc8                _sbrk
 .text.Reset_Handler
                0x08003d34       0x50 ./Application/User/Startup/startup_stm32wle5jcix.o
                0x08003d34                Reset_Handler
 .text.Default_Handler
                0x08003d84        0x2 ./Application/User/Startup/startup_stm32wle5jcix.o
                0x08003d84                RTC_Alarm_IRQHandler
                0x08003d84                EXTI2_IRQHandler
                0x08003d84                TIM1_CC_IRQHandler
                0x08003d84                EXTI3_IRQHandler
                0x08003d84                LPTIM2_IRQHandler
                0x08003d84                I2C3_ER_IRQHandler
                0x08003d84                LPTIM3_IRQHandler
                0x08003d84                EXTI0_IRQHandler
                0x08003d84                I2C2_EV_IRQHandler
                0x08003d84                TAMP_STAMP_LSECSS_SSRU_IRQHandler
                0x08003d84                SPI1_IRQHandler
                0x08003d84                DMA2_Channel2_IRQHandler
                0x08003d84                DMA1_Channel4_IRQHandler
                0x08003d84                PKA_IRQHandler
                0x08003d84                TIM17_IRQHandler
                0x08003d84                DMA1_Channel7_IRQHandler
                0x08003d84                SUBGHZSPI_IRQHandler
                0x08003d84                DMA2_Channel1_IRQHandler
                0x08003d84                I2C1_EV_IRQHandler
                0x08003d84                SUBGHZ_Radio_IRQHandler
                0x08003d84                DMAMUX1_OVR_IRQHandler
                0x08003d84                DMA1_Channel6_IRQHandler
                0x08003d84                TIM16_IRQHandler
                0x08003d84                DMA2_Channel4_IRQHandler
                0x08003d84                RCC_IRQHandler
                0x08003d84                TIM1_TRG_COM_IRQHandler
                0x08003d84                DMA1_Channel1_IRQHandler
                0x08003d84                Default_Handler
                0x08003d84                DMA2_Channel7_IRQHandler
                0x08003d84                EXTI15_10_IRQHandler
                0x08003d84                ADC_IRQHandler
                0x08003d84                I2C3_EV_IRQHandler
                0x08003d84                EXTI9_5_IRQHandler
                0x08003d84                RTC_WKUP_IRQHandler
                0x08003d84                PVD_PVM_IRQHandler
                0x08003d84                SPI2_IRQHandler
                0x08003d84                DMA2_Channel5_IRQHandler
                0x08003d84                DMA1_Channel5_IRQHandler
                0x08003d84                EXTI4_IRQHandler
                0x08003d84                RNG_IRQHandler
                0x08003d84                DMA1_Channel3_IRQHandler
                0x08003d84                COMP_IRQHandler
                0x08003d84                HSEM_IRQHandler
                0x08003d84                TIM1_UP_IRQHandler
                0x08003d84                WWDG_IRQHandler
                0x08003d84                LPUART1_IRQHandler
                0x08003d84                DMA2_Channel6_IRQHandler
                0x08003d84                TIM2_IRQHandler
                0x08003d84                TIM1_BRK_IRQHandler
                0x08003d84                DAC_IRQHandler
                0x08003d84                EXTI1_IRQHandler
                0x08003d84                AES_IRQHandler
                0x08003d84                USART2_IRQHandler
                0x08003d84                I2C2_ER_IRQHandler
                0x08003d84                DMA1_Channel2_IRQHandler
                0x08003d84                FLASH_IRQHandler
                0x08003d84                USART1_IRQHandler
                0x08003d84                I2C1_ER_IRQHandler
                0x08003d84                LPTIM1_IRQHandler
                0x08003d84                DMA2_Channel3_IRQHandler
 .text.SystemInit
                0x08003d86        0xc ./Drivers/CMSIS/system_stm32wlxx.o
                0x08003d86                SystemInit
 *fill*         0x08003d92        0x2 
 .text.HAL_Init
                0x08003d94       0x40 ./Drivers/STM32WLxx_HAL_Driver/stm32wlxx_hal.o
                0x08003d94                HAL_Init
 .text.HAL_InitTick
                0x08003dd4       0x74 ./Drivers/STM32WLxx_HAL_Driver/stm32wlxx_hal.o
                0x08003dd4                HAL_InitTick
 .text.HAL_IncTick
                0x08003e48       0x24 ./Drivers/STM32WLxx_HAL_Driver/stm32wlxx_hal.o
                0x08003e48                HAL_IncTick
 .text.HAL_GetTick
                0x08003e6c       0x14 ./Drivers/STM32WLxx_HAL_Driver/stm32wlxx_hal.o
                0x08003e6c                HAL_GetTick
 .text.HAL_Delay
                0x08003e80       0x48 ./Drivers/STM32WLxx_HAL_Driver/stm32wlxx_hal.o
                0x08003e80                HAL_Delay
 .text.__NVIC_SetPriorityGrouping
                0x08003ec8       0x48 ./Drivers/STM32WLxx_HAL_Driver/stm32wlxx_hal_cortex.o
 .text.__NVIC_GetPriorityGrouping
                0x08003f10       0x1c ./Drivers/STM32WLxx_HAL_Driver/stm32wlxx_hal_cortex.o
 .text.__NVIC_SetPriority
                0x08003f2c       0x54 ./Drivers/STM32WLxx_HAL_Driver/stm32wlxx_hal_cortex.o
 .text.NVIC_EncodePriority
                0x08003f80       0x64 ./Drivers/STM32WLxx_HAL_Driver/stm32wlxx_hal_cortex.o
 .text.SysTick_Config
                0x08003fe4       0x44 ./Drivers/STM32WLxx_HAL_Driver/stm32wlxx_hal_cortex.o
 .text.HAL_NVIC_SetPriorityGrouping
                0x08004028       0x16 ./Drivers/STM32WLxx_HAL_Driver/stm32wlxx_hal_cortex.o
                0x08004028                HAL_NVIC_SetPriorityGrouping
 .text.HAL_NVIC_SetPriority
                0x0800403e       0x34 ./Drivers/STM32WLxx_HAL_Driver/stm32wlxx_hal_cortex.o
                0x0800403e                HAL_NVIC_SetPriority
 .text.HAL_SYSTICK_Config
                0x08004072       0x18 ./Drivers/STM32WLxx_HAL_Driver/stm32wlxx_hal_cortex.o
                0x08004072                HAL_SYSTICK_Config
 *fill*         0x0800408a        0x2 
 .text.HAL_GPIO_Init
                0x0800408c      0x2c0 ./Drivers/STM32WLxx_HAL_Driver/stm32wlxx_hal_gpio.o
                0x0800408c                HAL_GPIO_Init
 .text.HAL_PWR_EnableBkUpAccess
                0x0800434c       0x1c ./Drivers/STM32WLxx_HAL_Driver/stm32wlxx_hal_pwr.o
                0x0800434c                HAL_PWR_EnableBkUpAccess
 .text.HAL_PWREx_GetVoltageRange
                0x08004368       0x18 ./Drivers/STM32WLxx_HAL_Driver/stm32wlxx_hal_pwr_ex.o
                0x08004368                HAL_PWREx_GetVoltageRange
 .text.LL_PWR_IsEnabledBkUpAccess
                0x08004380       0x24 ./Drivers/STM32WLxx_HAL_Driver/stm32wlxx_hal_rcc.o
 .text.LL_RCC_HSE_EnableTcxo
                0x080043a4       0x1c ./Drivers/STM32WLxx_HAL_Driver/stm32wlxx_hal_rcc.o
 .text.LL_RCC_HSE_DisableTcxo
                0x080043c0       0x1c ./Drivers/STM32WLxx_HAL_Driver/stm32wlxx_hal_rcc.o
 .text.LL_RCC_HSE_IsEnabledDiv2
                0x080043dc       0x22 ./Drivers/STM32WLxx_HAL_Driver/stm32wlxx_hal_rcc.o
 .text.LL_RCC_HSE_Enable
                0x080043fe       0x1c ./Drivers/STM32WLxx_HAL_Driver/stm32wlxx_hal_rcc.o
 .text.LL_RCC_HSE_Disable
                0x0800441a       0x1c ./Drivers/STM32WLxx_HAL_Driver/stm32wlxx_hal_rcc.o
 .text.LL_RCC_HSE_IsReady
                0x08004436       0x22 ./Drivers/STM32WLxx_HAL_Driver/stm32wlxx_hal_rcc.o
 .text.LL_RCC_HSI_Enable
                0x08004458       0x1c ./Drivers/STM32WLxx_HAL_Driver/stm32wlxx_hal_rcc.o
 .text.LL_RCC_HSI_Disable
                0x08004474       0x1c ./Drivers/STM32WLxx_HAL_Driver/stm32wlxx_hal_rcc.o
 .text.LL_RCC_HSI_IsReady
                0x08004490       0x22 ./Drivers/STM32WLxx_HAL_Driver/stm32wlxx_hal_rcc.o
 .text.LL_RCC_HSI_SetCalibTrimming
                0x080044b2       0x28 ./Drivers/STM32WLxx_HAL_Driver/stm32wlxx_hal_rcc.o
 .text.LL_RCC_LSE_IsReady
                0x080044da       0x22 ./Drivers/STM32WLxx_HAL_Driver/stm32wlxx_hal_rcc.o
 .text.LL_RCC_LSI_Enable
                0x080044fc       0x20 ./Drivers/STM32WLxx_HAL_Driver/stm32wlxx_hal_rcc.o
 .text.LL_RCC_LSI_Disable
                0x0800451c       0x20 ./Drivers/STM32WLxx_HAL_Driver/stm32wlxx_hal_rcc.o
 .text.LL_RCC_LSI_IsReady
                0x0800453c       0x22 ./Drivers/STM32WLxx_HAL_Driver/stm32wlxx_hal_rcc.o
 .text.LL_RCC_MSI_Enable
                0x0800455e       0x1c ./Drivers/STM32WLxx_HAL_Driver/stm32wlxx_hal_rcc.o
 .text.LL_RCC_MSI_Disable
                0x0800457a       0x1c ./Drivers/STM32WLxx_HAL_Driver/stm32wlxx_hal_rcc.o
 .text.LL_RCC_MSI_IsReady
                0x08004596       0x20 ./Drivers/STM32WLxx_HAL_Driver/stm32wlxx_hal_rcc.o
 .text.LL_RCC_MSI_IsEnabledRangeSelect
                0x080045b6       0x20 ./Drivers/STM32WLxx_HAL_Driver/stm32wlxx_hal_rcc.o
 .text.LL_RCC_MSI_GetRange
                0x080045d6       0x16 ./Drivers/STM32WLxx_HAL_Driver/stm32wlxx_hal_rcc.o
 .text.LL_RCC_MSI_GetRangeAfterStandby
                0x080045ec       0x18 ./Drivers/STM32WLxx_HAL_Driver/stm32wlxx_hal_rcc.o
 .text.LL_RCC_MSI_SetCalibTrimming
                0x08004604       0x28 ./Drivers/STM32WLxx_HAL_Driver/stm32wlxx_hal_rcc.o
 .text.LL_RCC_SetSysClkSource
                0x0800462c       0x26 ./Drivers/STM32WLxx_HAL_Driver/stm32wlxx_hal_rcc.o
 .text.LL_RCC_GetSysClkSource
                0x08004652       0x16 ./Drivers/STM32WLxx_HAL_Driver/stm32wlxx_hal_rcc.o
 .text.LL_RCC_SetAHBPrescaler
                0x08004668       0x26 ./Drivers/STM32WLxx_HAL_Driver/stm32wlxx_hal_rcc.o
 .text.LL_RCC_SetAHB3Prescaler
                0x0800468e       0x2c ./Drivers/STM32WLxx_HAL_Driver/stm32wlxx_hal_rcc.o
 .text.LL_RCC_SetAPB1Prescaler
                0x080046ba       0x26 ./Drivers/STM32WLxx_HAL_Driver/stm32wlxx_hal_rcc.o
 .text.LL_RCC_SetAPB2Prescaler
                0x080046e0       0x26 ./Drivers/STM32WLxx_HAL_Driver/stm32wlxx_hal_rcc.o
 .text.LL_RCC_GetAHBPrescaler
                0x08004706       0x16 ./Drivers/STM32WLxx_HAL_Driver/stm32wlxx_hal_rcc.o
 .text.LL_RCC_GetAHB3Prescaler
                0x0800471c       0x1a ./Drivers/STM32WLxx_HAL_Driver/stm32wlxx_hal_rcc.o
 .text.LL_RCC_GetAPB1Prescaler
                0x08004736       0x16 ./Drivers/STM32WLxx_HAL_Driver/stm32wlxx_hal_rcc.o
 .text.LL_RCC_GetAPB2Prescaler
                0x0800474c       0x16 ./Drivers/STM32WLxx_HAL_Driver/stm32wlxx_hal_rcc.o
 .text.LL_RCC_PLL_Enable
                0x08004762       0x1c ./Drivers/STM32WLxx_HAL_Driver/stm32wlxx_hal_rcc.o
 .text.LL_RCC_PLL_Disable
                0x0800477e       0x1c ./Drivers/STM32WLxx_HAL_Driver/stm32wlxx_hal_rcc.o
 .text.LL_RCC_PLL_IsReady
                0x0800479a       0x22 ./Drivers/STM32WLxx_HAL_Driver/stm32wlxx_hal_rcc.o
 .text.LL_RCC_PLL_GetN
                0x080047bc       0x18 ./Drivers/STM32WLxx_HAL_Driver/stm32wlxx_hal_rcc.o
 .text.LL_RCC_PLL_GetR
                0x080047d4       0x16 ./Drivers/STM32WLxx_HAL_Driver/stm32wlxx_hal_rcc.o
 .text.LL_RCC_PLL_GetDivider
                0x080047ea       0x16 ./Drivers/STM32WLxx_HAL_Driver/stm32wlxx_hal_rcc.o
 .text.LL_RCC_PLL_GetMainSource
                0x08004800       0x16 ./Drivers/STM32WLxx_HAL_Driver/stm32wlxx_hal_rcc.o
 .text.LL_RCC_IsActiveFlag_HPRE
                0x08004816       0x22 ./Drivers/STM32WLxx_HAL_Driver/stm32wlxx_hal_rcc.o
 .text.LL_RCC_IsActiveFlag_SHDHPRE
                0x08004838       0x24 ./Drivers/STM32WLxx_HAL_Driver/stm32wlxx_hal_rcc.o
 .text.LL_RCC_IsActiveFlag_PPRE1
                0x0800485c       0x22 ./Drivers/STM32WLxx_HAL_Driver/stm32wlxx_hal_rcc.o
 .text.LL_RCC_IsActiveFlag_PPRE2
                0x0800487e       0x22 ./Drivers/STM32WLxx_HAL_Driver/stm32wlxx_hal_rcc.o
 .text.HAL_RCC_OscConfig
                0x080048a0      0x704 ./Drivers/STM32WLxx_HAL_Driver/stm32wlxx_hal_rcc.o
                0x080048a0                HAL_RCC_OscConfig
 .text.HAL_RCC_ClockConfig
                0x08004fa4      0x248 ./Drivers/STM32WLxx_HAL_Driver/stm32wlxx_hal_rcc.o
                0x08004fa4                HAL_RCC_ClockConfig
 .text.HAL_RCC_GetSysClockFreq
                0x080051ec      0x140 ./Drivers/STM32WLxx_HAL_Driver/stm32wlxx_hal_rcc.o
                0x080051ec                HAL_RCC_GetSysClockFreq
 .text.HAL_RCC_GetHCLKFreq
                0x0800532c       0x28 ./Drivers/STM32WLxx_HAL_Driver/stm32wlxx_hal_rcc.o
                0x0800532c                HAL_RCC_GetHCLKFreq
 .text.HAL_RCC_GetPCLK1Freq
                0x08005354       0x24 ./Drivers/STM32WLxx_HAL_Driver/stm32wlxx_hal_rcc.o
                0x08005354                HAL_RCC_GetPCLK1Freq
 .text.HAL_RCC_GetPCLK2Freq
                0x08005378       0x24 ./Drivers/STM32WLxx_HAL_Driver/stm32wlxx_hal_rcc.o
                0x08005378                HAL_RCC_GetPCLK2Freq
 .text.RCC_SetFlashLatencyFromMSIRange
                0x0800539c       0x60 ./Drivers/STM32WLxx_HAL_Driver/stm32wlxx_hal_rcc.o
 .text.RCC_SetFlashLatency
                0x080053fc      0x104 ./Drivers/STM32WLxx_HAL_Driver/stm32wlxx_hal_rcc.o
 .text.LL_RCC_LSE_IsReady
                0x08005500       0x22 ./Drivers/STM32WLxx_HAL_Driver/stm32wlxx_hal_rcc_ex.o
 .text.LL_RCC_SetUSARTClockSource
                0x08005522       0x30 ./Drivers/STM32WLxx_HAL_Driver/stm32wlxx_hal_rcc_ex.o
 .text.LL_RCC_SetI2SClockSource
                0x08005552       0x2a ./Drivers/STM32WLxx_HAL_Driver/stm32wlxx_hal_rcc_ex.o
 .text.LL_RCC_SetLPUARTClockSource
                0x0800557c       0x2a ./Drivers/STM32WLxx_HAL_Driver/stm32wlxx_hal_rcc_ex.o
 .text.LL_RCC_SetI2CClockSource
                0x080055a6       0x38 ./Drivers/STM32WLxx_HAL_Driver/stm32wlxx_hal_rcc_ex.o
 .text.LL_RCC_SetLPTIMClockSource
                0x080055de       0x32 ./Drivers/STM32WLxx_HAL_Driver/stm32wlxx_hal_rcc_ex.o
 .text.LL_RCC_SetRNGClockSource
                0x08005610       0x2a ./Drivers/STM32WLxx_HAL_Driver/stm32wlxx_hal_rcc_ex.o
 .text.LL_RCC_SetADCClockSource
                0x0800563a       0x2a ./Drivers/STM32WLxx_HAL_Driver/stm32wlxx_hal_rcc_ex.o
 .text.LL_RCC_SetRTCClockSource
                0x08005664       0x2a ./Drivers/STM32WLxx_HAL_Driver/stm32wlxx_hal_rcc_ex.o
 .text.LL_RCC_GetRTCClockSource
                0x0800568e       0x18 ./Drivers/STM32WLxx_HAL_Driver/stm32wlxx_hal_rcc_ex.o
 .text.LL_RCC_ForceBackupDomainReset
                0x080056a6       0x20 ./Drivers/STM32WLxx_HAL_Driver/stm32wlxx_hal_rcc_ex.o
 .text.LL_RCC_ReleaseBackupDomainReset
                0x080056c6       0x20 ./Drivers/STM32WLxx_HAL_Driver/stm32wlxx_hal_rcc_ex.o
 *fill*         0x080056e6        0x2 
 .text.HAL_RCCEx_PeriphCLKConfig
                0x080056e8      0x234 ./Drivers/STM32WLxx_HAL_Driver/stm32wlxx_hal_rcc_ex.o
                0x080056e8                HAL_RCCEx_PeriphCLKConfig
 .text.LL_RCC_GetUSARTClockSource
                0x0800591c       0x24 ./Drivers/STM32WLxx_HAL_Driver/stm32wlxx_hal_uart.o
 .text.LL_RCC_GetLPUARTClockSource
                0x08005940       0x1e ./Drivers/STM32WLxx_HAL_Driver/stm32wlxx_hal_uart.o
 .text.HAL_UART_Init
                0x0800595e       0xa0 ./Drivers/STM32WLxx_HAL_Driver/stm32wlxx_hal_uart.o
                0x0800595e                HAL_UART_Init
 .text.HAL_UART_Transmit
                0x080059fe      0x132 ./Drivers/STM32WLxx_HAL_Driver/stm32wlxx_hal_uart.o
                0x080059fe                HAL_UART_Transmit
 .text.HAL_UART_Receive
                0x08005b30      0x1a0 ./Drivers/STM32WLxx_HAL_Driver/stm32wlxx_hal_uart.o
                0x08005b30                HAL_UART_Receive
 .text.UART_SetConfig
                0x08005cd0      0x4e8 ./Drivers/STM32WLxx_HAL_Driver/stm32wlxx_hal_uart.o
                0x08005cd0                UART_SetConfig
 .text.UART_AdvFeatureConfig
                0x080061b8      0x142 ./Drivers/STM32WLxx_HAL_Driver/stm32wlxx_hal_uart.o
                0x080061b8                UART_AdvFeatureConfig
 .text.UART_CheckIdleState
                0x080062fa      0x154 ./Drivers/STM32WLxx_HAL_Driver/stm32wlxx_hal_uart.o
                0x080062fa                UART_CheckIdleState
 .text.UART_WaitOnFlagUntilTimeout
                0x0800644e       0xda ./Drivers/STM32WLxx_HAL_Driver/stm32wlxx_hal_uart.o
                0x0800644e                UART_WaitOnFlagUntilTimeout
 .text.UART_EndRxTransfer
                0x08006528       0xca ./Drivers/STM32WLxx_HAL_Driver/stm32wlxx_hal_uart.o
 .text.HAL_UARTEx_DisableFifoMode
                0x080065f2       0x70 ./Drivers/STM32WLxx_HAL_Driver/stm32wlxx_hal_uart_ex.o
                0x080065f2                HAL_UARTEx_DisableFifoMode
 .text.HAL_UARTEx_SetTxFifoThreshold
                0x08006662       0x7c ./Drivers/STM32WLxx_HAL_Driver/stm32wlxx_hal_uart_ex.o
                0x08006662                HAL_UARTEx_SetTxFifoThreshold
 .text.HAL_UARTEx_SetRxFifoThreshold
                0x080066de       0x7c ./Drivers/STM32WLxx_HAL_Driver/stm32wlxx_hal_uart_ex.o
                0x080066de                HAL_UARTEx_SetRxFifoThreshold
 *fill*         0x0800675a        0x2 
 .text.UARTEx_SetNbDataToProcess
                0x0800675c       0x98 ./Drivers/STM32WLxx_HAL_Driver/stm32wlxx_hal_uart_ex.o
 .text.port_io_write
                0x080067f4       0x38 ./Middlewares/ST/AI/Misc/Src/aiTestUtility.o
 .text._write   0x0800682c       0x60 ./Middlewares/ST/AI/Misc/Src/aiTestUtility.o
                0x0800682c                _write
 .text._put_c_driver
                0x0800688c       0x2c ./Middlewares/ST/AI/Misc/Src/aiTestUtility.o
 .text.lc_print
                0x080068b8       0x2c ./Middlewares/ST/AI/Misc/Src/aiTestUtility.o
                0x080068b8                lc_print
 .text.dwtCyclesToTime
                0x080068e4      0x362 ./Middlewares/ST/AI/Misc/Src/aiTestUtility.o
                0x080068e4                dwtCyclesToTime
 *fill*         0x08006c46        0x2 
 .text.port_dwt_init_imp
                0x08006c48       0x34 ./Middlewares/ST/AI/Misc/Src/ai_device_adaptor.o
                0x08006c48                port_dwt_init_imp
 .text._write_string
                0x08006c7c       0xd2 ./Middlewares/ST/AI/Misc/Src/lc_print.o
 .text._write_number
                0x08006d4e      0x228 ./Middlewares/ST/AI/Misc/Src/lc_print.o
 *fill*         0x08006f76        0x2 
 .text._write_double
                0x08006f78      0x284 ./Middlewares/ST/AI/Misc/Src/lc_print.o
 .text._getChar
                0x080071fc       0x1e ./Middlewares/ST/AI/Misc/Src/lc_print.o
 *fill*         0x0800721a        0x2 
 .text.vlc_print
                0x0800721c      0x4c0 ./Middlewares/ST/AI/Misc/Src/lc_print.o
                0x0800721c                vlc_print
 .text.stai_get_return_code_name
                0x080076dc      0x234 ../../Middlewares/ST/AI/Lib/NetworkRuntime1201_CM4_GCC.a\NetworkRuntime1201_CM4_GCC.a(stai_debug.o)
                0x080076dc                stai_get_return_code_name
 .text.stai_runtime_init
                0x08007910        0x4 ../../Middlewares/ST/AI/Lib/NetworkRuntime1201_CM4_GCC.a\NetworkRuntime1201_CM4_GCC.a(stai_internal.o)
                0x08007910                stai_runtime_init
 .text.forward_slice
                0x08007914      0x27c ../../Middlewares/ST/AI/Lib/NetworkRuntime1201_CM4_GCC.a\NetworkRuntime1201_CM4_GCC.a(layers_generic_float.o)
                0x08007914                forward_slice
 .text.forward_concat
                0x08007b90      0x9f8 ../../Middlewares/ST/AI/Lib/NetworkRuntime1201_CM4_GCC.a\NetworkRuntime1201_CM4_GCC.a(layers_generic_float.o)
                0x08007b90                forward_concat
 .text.forward_lite_dense_if32of32wf32
                0x08008588      0x3b4 ../../Middlewares/ST/AI/Lib/NetworkRuntime1201_CM4_GCC.a\NetworkRuntime1201_CM4_GCC.a(lite_dense_if32.o)
                0x08008588                forward_lite_dense_if32of32wf32
 .text.forward_lite_nl_sigmoid_if32of32
                0x0800893c       0x44 ../../Middlewares/ST/AI/Lib/NetworkRuntime1201_CM4_GCC.a\NetworkRuntime1201_CM4_GCC.a(lite_nl_generic_float.o)
                0x0800893c                forward_lite_nl_sigmoid_if32of32
 .text.forward_lite_nl_relu_if32of32
                0x08008980       0x38 ../../Middlewares/ST/AI/Lib/NetworkRuntime1201_CM4_GCC.a\NetworkRuntime1201_CM4_GCC.a(lite_nl_generic_float.o)
                0x08008980                forward_lite_nl_relu_if32of32
 .text.st_int8_copy
                0x080089b8      0x13c ../../Middlewares/ST/AI/Lib/NetworkRuntime1201_CM4_GCC.a\NetworkRuntime1201_CM4_GCC.a(st_int8_fill.o)
                0x080089b8                st_int8_copy
 .text.ai_array_get_byte_size
                0x08008af4       0x3c ../../Middlewares/ST/AI/Lib/NetworkRuntime1201_CM4_GCC.a\NetworkRuntime1201_CM4_GCC.a(ai_datatypes_format.o)
                0x08008af4                ai_array_get_byte_size
 .text.malloc   0x08008b30       0x10 C:/ST/STM32CubeIDE_2.1.1/STM32CubeIDE/plugins/com.st.stm32cube.ide.mcu.externaltools.gnu-tools-for-stm32.14.3.rel1.win32_1.0.100.202602081740/tools/bin/../lib/gcc/arm-none-eabi/14.3.1/../../../../arm-none-eabi/lib/thumb/v7e-m/nofp\libc_nano.a(libc_a-malloc.o)
                0x08008b30                malloc
 .text.free     0x08008b40       0x10 C:/ST/STM32CubeIDE_2.1.1/STM32CubeIDE/plugins/com.st.stm32cube.ide.mcu.externaltools.gnu-tools-for-stm32.14.3.rel1.win32_1.0.100.202602081740/tools/bin/../lib/gcc/arm-none-eabi/14.3.1/../../../../arm-none-eabi/lib/thumb/v7e-m/nofp\libc_nano.a(libc_a-malloc.o)
                0x08008b40                free
 .text.sbrk_aligned
                0x08008b50       0x44 C:/ST/STM32CubeIDE_2.1.1/STM32CubeIDE/plugins/com.st.stm32cube.ide.mcu.externaltools.gnu-tools-for-stm32.14.3.rel1.win32_1.0.100.202602081740/tools/bin/../lib/gcc/arm-none-eabi/14.3.1/../../../../arm-none-eabi/lib/thumb/v7e-m/nofp\libc_nano.a(libc_a-mallocr.o)
 .text._malloc_r
                0x08008b94      0x100 C:/ST/STM32CubeIDE_2.1.1/STM32CubeIDE/plugins/com.st.stm32cube.ide.mcu.externaltools.gnu-tools-for-stm32.14.3.rel1.win32_1.0.100.202602081740/tools/bin/../lib/gcc/arm-none-eabi/14.3.1/../../../../arm-none-eabi/lib/thumb/v7e-m/nofp\libc_nano.a(libc_a-mallocr.o)
                0x08008b94                _malloc_r
 .text.__malloc_lock
                0x08008c94        0xc C:/ST/STM32CubeIDE_2.1.1/STM32CubeIDE/plugins/com.st.stm32cube.ide.mcu.externaltools.gnu-tools-for-stm32.14.3.rel1.win32_1.0.100.202602081740/tools/bin/../lib/gcc/arm-none-eabi/14.3.1/../../../../arm-none-eabi/lib/thumb/v7e-m/nofp\libc_nano.a(libc_a-mlock.o)
                0x08008c94                __malloc_lock
 .text.__malloc_unlock
                0x08008ca0        0xc C:/ST/STM32CubeIDE_2.1.1/STM32CubeIDE/plugins/com.st.stm32cube.ide.mcu.externaltools.gnu-tools-for-stm32.14.3.rel1.win32_1.0.100.202602081740/tools/bin/../lib/gcc/arm-none-eabi/14.3.1/../../../../arm-none-eabi/lib/thumb/v7e-m/nofp\libc_nano.a(libc_a-mlock.o)
                0x08008ca0                __malloc_unlock
 .text._realloc_r
                0x08008cac       0x5c C:/ST/STM32CubeIDE_2.1.1/STM32CubeIDE/plugins/com.st.stm32cube.ide.mcu.externaltools.gnu-tools-for-stm32.14.3.rel1.win32_1.0.100.202602081740/tools/bin/../lib/gcc/arm-none-eabi/14.3.1/../../../../arm-none-eabi/lib/thumb/v7e-m/nofp\libc_nano.a(libc_a-reallocr.o)
                0x08008cac                _realloc_r
 .text.sulp     0x08008d08       0x42 C:/ST/STM32CubeIDE_2.1.1/STM32CubeIDE/plugins/com.st.stm32cube.ide.mcu.externaltools.gnu-tools-for-stm32.14.3.rel1.win32_1.0.100.202602081740/tools/bin/../lib/gcc/arm-none-eabi/14.3.1/../../../../arm-none-eabi/lib/thumb/v7e-m/nofp\libc_nano.a(libc_a-strtod.o)
 *fill*         0x08008d4a        0x6 
 .text._strtod_l
                0x08008d50      0xba8 C:/ST/STM32CubeIDE_2.1.1/STM32CubeIDE/plugins/com.st.stm32cube.ide.mcu.externaltools.gnu-tools-for-stm32.14.3.rel1.win32_1.0.100.202602081740/tools/bin/../lib/gcc/arm-none-eabi/14.3.1/../../../../arm-none-eabi/lib/thumb/v7e-m/nofp\libc_nano.a(libc_a-strtod.o)
                0x08008d50                _strtod_l
 .text.strtof   0x080098f8       0xb0 C:/ST/STM32CubeIDE_2.1.1/STM32CubeIDE/plugins/com.st.stm32cube.ide.mcu.externaltools.gnu-tools-for-stm32.14.3.rel1.win32_1.0.100.202602081740/tools/bin/../lib/gcc/arm-none-eabi/14.3.1/../../../../arm-none-eabi/lib/thumb/v7e-m/nofp\libc_nano.a(libc_a-strtod.o)
                0x080098f8                strtof
 .text._strtol_l.isra.0
                0x080099a8       0xf4 C:/ST/STM32CubeIDE_2.1.1/STM32CubeIDE/plugins/com.st.stm32cube.ide.mcu.externaltools.gnu-tools-for-stm32.14.3.rel1.win32_1.0.100.202602081740/tools/bin/../lib/gcc/arm-none-eabi/14.3.1/../../../../arm-none-eabi/lib/thumb/v7e-m/nofp\libc_nano.a(libc_a-strtol.o)
 .text._strtol_r
                0x08009a9c        0x4 C:/ST/STM32CubeIDE_2.1.1/STM32CubeIDE/plugins/com.st.stm32cube.ide.mcu.externaltools.gnu-tools-for-stm32.14.3.rel1.win32_1.0.100.202602081740/tools/bin/../lib/gcc/arm-none-eabi/14.3.1/../../../../arm-none-eabi/lib/thumb/v7e-m/nofp\libc_nano.a(libc_a-strtol.o)
                0x08009a9c                _strtol_r
 .text.strtol   0x08009aa0       0x14 C:/ST/STM32CubeIDE_2.1.1/STM32CubeIDE/plugins/com.st.stm32cube.ide.mcu.externaltools.gnu-tools-for-stm32.14.3.rel1.win32_1.0.100.202602081740/tools/bin/../lib/gcc/arm-none-eabi/14.3.1/../../../../arm-none-eabi/lib/thumb/v7e-m/nofp\libc_nano.a(libc_a-strtol.o)
                0x08009aa0                strtol
 .text.std      0x08009ab4       0x6c C:/ST/STM32CubeIDE_2.1.1/STM32CubeIDE/plugins/com.st.stm32cube.ide.mcu.externaltools.gnu-tools-for-stm32.14.3.rel1.win32_1.0.100.202602081740/tools/bin/../lib/gcc/arm-none-eabi/14.3.1/../../../../arm-none-eabi/lib/thumb/v7e-m/nofp\libc_nano.a(libc_a-findfp.o)
 .text.stdio_exit_handler
                0x08009b20       0x18 C:/ST/STM32CubeIDE_2.1.1/STM32CubeIDE/plugins/com.st.stm32cube.ide.mcu.externaltools.gnu-tools-for-stm32.14.3.rel1.win32_1.0.100.202602081740/tools/bin/../lib/gcc/arm-none-eabi/14.3.1/../../../../arm-none-eabi/lib/thumb/v7e-m/nofp\libc_nano.a(libc_a-findfp.o)
 .text.cleanup_stdio
                0x08009b38       0x40 C:/ST/STM32CubeIDE_2.1.1/STM32CubeIDE/plugins/com.st.stm32cube.ide.mcu.externaltools.gnu-tools-for-stm32.14.3.rel1.win32_1.0.100.202602081740/tools/bin/../lib/gcc/arm-none-eabi/14.3.1/../../../../arm-none-eabi/lib/thumb/v7e-m/nofp\libc_nano.a(libc_a-findfp.o)
 .text.global_stdio_init.part.0
                0x08009b78       0x40 C:/ST/STM32CubeIDE_2.1.1/STM32CubeIDE/plugins/com.st.stm32cube.ide.mcu.externaltools.gnu-tools-for-stm32.14.3.rel1.win32_1.0.100.202602081740/tools/bin/../lib/gcc/arm-none-eabi/14.3.1/../../../../arm-none-eabi/lib/thumb/v7e-m/nofp\libc_nano.a(libc_a-findfp.o)
 .text.__sfp_lock_acquire
                0x08009bb8        0xc C:/ST/STM32CubeIDE_2.1.1/STM32CubeIDE/plugins/com.st.stm32cube.ide.mcu.externaltools.gnu-tools-for-stm32.14.3.rel1.win32_1.0.100.202602081740/tools/bin/../lib/gcc/arm-none-eabi/14.3.1/../../../../arm-none-eabi/lib/thumb/v7e-m/nofp\libc_nano.a(libc_a-findfp.o)
                0x08009bb8                __sfp_lock_acquire
 .text.__sfp_lock_release
                0x08009bc4        0xc C:/ST/STM32CubeIDE_2.1.1/STM32CubeIDE/plugins/com.st.stm32cube.ide.mcu.externaltools.gnu-tools-for-stm32.14.3.rel1.win32_1.0.100.202602081740/tools/bin/../lib/gcc/arm-none-eabi/14.3.1/../../../../arm-none-eabi/lib/thumb/v7e-m/nofp\libc_nano.a(libc_a-findfp.o)
                0x08009bc4                __sfp_lock_release
 .text.__sinit  0x08009bd0       0x30 C:/ST/STM32CubeIDE_2.1.1/STM32CubeIDE/plugins/com.st.stm32cube.ide.mcu.externaltools.gnu-tools-for-stm32.14.3.rel1.win32_1.0.100.202602081740/tools/bin/../lib/gcc/arm-none-eabi/14.3.1/../../../../arm-none-eabi/lib/thumb/v7e-m/nofp\libc_nano.a(libc_a-findfp.o)
                0x08009bd0                __sinit
 .text._fwalk_sglue
                0x08009c00       0x3c C:/ST/STM32CubeIDE_2.1.1/STM32CubeIDE/plugins/com.st.stm32cube.ide.mcu.externaltools.gnu-tools-for-stm32.14.3.rel1.win32_1.0.100.202602081740/tools/bin/../lib/gcc/arm-none-eabi/14.3.1/../../../../arm-none-eabi/lib/thumb/v7e-m/nofp\libc_nano.a(libc_a-fwalk.o)
                0x08009c00                _fwalk_sglue
 .text.sscanf   0x08009c3c       0x58 C:/ST/STM32CubeIDE_2.1.1/STM32CubeIDE/plugins/com.st.stm32cube.ide.mcu.externaltools.gnu-tools-for-stm32.14.3.rel1.win32_1.0.100.202602081740/tools/bin/../lib/gcc/arm-none-eabi/14.3.1/../../../../arm-none-eabi/lib/thumb/v7e-m/nofp\libc_nano.a(libc_a-sscanf.o)
                0x08009c3c                siscanf
                0x08009c3c                sscanf
 .text.__sread  0x08009c94       0x22 C:/ST/STM32CubeIDE_2.1.1/STM32CubeIDE/plugins/com.st.stm32cube.ide.mcu.externaltools.gnu-tools-for-stm32.14.3.rel1.win32_1.0.100.202602081740/tools/bin/../lib/gcc/arm-none-eabi/14.3.1/../../../../arm-none-eabi/lib/thumb/v7e-m/nofp\libc_nano.a(libc_a-stdio.o)
                0x08009c94                __sread
 .text.__seofread
                0x08009cb6        0x4 C:/ST/STM32CubeIDE_2.1.1/STM32CubeIDE/plugins/com.st.stm32cube.ide.mcu.externaltools.gnu-tools-for-stm32.14.3.rel1.win32_1.0.100.202602081740/tools/bin/../lib/gcc/arm-none-eabi/14.3.1/../../../../arm-none-eabi/lib/thumb/v7e-m/nofp\libc_nano.a(libc_a-stdio.o)
                0x08009cb6                __seofread
 .text.__swrite
                0x08009cba       0x38 C:/ST/STM32CubeIDE_2.1.1/STM32CubeIDE/plugins/com.st.stm32cube.ide.mcu.externaltools.gnu-tools-for-stm32.14.3.rel1.win32_1.0.100.202602081740/tools/bin/../lib/gcc/arm-none-eabi/14.3.1/../../../../arm-none-eabi/lib/thumb/v7e-m/nofp\libc_nano.a(libc_a-stdio.o)
                0x08009cba                __swrite
 .text.__sseek  0x08009cf2       0x26 C:/ST/STM32CubeIDE_2.1.1/STM32CubeIDE/plugins/com.st.stm32cube.ide.mcu.externaltools.gnu-tools-for-stm32.14.3.rel1.win32_1.0.100.202602081740/tools/bin/../lib/gcc/arm-none-eabi/14.3.1/../../../../arm-none-eabi/lib/thumb/v7e-m/nofp\libc_nano.a(libc_a-stdio.o)
                0x08009cf2                __sseek
 .text.__sclose
                0x08009d18        0x8 C:/ST/STM32CubeIDE_2.1.1/STM32CubeIDE/plugins/com.st.stm32cube.ide.mcu.externaltools.gnu-tools-for-stm32.14.3.rel1.win32_1.0.100.202602081740/tools/bin/../lib/gcc/arm-none-eabi/14.3.1/../../../../arm-none-eabi/lib/thumb/v7e-m/nofp\libc_nano.a(libc_a-stdio.o)
                0x08009d18                __sclose
 .text.memset   0x08009d20       0x10 C:/ST/STM32CubeIDE_2.1.1/STM32CubeIDE/plugins/com.st.stm32cube.ide.mcu.externaltools.gnu-tools-for-stm32.14.3.rel1.win32_1.0.100.202602081740/tools/bin/../lib/gcc/arm-none-eabi/14.3.1/../../../../arm-none-eabi/lib/thumb/v7e-m/nofp\libc_nano.a(libc_a-memset.o)
                0x08009d20                memset
 .text.strncmp  0x08009d30       0x24 C:/ST/STM32CubeIDE_2.1.1/STM32CubeIDE/plugins/com.st.stm32cube.ide.mcu.externaltools.gnu-tools-for-stm32.14.3.rel1.win32_1.0.100.202602081740/tools/bin/../lib/gcc/arm-none-eabi/14.3.1/../../../../arm-none-eabi/lib/thumb/v7e-m/nofp\libc_nano.a(libc_a-strncmp.o)
                0x08009d30                strncmp
 .text.localtime
                0x08009d54       0x3c C:/ST/STM32CubeIDE_2.1.1/STM32CubeIDE/plugins/com.st.stm32cube.ide.mcu.externaltools.gnu-tools-for-stm32.14.3.rel1.win32_1.0.100.202602081740/tools/bin/../lib/gcc/arm-none-eabi/14.3.1/../../../../arm-none-eabi/lib/thumb/v7e-m/nofp\libc_nano.a(libc_a-lcltime.o)
                0x08009d54                localtime
 .text.localtime_r
                0x08009d90      0x1dc C:/ST/STM32CubeIDE_2.1.1/STM32CubeIDE/plugins/com.st.stm32cube.ide.mcu.externaltools.gnu-tools-for-stm32.14.3.rel1.win32_1.0.100.202602081740/tools/bin/../lib/gcc/arm-none-eabi/14.3.1/../../../../arm-none-eabi/lib/thumb/v7e-m/nofp\libc_nano.a(libc_a-lcltime_r.o)
                0x08009d90                localtime_r
 .text.validate_structure
                0x08009f6c      0x1a4 C:/ST/STM32CubeIDE_2.1.1/STM32CubeIDE/plugins/com.st.stm32cube.ide.mcu.externaltools.gnu-tools-for-stm32.14.3.rel1.win32_1.0.100.202602081740/tools/bin/../lib/gcc/arm-none-eabi/14.3.1/../../../../arm-none-eabi/lib/thumb/v7e-m/nofp\libc_nano.a(libc_a-mktime.o)
 .text.mktime   0x0800a110      0x370 C:/ST/STM32CubeIDE_2.1.1/STM32CubeIDE/plugins/com.st.stm32cube.ide.mcu.externaltools.gnu-tools-for-stm32.14.3.rel1.win32_1.0.100.202602081740/tools/bin/../lib/gcc/arm-none-eabi/14.3.1/../../../../arm-none-eabi/lib/thumb/v7e-m/nofp\libc_nano.a(libc_a-mktime.o)
                0x0800a110                mktime
 .text.__tzcalc_limits
                0x0800a480      0x164 C:/ST/STM32CubeIDE_2.1.1/STM32CubeIDE/plugins/com.st.stm32cube.ide.mcu.externaltools.gnu-tools-for-stm32.14.3.rel1.win32_1.0.100.202602081740/tools/bin/../lib/gcc/arm-none-eabi/14.3.1/../../../../arm-none-eabi/lib/thumb/v7e-m/nofp\libc_nano.a(libc_a-tzcalc_limits.o)
                0x0800a480                __tzcalc_limits
 .text.__tz_lock
                0x0800a5e4        0xc C:/ST/STM32CubeIDE_2.1.1/STM32CubeIDE/plugins/com.st.stm32cube.ide.mcu.externaltools.gnu-tools-for-stm32.14.3.rel1.win32_1.0.100.202602081740/tools/bin/../lib/gcc/arm-none-eabi/14.3.1/../../../../arm-none-eabi/lib/thumb/v7e-m/nofp\libc_nano.a(libc_a-tzlock.o)
                0x0800a5e4                __tz_lock
 .text.__tz_unlock
                0x0800a5f0        0xc C:/ST/STM32CubeIDE_2.1.1/STM32CubeIDE/plugins/com.st.stm32cube.ide.mcu.externaltools.gnu-tools-for-stm32.14.3.rel1.win32_1.0.100.202602081740/tools/bin/../lib/gcc/arm-none-eabi/14.3.1/../../../../arm-none-eabi/lib/thumb/v7e-m/nofp\libc_nano.a(libc_a-tzlock.o)
                0x0800a5f0                __tz_unlock
 .text._tzset_unlocked
                0x0800a5fc        0xc C:/ST/STM32CubeIDE_2.1.1/STM32CubeIDE/plugins/com.st.stm32cube.ide.mcu.externaltools.gnu-tools-for-stm32.14.3.rel1.win32_1.0.100.202602081740/tools/bin/../lib/gcc/arm-none-eabi/14.3.1/../../../../arm-none-eabi/lib/thumb/v7e-m/nofp\libc_nano.a(libc_a-tzset.o)
                0x0800a5fc                _tzset_unlocked
 .text._tzset_unlocked_r
                0x0800a608      0x44c C:/ST/STM32CubeIDE_2.1.1/STM32CubeIDE/plugins/com.st.stm32cube.ide.mcu.externaltools.gnu-tools-for-stm32.14.3.rel1.win32_1.0.100.202602081740/tools/bin/../lib/gcc/arm-none-eabi/14.3.1/../../../../arm-none-eabi/lib/thumb/v7e-m/nofp\libc_nano.a(libc_a-tzset_r.o)
                0x0800a608                _tzset_unlocked_r
 .text._close_r
                0x0800aa54       0x20 C:/ST/STM32CubeIDE_2.1.1/STM32CubeIDE/plugins/com.st.stm32cube.ide.mcu.externaltools.gnu-tools-for-stm32.14.3.rel1.win32_1.0.100.202602081740/tools/bin/../lib/gcc/arm-none-eabi/14.3.1/../../../../arm-none-eabi/lib/thumb/v7e-m/nofp\libc_nano.a(libc_a-closer.o)
                0x0800aa54                _close_r
 .text._lseek_r
                0x0800aa74       0x24 C:/ST/STM32CubeIDE_2.1.1/STM32CubeIDE/plugins/com.st.stm32cube.ide.mcu.externaltools.gnu-tools-for-stm32.14.3.rel1.win32_1.0.100.202602081740/tools/bin/../lib/gcc/arm-none-eabi/14.3.1/../../../../arm-none-eabi/lib/thumb/v7e-m/nofp\libc_nano.a(libc_a-lseekr.o)
                0x0800aa74                _lseek_r
 .text._read_r  0x0800aa98       0x24 C:/ST/STM32CubeIDE_2.1.1/STM32CubeIDE/plugins/com.st.stm32cube.ide.mcu.externaltools.gnu-tools-for-stm32.14.3.rel1.win32_1.0.100.202602081740/tools/bin/../lib/gcc/arm-none-eabi/14.3.1/../../../../arm-none-eabi/lib/thumb/v7e-m/nofp\libc_nano.a(libc_a-readr.o)
                0x0800aa98                _read_r
 .text._sbrk_r  0x0800aabc       0x20 C:/ST/STM32CubeIDE_2.1.1/STM32CubeIDE/plugins/com.st.stm32cube.ide.mcu.externaltools.gnu-tools-for-stm32.14.3.rel1.win32_1.0.100.202602081740/tools/bin/../lib/gcc/arm-none-eabi/14.3.1/../../../../arm-none-eabi/lib/thumb/v7e-m/nofp\libc_nano.a(libc_a-sbrkr.o)
                0x0800aabc                _sbrk_r
 .text._write_r
                0x0800aadc       0x24 C:/ST/STM32CubeIDE_2.1.1/STM32CubeIDE/plugins/com.st.stm32cube.ide.mcu.externaltools.gnu-tools-for-stm32.14.3.rel1.win32_1.0.100.202602081740/tools/bin/../lib/gcc/arm-none-eabi/14.3.1/../../../../arm-none-eabi/lib/thumb/v7e-m/nofp\libc_nano.a(libc_a-writer.o)
                0x0800aadc                _write_r
 .text.__errno  0x0800ab00        0xc C:/ST/STM32CubeIDE_2.1.1/STM32CubeIDE/plugins/com.st.stm32cube.ide.mcu.externaltools.gnu-tools-for-stm32.14.3.rel1.win32_1.0.100.202602081740/tools/bin/../lib/gcc/arm-none-eabi/14.3.1/../../../../arm-none-eabi/lib/thumb/v7e-m/nofp\libc_nano.a(libc_a-errno.o)
                0x0800ab00                __errno
 .text.__libc_init_array
                0x0800ab0c       0x48 C:/ST/STM32CubeIDE_2.1.1/STM32CubeIDE/plugins/com.st.stm32cube.ide.mcu.externaltools.gnu-tools-for-stm32.14.3.rel1.win32_1.0.100.202602081740/tools/bin/../lib/gcc/arm-none-eabi/14.3.1/../../../../arm-none-eabi/lib/thumb/v7e-m/nofp\libc_nano.a(libc_a-init.o)
                0x0800ab0c                __libc_init_array
 .text.__retarget_lock_init_recursive
                0x0800ab54        0x2 C:/ST/STM32CubeIDE_2.1.1/STM32CubeIDE/plugins/com.st.stm32cube.ide.mcu.externaltools.gnu-tools-for-stm32.14.3.rel1.win32_1.0.100.202602081740/tools/bin/../lib/gcc/arm-none-eabi/14.3.1/../../../../arm-none-eabi/lib/thumb/v7e-m/nofp\libc_nano.a(libc_a-lock.o)
                0x0800ab54                __retarget_lock_init_recursive
 .text.__retarget_lock_acquire
                0x0800ab56        0x2 C:/ST/STM32CubeIDE_2.1.1/STM32CubeIDE/plugins/com.st.stm32cube.ide.mcu.externaltools.gnu-tools-for-stm32.14.3.rel1.win32_1.0.100.202602081740/tools/bin/../lib/gcc/arm-none-eabi/14.3.1/../../../../arm-none-eabi/lib/thumb/v7e-m/nofp\libc_nano.a(libc_a-lock.o)
                0x0800ab56                __retarget_lock_acquire
 .text.__retarget_lock_acquire_recursive
                0x0800ab58        0x2 C:/ST/STM32CubeIDE_2.1.1/STM32CubeIDE/plugins/com.st.stm32cube.ide.mcu.externaltools.gnu-tools-for-stm32.14.3.rel1.win32_1.0.100.202602081740/tools/bin/../lib/gcc/arm-none-eabi/14.3.1/../../../../arm-none-eabi/lib/thumb/v7e-m/nofp\libc_nano.a(libc_a-lock.o)
                0x0800ab58                __retarget_lock_acquire_recursive
 .text.__retarget_lock_release
                0x0800ab5a        0x2 C:/ST/STM32CubeIDE_2.1.1/STM32CubeIDE/plugins/com.st.stm32cube.ide.mcu.externaltools.gnu-tools-for-stm32.14.3.rel1.win32_1.0.100.202602081740/tools/bin/../lib/gcc/arm-none-eabi/14.3.1/../../../../arm-none-eabi/lib/thumb/v7e-m/nofp\libc_nano.a(libc_a-lock.o)
                0x0800ab5a                __retarget_lock_release
 .text.__retarget_lock_release_recursive
                0x0800ab5c        0x2 C:/ST/STM32CubeIDE_2.1.1/STM32CubeIDE/plugins/com.st.stm32cube.ide.mcu.externaltools.gnu-tools-for-stm32.14.3.rel1.win32_1.0.100.202602081740/tools/bin/../lib/gcc/arm-none-eabi/14.3.1/../../../../arm-none-eabi/lib/thumb/v7e-m/nofp\libc_nano.a(libc_a-lock.o)
                0x0800ab5c                __retarget_lock_release_recursive
 .text.strcpy   0x0800ab5e       0x10 C:/ST/STM32CubeIDE_2.1.1/STM32CubeIDE/plugins/com.st.stm32cube.ide.mcu.externaltools.gnu-tools-for-stm32.14.3.rel1.win32_1.0.100.202602081740/tools/bin/../lib/gcc/arm-none-eabi/14.3.1/../../../../arm-none-eabi/lib/thumb/v7e-m/nofp\libc_nano.a(libc_a-strcpy.o)
                0x0800ab5e                strcpy
 .text.memcpy   0x0800ab6e       0x1c C:/ST/STM32CubeIDE_2.1.1/STM32CubeIDE/plugins/com.st.stm32cube.ide.mcu.externaltools.gnu-tools-for-stm32.14.3.rel1.win32_1.0.100.202602081740/tools/bin/../lib/gcc/arm-none-eabi/14.3.1/../../../../arm-none-eabi/lib/thumb/v7e-m/nofp\libc_nano.a(libc_a-memcpy-stub.o)
                0x0800ab6e                memcpy
 *fill*         0x0800ab8a        0x2 
 .text.nan      0x0800ab8c        0xc C:/ST/STM32CubeIDE_2.1.1/STM32CubeIDE/plugins/com.st.stm32cube.ide.mcu.externaltools.gnu-tools-for-stm32.14.3.rel1.win32_1.0.100.202602081740/tools/bin/../lib/gcc/arm-none-eabi/14.3.1/../../../../arm-none-eabi/lib/thumb/v7e-m/nofp\libc_nano.a(libm_a-s_nan.o)
                0x0800ab8c                nan
 .text.nanf     0x0800ab98        0x8 C:/ST/STM32CubeIDE_2.1.1/STM32CubeIDE/plugins/com.st.stm32cube.ide.mcu.externaltools.gnu-tools-for-stm32.14.3.rel1.win32_1.0.100.202602081740/tools/bin/../lib/gcc/arm-none-eabi/14.3.1/../../../../arm-none-eabi/lib/thumb/v7e-m/nofp\libc_nano.a(libm_a-sf_nan.o)
                0x0800ab98                nanf
 .text.__assert_func
                0x0800aba0       0x3c C:/ST/STM32CubeIDE_2.1.1/STM32CubeIDE/plugins/com.st.stm32cube.ide.mcu.externaltools.gnu-tools-for-stm32.14.3.rel1.win32_1.0.100.202602081740/tools/bin/../lib/gcc/arm-none-eabi/14.3.1/../../../../arm-none-eabi/lib/thumb/v7e-m/nofp\libc_nano.a(libc_a-assert.o)
                0x0800aba0                __assert_func
 .text.div      0x0800abdc       0x10 C:/ST/STM32CubeIDE_2.1.1/STM32CubeIDE/plugins/com.st.stm32cube.ide.mcu.externaltools.gnu-tools-for-stm32.14.3.rel1.win32_1.0.100.202602081740/tools/bin/../lib/gcc/arm-none-eabi/14.3.1/../../../../arm-none-eabi/lib/thumb/v7e-m/nofp\libc_nano.a(libc_a-div.o)
                0x0800abdc                div
 .text._free_r  0x0800abec       0x94 C:/ST/STM32CubeIDE_2.1.1/STM32CubeIDE/plugins/com.st.stm32cube.ide.mcu.externaltools.gnu-tools-for-stm32.14.3.rel1.win32_1.0.100.202602081740/tools/bin/../lib/gcc/arm-none-eabi/14.3.1/../../../../arm-none-eabi/lib/thumb/v7e-m/nofp\libc_nano.a(libc_a-freer.o)
                0x0800abec                _free_r
 .text.rshift   0x0800ac80       0xa4 C:/ST/STM32CubeIDE_2.1.1/STM32CubeIDE/plugins/com.st.stm32cube.ide.mcu.externaltools.gnu-tools-for-stm32.14.3.rel1.win32_1.0.100.202602081740/tools/bin/../lib/gcc/arm-none-eabi/14.3.1/../../../../arm-none-eabi/lib/thumb/v7e-m/nofp\libc_nano.a(libc_a-gdtoa-gethex.o)
 .text.__hexdig_fun
                0x0800ad24       0x2a C:/ST/STM32CubeIDE_2.1.1/STM32CubeIDE/plugins/com.st.stm32cube.ide.mcu.externaltools.gnu-tools-for-stm32.14.3.rel1.win32_1.0.100.202602081740/tools/bin/../lib/gcc/arm-none-eabi/14.3.1/../../../../arm-none-eabi/lib/thumb/v7e-m/nofp\libc_nano.a(libc_a-gdtoa-gethex.o)
                0x0800ad24                __hexdig_fun
 *fill*         0x0800ad4e        0x2 
 .text.__gethex
                0x0800ad50      0x420 C:/ST/STM32CubeIDE_2.1.1/STM32CubeIDE/plugins/com.st.stm32cube.ide.mcu.externaltools.gnu-tools-for-stm32.14.3.rel1.win32_1.0.100.202602081740/tools/bin/../lib/gcc/arm-none-eabi/14.3.1/../../../../arm-none-eabi/lib/thumb/v7e-m/nofp\libc_nano.a(libc_a-gdtoa-gethex.o)
                0x0800ad50                __gethex
 .text.L_shift  0x0800b170       0x24 C:/ST/STM32CubeIDE_2.1.1/STM32CubeIDE/plugins/com.st.stm32cube.ide.mcu.externaltools.gnu-tools-for-stm32.14.3.rel1.win32_1.0.100.202602081740/tools/bin/../lib/gcc/arm-none-eabi/14.3.1/../../../../arm-none-eabi/lib/thumb/v7e-m/nofp\libc_nano.a(libc_a-gdtoa-hexnan.o)
 .text.__match  0x0800b194       0x28 C:/ST/STM32CubeIDE_2.1.1/STM32CubeIDE/plugins/com.st.stm32cube.ide.mcu.externaltools.gnu-tools-for-stm32.14.3.rel1.win32_1.0.100.202602081740/tools/bin/../lib/gcc/arm-none-eabi/14.3.1/../../../../arm-none-eabi/lib/thumb/v7e-m/nofp\libc_nano.a(libc_a-gdtoa-hexnan.o)
                0x0800b194                __match
 .text.__hexnan
                0x0800b1bc      0x13a C:/ST/STM32CubeIDE_2.1.1/STM32CubeIDE/plugins/com.st.stm32cube.ide.mcu.externaltools.gnu-tools-for-stm32.14.3.rel1.win32_1.0.100.202602081740/tools/bin/../lib/gcc/arm-none-eabi/14.3.1/../../../../arm-none-eabi/lib/thumb/v7e-m/nofp\libc_nano.a(libc_a-gdtoa-hexnan.o)
                0x0800b1bc                __hexnan
 *fill*         0x0800b2f6        0x2 
 .text._findenv_r
                0x0800b2f8       0x78 C:/ST/STM32CubeIDE_2.1.1/STM32CubeIDE/plugins/com.st.stm32cube.ide.mcu.externaltools.gnu-tools-for-stm32.14.3.rel1.win32_1.0.100.202602081740/tools/bin/../lib/gcc/arm-none-eabi/14.3.1/../../../../arm-none-eabi/lib/thumb/v7e-m/nofp\libc_nano.a(libc_a-getenv_r.o)
                0x0800b2f8                _findenv_r
 .text._getenv_r
                0x0800b370        0xc C:/ST/STM32CubeIDE_2.1.1/STM32CubeIDE/plugins/com.st.stm32cube.ide.mcu.externaltools.gnu-tools-for-stm32.14.3.rel1.win32_1.0.100.202602081740/tools/bin/../lib/gcc/arm-none-eabi/14.3.1/../../../../arm-none-eabi/lib/thumb/v7e-m/nofp\libc_nano.a(libc_a-getenv_r.o)
                0x0800b370                _getenv_r
 .text.__ascii_mbtowc
                0x0800b37c       0x24 C:/ST/STM32CubeIDE_2.1.1/STM32CubeIDE/plugins/com.st.stm32cube.ide.mcu.externaltools.gnu-tools-for-stm32.14.3.rel1.win32_1.0.100.202602081740/tools/bin/../lib/gcc/arm-none-eabi/14.3.1/../../../../arm-none-eabi/lib/thumb/v7e-m/nofp\libc_nano.a(libc_a-mbtowc_r.o)
                0x0800b37c                __ascii_mbtowc
 .text._Balloc  0x0800b3a0       0x7c C:/ST/STM32CubeIDE_2.1.1/STM32CubeIDE/plugins/com.st.stm32cube.ide.mcu.externaltools.gnu-tools-for-stm32.14.3.rel1.win32_1.0.100.202602081740/tools/bin/../lib/gcc/arm-none-eabi/14.3.1/../../../../arm-none-eabi/lib/thumb/v7e-m/nofp\libc_nano.a(libc_a-mprec.o)
                0x0800b3a0                _Balloc
 .text._Bfree   0x0800b41c       0x44 C:/ST/STM32CubeIDE_2.1.1/STM32CubeIDE/plugins/com.st.stm32cube.ide.mcu.externaltools.gnu-tools-for-stm32.14.3.rel1.win32_1.0.100.202602081740/tools/bin/../lib/gcc/arm-none-eabi/14.3.1/../../../../arm-none-eabi/lib/thumb/v7e-m/nofp\libc_nano.a(libc_a-mprec.o)
                0x0800b41c                _Bfree
 .text.__multadd
                0x0800b460       0x8c C:/ST/STM32CubeIDE_2.1.1/STM32CubeIDE/plugins/com.st.stm32cube.ide.mcu.externaltools.gnu-tools-for-stm32.14.3.rel1.win32_1.0.100.202602081740/tools/bin/../lib/gcc/arm-none-eabi/14.3.1/../../../../arm-none-eabi/lib/thumb/v7e-m/nofp\libc_nano.a(libc_a-mprec.o)
                0x0800b460                __multadd
 .text.__s2b    0x0800b4ec       0x94 C:/ST/STM32CubeIDE_2.1.1/STM32CubeIDE/plugins/com.st.stm32cube.ide.mcu.externaltools.gnu-tools-for-stm32.14.3.rel1.win32_1.0.100.202602081740/tools/bin/../lib/gcc/arm-none-eabi/14.3.1/../../../../arm-none-eabi/lib/thumb/v7e-m/nofp\libc_nano.a(libc_a-mprec.o)
                0x0800b4ec                __s2b
 .text.__hi0bits
                0x0800b580       0x3e C:/ST/STM32CubeIDE_2.1.1/STM32CubeIDE/plugins/com.st.stm32cube.ide.mcu.externaltools.gnu-tools-for-stm32.14.3.rel1.win32_1.0.100.202602081740/tools/bin/../lib/gcc/arm-none-eabi/14.3.1/../../../../arm-none-eabi/lib/thumb/v7e-m/nofp\libc_nano.a(libc_a-mprec.o)
                0x0800b580                __hi0bits
 .text.__lo0bits
                0x0800b5be       0x5a C:/ST/STM32CubeIDE_2.1.1/STM32CubeIDE/plugins/com.st.stm32cube.ide.mcu.externaltools.gnu-tools-for-stm32.14.3.rel1.win32_1.0.100.202602081740/tools/bin/../lib/gcc/arm-none-eabi/14.3.1/../../../../arm-none-eabi/lib/thumb/v7e-m/nofp\libc_nano.a(libc_a-mprec.o)
                0x0800b5be                __lo0bits
 .text.__i2b    0x0800b618       0x2c C:/ST/STM32CubeIDE_2.1.1/STM32CubeIDE/plugins/com.st.stm32cube.ide.mcu.externaltools.gnu-tools-for-stm32.14.3.rel1.win32_1.0.100.202602081740/tools/bin/../lib/gcc/arm-none-eabi/14.3.1/../../../../arm-none-eabi/lib/thumb/v7e-m/nofp\libc_nano.a(libc_a-mprec.o)
                0x0800b618                __i2b
 .text.__multiply
                0x0800b644      0x150 C:/ST/STM32CubeIDE_2.1.1/STM32CubeIDE/plugins/com.st.stm32cube.ide.mcu.externaltools.gnu-tools-for-stm32.14.3.rel1.win32_1.0.100.202602081740/tools/bin/../lib/gcc/arm-none-eabi/14.3.1/../../../../arm-none-eabi/lib/thumb/v7e-m/nofp\libc_nano.a(libc_a-mprec.o)
                0x0800b644                __multiply
 .text.__pow5mult
                0x0800b794       0xb8 C:/ST/STM32CubeIDE_2.1.1/STM32CubeIDE/plugins/com.st.stm32cube.ide.mcu.externaltools.gnu-tools-for-stm32.14.3.rel1.win32_1.0.100.202602081740/tools/bin/../lib/gcc/arm-none-eabi/14.3.1/../../../../arm-none-eabi/lib/thumb/v7e-m/nofp\libc_nano.a(libc_a-mprec.o)
                0x0800b794                __pow5mult
 .text.__lshift
                0x0800b84c       0xdc C:/ST/STM32CubeIDE_2.1.1/STM32CubeIDE/plugins/com.st.stm32cube.ide.mcu.externaltools.gnu-tools-for-stm32.14.3.rel1.win32_1.0.100.202602081740/tools/bin/../lib/gcc/arm-none-eabi/14.3.1/../../../../arm-none-eabi/lib/thumb/v7e-m/nofp\libc_nano.a(libc_a-mprec.o)
                0x0800b84c                __lshift
 .text.__mcmp   0x0800b928       0x36 C:/ST/STM32CubeIDE_2.1.1/STM32CubeIDE/plugins/com.st.stm32cube.ide.mcu.externaltools.gnu-tools-for-stm32.14.3.rel1.win32_1.0.100.202602081740/tools/bin/../lib/gcc/arm-none-eabi/14.3.1/../../../../arm-none-eabi/lib/thumb/v7e-m/nofp\libc_nano.a(libc_a-mprec.o)
                0x0800b928                __mcmp
 *fill*         0x0800b95e        0x2 
 .text.__mdiff  0x0800b960      0x130 C:/ST/STM32CubeIDE_2.1.1/STM32CubeIDE/plugins/com.st.stm32cube.ide.mcu.externaltools.gnu-tools-for-stm32.14.3.rel1.win32_1.0.100.202602081740/tools/bin/../lib/gcc/arm-none-eabi/14.3.1/../../../../arm-none-eabi/lib/thumb/v7e-m/nofp\libc_nano.a(libc_a-mprec.o)
                0x0800b960                __mdiff
 .text.__ulp    0x0800ba90       0x40 C:/ST/STM32CubeIDE_2.1.1/STM32CubeIDE/plugins/com.st.stm32cube.ide.mcu.externaltools.gnu-tools-for-stm32.14.3.rel1.win32_1.0.100.202602081740/tools/bin/../lib/gcc/arm-none-eabi/14.3.1/../../../../arm-none-eabi/lib/thumb/v7e-m/nofp\libc_nano.a(libc_a-mprec.o)
                0x0800ba90                __ulp
 .text.__b2d    0x0800bad0       0x94 C:/ST/STM32CubeIDE_2.1.1/STM32CubeIDE/plugins/com.st.stm32cube.ide.mcu.externaltools.gnu-tools-for-stm32.14.3.rel1.win32_1.0.100.202602081740/tools/bin/../lib/gcc/arm-none-eabi/14.3.1/../../../../arm-none-eabi/lib/thumb/v7e-m/nofp\libc_nano.a(libc_a-mprec.o)
                0x0800bad0                __b2d
 .text.__d2b    0x0800bb64       0xb0 C:/ST/STM32CubeIDE_2.1.1/STM32CubeIDE/plugins/com.st.stm32cube.ide.mcu.externaltools.gnu-tools-for-stm32.14.3.rel1.win32_1.0.100.202602081740/tools/bin/../lib/gcc/arm-none-eabi/14.3.1/../../../../arm-none-eabi/lib/thumb/v7e-m/nofp\libc_nano.a(libc_a-mprec.o)
                0x0800bb64                __d2b
 .text.__ratio  0x0800bc14       0x60 C:/ST/STM32CubeIDE_2.1.1/STM32CubeIDE/plugins/com.st.stm32cube.ide.mcu.externaltools.gnu-tools-for-stm32.14.3.rel1.win32_1.0.100.202602081740/tools/bin/../lib/gcc/arm-none-eabi/14.3.1/../../../../arm-none-eabi/lib/thumb/v7e-m/nofp\libc_nano.a(libc_a-mprec.o)
                0x0800bc14                __ratio
 .text.__copybits
                0x0800bc74       0x46 C:/ST/STM32CubeIDE_2.1.1/STM32CubeIDE/plugins/com.st.stm32cube.ide.mcu.externaltools.gnu-tools-for-stm32.14.3.rel1.win32_1.0.100.202602081740/tools/bin/../lib/gcc/arm-none-eabi/14.3.1/../../../../arm-none-eabi/lib/thumb/v7e-m/nofp\libc_nano.a(libc_a-mprec.o)
                0x0800bc74                __copybits
 .text.__any_on
                0x0800bcba       0x42 C:/ST/STM32CubeIDE_2.1.1/STM32CubeIDE/plugins/com.st.stm32cube.ide.mcu.externaltools.gnu-tools-for-stm32.14.3.rel1.win32_1.0.100.202602081740/tools/bin/../lib/gcc/arm-none-eabi/14.3.1/../../../../arm-none-eabi/lib/thumb/v7e-m/nofp\libc_nano.a(libc_a-mprec.o)
                0x0800bcba                __any_on
 .text._malloc_usable_size_r
                0x0800bcfc       0x10 C:/ST/STM32CubeIDE_2.1.1/STM32CubeIDE/plugins/com.st.stm32cube.ide.mcu.externaltools.gnu-tools-for-stm32.14.3.rel1.win32_1.0.100.202602081740/tools/bin/../lib/gcc/arm-none-eabi/14.3.1/../../../../arm-none-eabi/lib/thumb/v7e-m/nofp\libc_nano.a(libc_a-msizer.o)
                0x0800bcfc                _malloc_usable_size_r
 .text._strtoul_l.isra.0
                0x0800bd0c       0xdc C:/ST/STM32CubeIDE_2.1.1/STM32CubeIDE/plugins/com.st.stm32cube.ide.mcu.externaltools.gnu-tools-for-stm32.14.3.rel1.win32_1.0.100.202602081740/tools/bin/../lib/gcc/arm-none-eabi/14.3.1/../../../../arm-none-eabi/lib/thumb/v7e-m/nofp\libc_nano.a(libc_a-strtoul.o)
 .text._strtoul_r
                0x0800bde8        0x4 C:/ST/STM32CubeIDE_2.1.1/STM32CubeIDE/plugins/com.st.stm32cube.ide.mcu.externaltools.gnu-tools-for-stm32.14.3.rel1.win32_1.0.100.202602081740/tools/bin/../lib/gcc/arm-none-eabi/14.3.1/../../../../arm-none-eabi/lib/thumb/v7e-m/nofp\libc_nano.a(libc_a-strtoul.o)
                0x0800bde8                _strtoul_r
 .text.strtoul  0x0800bdec       0x14 C:/ST/STM32CubeIDE_2.1.1/STM32CubeIDE/plugins/com.st.stm32cube.ide.mcu.externaltools.gnu-tools-for-stm32.14.3.rel1.win32_1.0.100.202602081740/tools/bin/../lib/gcc/arm-none-eabi/14.3.1/../../../../arm-none-eabi/lib/thumb/v7e-m/nofp\libc_nano.a(libc_a-strtoul.o)
                0x0800bdec                strtoul
 .text.__ascii_wctomb
                0x0800be00       0x1a C:/ST/STM32CubeIDE_2.1.1/STM32CubeIDE/plugins/com.st.stm32cube.ide.mcu.externaltools.gnu-tools-for-stm32.14.3.rel1.win32_1.0.100.202602081740/tools/bin/../lib/gcc/arm-none-eabi/14.3.1/../../../../arm-none-eabi/lib/thumb/v7e-m/nofp\libc_nano.a(libc_a-wctomb_r.o)
                0x0800be00                __ascii_wctomb
 .text._sungetc_r
                0x0800be1a       0x7a C:/ST/STM32CubeIDE_2.1.1/STM32CubeIDE/plugins/com.st.stm32cube.ide.mcu.externaltools.gnu-tools-for-stm32.14.3.rel1.win32_1.0.100.202602081740/tools/bin/../lib/gcc/arm-none-eabi/14.3.1/../../../../arm-none-eabi/lib/thumb/v7e-m/nofp\libc_nano.a(libc_a-nano-svfscanf.o)
                0x0800be1a                _sungetc_r
 .text.__ssrefill_r
                0x0800be94       0x3a C:/ST/STM32CubeIDE_2.1.1/STM32CubeIDE/plugins/com.st.stm32cube.ide.mcu.externaltools.gnu-tools-for-stm32.14.3.rel1.win32_1.0.100.202602081740/tools/bin/../lib/gcc/arm-none-eabi/14.3.1/../../../../arm-none-eabi/lib/thumb/v7e-m/nofp\libc_nano.a(libc_a-nano-svfscanf.o)
                0x0800be94                __ssrefill_r
 *fill*         0x0800bece        0x2 
 .text.__ssvfscanf_r
                0x0800bed0      0x2fc C:/ST/STM32CubeIDE_2.1.1/STM32CubeIDE/plugins/com.st.stm32cube.ide.mcu.externaltools.gnu-tools-for-stm32.14.3.rel1.win32_1.0.100.202602081740/tools/bin/../lib/gcc/arm-none-eabi/14.3.1/../../../../arm-none-eabi/lib/thumb/v7e-m/nofp\libc_nano.a(libc_a-nano-svfscanf.o)
                0x0800bed0                __ssvfiscanf_r
                0x0800bed0                __ssvfscanf_r
 .text._scanf_chars
                0x0800c1cc       0xb4 C:/ST/STM32CubeIDE_2.1.1/STM32CubeIDE/plugins/com.st.stm32cube.ide.mcu.externaltools.gnu-tools-for-stm32.14.3.rel1.win32_1.0.100.202602081740/tools/bin/../lib/gcc/arm-none-eabi/14.3.1/../../../../arm-none-eabi/lib/thumb/v7e-m/nofp\libc_nano.a(libc_a-nano-vfscanf_i.o)
                0x0800c1cc                _scanf_chars
 .text._scanf_i
                0x0800c280      0x1e4 C:/ST/STM32CubeIDE_2.1.1/STM32CubeIDE/plugins/com.st.stm32cube.ide.mcu.externaltools.gnu-tools-for-stm32.14.3.rel1.win32_1.0.100.202602081740/tools/bin/../lib/gcc/arm-none-eabi/14.3.1/../../../../arm-none-eabi/lib/thumb/v7e-m/nofp\libc_nano.a(libc_a-nano-vfscanf_i.o)
                0x0800c280                _scanf_i
 .text.__sflush_r
                0x0800c464       0xfc C:/ST/STM32CubeIDE_2.1.1/STM32CubeIDE/plugins/com.st.stm32cube.ide.mcu.externaltools.gnu-tools-for-stm32.14.3.rel1.win32_1.0.100.202602081740/tools/bin/../lib/gcc/arm-none-eabi/14.3.1/../../../../arm-none-eabi/lib/thumb/v7e-m/nofp\libc_nano.a(libc_a-fflush.o)
                0x0800c464                __sflush_r
 .text._fflush_r
                0x0800c560       0x50 C:/ST/STM32CubeIDE_2.1.1/STM32CubeIDE/plugins/com.st.stm32cube.ide.mcu.externaltools.gnu-tools-for-stm32.14.3.rel1.win32_1.0.100.202602081740/tools/bin/../lib/gcc/arm-none-eabi/14.3.1/../../../../arm-none-eabi/lib/thumb/v7e-m/nofp\libc_nano.a(libc_a-fflush.o)
                0x0800c560                _fflush_r
 .text.fprintf  0x0800c5b0       0x24 C:/ST/STM32CubeIDE_2.1.1/STM32CubeIDE/plugins/com.st.stm32cube.ide.mcu.externaltools.gnu-tools-for-stm32.14.3.rel1.win32_1.0.100.202602081740/tools/bin/../lib/gcc/arm-none-eabi/14.3.1/../../../../arm-none-eabi/lib/thumb/v7e-m/nofp\libc_nano.a(libc_a-fprintf.o)
                0x0800c5b0                fiprintf
                0x0800c5b0                fprintf
 .text.__sccl   0x0800c5d4       0x72 C:/ST/STM32CubeIDE_2.1.1/STM32CubeIDE/plugins/com.st.stm32cube.ide.mcu.externaltools.gnu-tools-for-stm32.14.3.rel1.win32_1.0.100.202602081740/tools/bin/../lib/gcc/arm-none-eabi/14.3.1/../../../../arm-none-eabi/lib/thumb/v7e-m/nofp\libc_nano.a(libc_a-sccl.o)
                0x0800c5d4                __sccl
 .text.__submore
                0x0800c646       0x74 C:/ST/STM32CubeIDE_2.1.1/STM32CubeIDE/plugins/com.st.stm32cube.ide.mcu.externaltools.gnu-tools-for-stm32.14.3.rel1.win32_1.0.100.202602081740/tools/bin/../lib/gcc/arm-none-eabi/14.3.1/../../../../arm-none-eabi/lib/thumb/v7e-m/nofp\libc_nano.a(libc_a-ungetc.o)
                0x0800c646                __submore
 *fill*         0x0800c6ba        0x2 
 .text.__gettzinfo
                0x0800c6bc        0x8 C:/ST/STM32CubeIDE_2.1.1/STM32CubeIDE/plugins/com.st.stm32cube.ide.mcu.externaltools.gnu-tools-for-stm32.14.3.rel1.win32_1.0.100.202602081740/tools/bin/../lib/gcc/arm-none-eabi/14.3.1/../../../../arm-none-eabi/lib/thumb/v7e-m/nofp\libc_nano.a(libc_a-gettzinfo.o)
                0x0800c6bc                __gettzinfo
 .text.gmtime_r
                0x0800c6c4      0x14c C:/ST/STM32CubeIDE_2.1.1/STM32CubeIDE/plugins/com.st.stm32cube.ide.mcu.externaltools.gnu-tools-for-stm32.14.3.rel1.win32_1.0.100.202602081740/tools/bin/../lib/gcc/arm-none-eabi/14.3.1/../../../../arm-none-eabi/lib/thumb/v7e-m/nofp\libc_nano.a(libc_a-gmtime_r.o)
                0x0800c6c4                gmtime_r
 .text.abort    0x0800c810        0xe C:/ST/STM32CubeIDE_2.1.1/STM32CubeIDE/plugins/com.st.stm32cube.ide.mcu.externaltools.gnu-tools-for-stm32.14.3.rel1.win32_1.0.100.202602081740/tools/bin/../lib/gcc/arm-none-eabi/14.3.1/../../../../arm-none-eabi/lib/thumb/v7e-m/nofp\libc_nano.a(libc_a-abort.o)
                0x0800c810                abort
 .text._calloc_r
                0x0800c81e       0x28 C:/ST/STM32CubeIDE_2.1.1/STM32CubeIDE/plugins/com.st.stm32cube.ide.mcu.externaltools.gnu-tools-for-stm32.14.3.rel1.win32_1.0.100.202602081740/tools/bin/../lib/gcc/arm-none-eabi/14.3.1/../../../../arm-none-eabi/lib/thumb/v7e-m/nofp\libc_nano.a(libc_a-callocr.o)
                0x0800c81e                _calloc_r
 *fill*         0x0800c846        0x2 
 .text.__env_lock
                0x0800c848        0xc C:/ST/STM32CubeIDE_2.1.1/STM32CubeIDE/plugins/com.st.stm32cube.ide.mcu.externaltools.gnu-tools-for-stm32.14.3.rel1.win32_1.0.100.202602081740/tools/bin/../lib/gcc/arm-none-eabi/14.3.1/../../../../arm-none-eabi/lib/thumb/v7e-m/nofp\libc_nano.a(libc_a-envlock.o)
                0x0800c848                __env_lock
 .text.__env_unlock
                0x0800c854        0xc C:/ST/STM32CubeIDE_2.1.1/STM32CubeIDE/plugins/com.st.stm32cube.ide.mcu.externaltools.gnu-tools-for-stm32.14.3.rel1.win32_1.0.100.202602081740/tools/bin/../lib/gcc/arm-none-eabi/14.3.1/../../../../arm-none-eabi/lib/thumb/v7e-m/nofp\libc_nano.a(libc_a-envlock.o)
                0x0800c854                __env_unlock
 .text.__sfputc_r
                0x0800c860       0x2a C:/ST/STM32CubeIDE_2.1.1/STM32CubeIDE/plugins/com.st.stm32cube.ide.mcu.externaltools.gnu-tools-for-stm32.14.3.rel1.win32_1.0.100.202602081740/tools/bin/../lib/gcc/arm-none-eabi/14.3.1/../../../../arm-none-eabi/lib/thumb/v7e-m/nofp\libc_nano.a(libc_a-nano-vfprintf.o)
 .text.__sfputs_r
                0x0800c88a       0x24 C:/ST/STM32CubeIDE_2.1.1/STM32CubeIDE/plugins/com.st.stm32cube.ide.mcu.externaltools.gnu-tools-for-stm32.14.3.rel1.win32_1.0.100.202602081740/tools/bin/../lib/gcc/arm-none-eabi/14.3.1/../../../../arm-none-eabi/lib/thumb/v7e-m/nofp\libc_nano.a(libc_a-nano-vfprintf.o)
                0x0800c88a                __sfputs_r
 *fill*         0x0800c8ae        0x2 
 .text._vfprintf_r
                0x0800c8b0      0x228 C:/ST/STM32CubeIDE_2.1.1/STM32CubeIDE/plugins/com.st.stm32cube.ide.mcu.externaltools.gnu-tools-for-stm32.14.3.rel1.win32_1.0.100.202602081740/tools/bin/../lib/gcc/arm-none-eabi/14.3.1/../../../../arm-none-eabi/lib/thumb/v7e-m/nofp\libc_nano.a(libc_a-nano-vfprintf.o)
                0x0800c8b0                _vfprintf_r
                0x0800c8b0                _vfiprintf_r
 .text._printf_common
                0x0800cad8       0xda C:/ST/STM32CubeIDE_2.1.1/STM32CubeIDE/plugins/com.st.stm32cube.ide.mcu.externaltools.gnu-tools-for-stm32.14.3.rel1.win32_1.0.100.202602081740/tools/bin/../lib/gcc/arm-none-eabi/14.3.1/../../../../arm-none-eabi/lib/thumb/v7e-m/nofp\libc_nano.a(libc_a-nano-vfprintf_i.o)
                0x0800cad8                _printf_common
 *fill*         0x0800cbb2        0x2 
 .text._printf_i
                0x0800cbb4      0x24c C:/ST/STM32CubeIDE_2.1.1/STM32CubeIDE/plugins/com.st.stm32cube.ide.mcu.externaltools.gnu-tools-for-stm32.14.3.rel1.win32_1.0.100.202602081740/tools/bin/../lib/gcc/arm-none-eabi/14.3.1/../../../../arm-none-eabi/lib/thumb/v7e-m/nofp\libc_nano.a(libc_a-nano-vfprintf_i.o)
                0x0800cbb4                _printf_i
 .text.__swbuf_r
                0x0800ce00       0x7c C:/ST/STM32CubeIDE_2.1.1/STM32CubeIDE/plugins/com.st.stm32cube.ide.mcu.externaltools.gnu-tools-for-stm32.14.3.rel1.win32_1.0.100.202602081740/tools/bin/../lib/gcc/arm-none-eabi/14.3.1/../../../../arm-none-eabi/lib/thumb/v7e-m/nofp\libc_nano.a(libc_a-wbuf.o)
                0x0800ce00                __swbuf_r
 .text.__swsetup_r
                0x0800ce7c       0xa8 C:/ST/STM32CubeIDE_2.1.1/STM32CubeIDE/plugins/com.st.stm32cube.ide.mcu.externaltools.gnu-tools-for-stm32.14.3.rel1.win32_1.0.100.202602081740/tools/bin/../lib/gcc/arm-none-eabi/14.3.1/../../../../arm-none-eabi/lib/thumb/v7e-m/nofp\libc_nano.a(libc_a-wsetup.o)
                0x0800ce7c                __swsetup_r
 .text._raise_r
                0x0800cf24       0x50 C:/ST/STM32CubeIDE_2.1.1/STM32CubeIDE/plugins/com.st.stm32cube.ide.mcu.externaltools.gnu-tools-for-stm32.14.3.rel1.win32_1.0.100.202602081740/tools/bin/../lib/gcc/arm-none-eabi/14.3.1/../../../../arm-none-eabi/lib/thumb/v7e-m/nofp\libc_nano.a(libc_a-signal.o)
                0x0800cf24                _raise_r
 .text.raise    0x0800cf74       0x10 C:/ST/STM32CubeIDE_2.1.1/STM32CubeIDE/plugins/com.st.stm32cube.ide.mcu.externaltools.gnu-tools-for-stm32.14.3.rel1.win32_1.0.100.202602081740/tools/bin/../lib/gcc/arm-none-eabi/14.3.1/../../../../arm-none-eabi/lib/thumb/v7e-m/nofp\libc_nano.a(libc_a-signal.o)
                0x0800cf74                raise
 .text._kill_r  0x0800cf84       0x24 C:/ST/STM32CubeIDE_2.1.1/STM32CubeIDE/plugins/com.st.stm32cube.ide.mcu.externaltools.gnu-tools-for-stm32.14.3.rel1.win32_1.0.100.202602081740/tools/bin/../lib/gcc/arm-none-eabi/14.3.1/../../../../arm-none-eabi/lib/thumb/v7e-m/nofp\libc_nano.a(libc_a-signalr.o)
                0x0800cf84                _kill_r
 .text._getpid_r
                0x0800cfa8        0x4 C:/ST/STM32CubeIDE_2.1.1/STM32CubeIDE/plugins/com.st.stm32cube.ide.mcu.externaltools.gnu-tools-for-stm32.14.3.rel1.win32_1.0.100.202602081740/tools/bin/../lib/gcc/arm-none-eabi/14.3.1/../../../../arm-none-eabi/lib/thumb/v7e-m/nofp\libc_nano.a(libc_a-signalr.o)
                0x0800cfa8                _getpid_r
 .text.__swhatbuf_r
                0x0800cfac       0x48 C:/ST/STM32CubeIDE_2.1.1/STM32CubeIDE/plugins/com.st.stm32cube.ide.mcu.externaltools.gnu-tools-for-stm32.14.3.rel1.win32_1.0.100.202602081740/tools/bin/../lib/gcc/arm-none-eabi/14.3.1/../../../../arm-none-eabi/lib/thumb/v7e-m/nofp\libc_nano.a(libc_a-makebuf.o)
                0x0800cfac                __swhatbuf_r
 .text.__smakebuf_r
                0x0800cff4       0x72 C:/ST/STM32CubeIDE_2.1.1/STM32CubeIDE/plugins/com.st.stm32cube.ide.mcu.externaltools.gnu-tools-for-stm32.14.3.rel1.win32_1.0.100.202602081740/tools/bin/../lib/gcc/arm-none-eabi/14.3.1/../../../../arm-none-eabi/lib/thumb/v7e-m/nofp\libc_nano.a(libc_a-makebuf.o)
                0x0800cff4                __smakebuf_r
 *fill*         0x0800d066        0x2 
 .text._fstat_r
                0x0800d068       0x24 C:/ST/STM32CubeIDE_2.1.1/STM32CubeIDE/plugins/com.st.stm32cube.ide.mcu.externaltools.gnu-tools-for-stm32.14.3.rel1.win32_1.0.100.202602081740/tools/bin/../lib/gcc/arm-none-eabi/14.3.1/../../../../arm-none-eabi/lib/thumb/v7e-m/nofp\libc_nano.a(libc_a-fstatr.o)
                0x0800d068                _fstat_r
 .text._isatty_r
                0x0800d08c       0x20 C:/ST/STM32CubeIDE_2.1.1/STM32CubeIDE/plugins/com.st.stm32cube.ide.mcu.externaltools.gnu-tools-for-stm32.14.3.rel1.win32_1.0.100.202602081740/tools/bin/../lib/gcc/arm-none-eabi/14.3.1/../../../../arm-none-eabi/lib/thumb/v7e-m/nofp\libc_nano.a(libc_a-isattyr.o)
                0x0800d08c                _isatty_r
 .text.cos      0x0800d0ac       0x80 C:/ST/STM32CubeIDE_2.1.1/STM32CubeIDE/plugins/com.st.stm32cube.ide.mcu.externaltools.gnu-tools-for-stm32.14.3.rel1.win32_1.0.100.202602081740/tools/bin/../lib/gcc/arm-none-eabi/14.3.1/../../../../arm-none-eabi/lib/thumb/v7e-m/nofp\libm.a(libm_a-s_cos.o)
                0x0800d0ac                cos
 .text.sin      0x0800d12c       0x8c C:/ST/STM32CubeIDE_2.1.1/STM32CubeIDE/plugins/com.st.stm32cube.ide.mcu.externaltools.gnu-tools-for-stm32.14.3.rel1.win32_1.0.100.202602081740/tools/bin/../lib/gcc/arm-none-eabi/14.3.1/../../../../arm-none-eabi/lib/thumb/v7e-m/nofp\libm.a(libm_a-s_sin.o)
                0x0800d12c                sin
 .text.expf     0x0800d1b8       0x50 C:/ST/STM32CubeIDE_2.1.1/STM32CubeIDE/plugins/com.st.stm32cube.ide.mcu.externaltools.gnu-tools-for-stm32.14.3.rel1.win32_1.0.100.202602081740/tools/bin/../lib/gcc/arm-none-eabi/14.3.1/../../../../arm-none-eabi/lib/thumb/v7e-m/nofp\libm.a(libm_a-wf_exp.o)
                0x0800d1b8                expf
 .text.finitef  0x0800d208       0x10 C:/ST/STM32CubeIDE_2.1.1/STM32CubeIDE/plugins/com.st.stm32cube.ide.mcu.externaltools.gnu-tools-for-stm32.14.3.rel1.win32_1.0.100.202602081740/tools/bin/../lib/gcc/arm-none-eabi/14.3.1/../../../../arm-none-eabi/lib/thumb/v7e-m/nofp\libm.a(libm_a-sf_finite.o)
                0x0800d208                finitef
 .text.with_errnof
                0x0800d218       0x14 C:/ST/STM32CubeIDE_2.1.1/STM32CubeIDE/plugins/com.st.stm32cube.ide.mcu.externaltools.gnu-tools-for-stm32.14.3.rel1.win32_1.0.100.202602081740/tools/bin/../lib/gcc/arm-none-eabi/14.3.1/../../../../arm-none-eabi/lib/thumb/v7e-m/nofp\libm.a(libm_a-math_errf.o)
 .text.xflowf   0x0800d22c       0x28 C:/ST/STM32CubeIDE_2.1.1/STM32CubeIDE/plugins/com.st.stm32cube.ide.mcu.externaltools.gnu-tools-for-stm32.14.3.rel1.win32_1.0.100.202602081740/tools/bin/../lib/gcc/arm-none-eabi/14.3.1/../../../../arm-none-eabi/lib/thumb/v7e-m/nofp\libm.a(libm_a-math_errf.o)
 .text.__math_uflowf
                0x0800d254        0x8 C:/ST/STM32CubeIDE_2.1.1/STM32CubeIDE/plugins/com.st.stm32cube.ide.mcu.externaltools.gnu-tools-for-stm32.14.3.rel1.win32_1.0.100.202602081740/tools/bin/../lib/gcc/arm-none-eabi/14.3.1/../../../../arm-none-eabi/lib/thumb/v7e-m/nofp\libm.a(libm_a-math_errf.o)
                0x0800d254                __math_uflowf
 .text.__math_oflowf
                0x0800d25c        0x8 C:/ST/STM32CubeIDE_2.1.1/STM32CubeIDE/plugins/com.st.stm32cube.ide.mcu.externaltools.gnu-tools-for-stm32.14.3.rel1.win32_1.0.100.202602081740/tools/bin/../lib/gcc/arm-none-eabi/14.3.1/../../../../arm-none-eabi/lib/thumb/v7e-m/nofp\libm.a(libm_a-math_errf.o)
                0x0800d25c                __math_oflowf
 *fill*         0x0800d264        0x4 
 .text.__kernel_cos
                0x0800d268      0x248 C:/ST/STM32CubeIDE_2.1.1/STM32CubeIDE/plugins/com.st.stm32cube.ide.mcu.externaltools.gnu-tools-for-stm32.14.3.rel1.win32_1.0.100.202602081740/tools/bin/../lib/gcc/arm-none-eabi/14.3.1/../../../../arm-none-eabi/lib/thumb/v7e-m/nofp\libm.a(libm_a-k_cos.o)
                0x0800d268                __kernel_cos
 .text.__kernel_sin
                0x0800d4b0      0x16c C:/ST/STM32CubeIDE_2.1.1/STM32CubeIDE/plugins/com.st.stm32cube.ide.mcu.externaltools.gnu-tools-for-stm32.14.3.rel1.win32_1.0.100.202602081740/tools/bin/../lib/gcc/arm-none-eabi/14.3.1/../../../../arm-none-eabi/lib/thumb/v7e-m/nofp\libm.a(libm_a-k_sin.o)
                0x0800d4b0                __kernel_sin
 *fill*         0x0800d61c        0x4 
 .text.__ieee754_rem_pio2
                0x0800d620      0x424 C:/ST/STM32CubeIDE_2.1.1/STM32CubeIDE/plugins/com.st.stm32cube.ide.mcu.externaltools.gnu-tools-for-stm32.14.3.rel1.win32_1.0.100.202602081740/tools/bin/../lib/gcc/arm-none-eabi/14.3.1/../../../../arm-none-eabi/lib/thumb/v7e-m/nofp\libm.a(libm_a-e_rem_pio2.o)
                0x0800d620                __ieee754_rem_pio2
 .text.fabs     0x0800da44        0x8 C:/ST/STM32CubeIDE_2.1.1/STM32CubeIDE/plugins/com.st.stm32cube.ide.mcu.externaltools.gnu-tools-for-stm32.14.3.rel1.win32_1.0.100.202602081740/tools/bin/../lib/gcc/arm-none-eabi/14.3.1/../../../../arm-none-eabi/lib/thumb/v7e-m/nofp\libm.a(libm_a-s_fabs.o)
                0x0800da44                fabs
 .text.__ieee754_expf
                0x0800da4c      0x244 C:/ST/STM32CubeIDE_2.1.1/STM32CubeIDE/plugins/com.st.stm32cube.ide.mcu.externaltools.gnu-tools-for-stm32.14.3.rel1.win32_1.0.100.202602081740/tools/bin/../lib/gcc/arm-none-eabi/14.3.1/../../../../arm-none-eabi/lib/thumb/v7e-m/nofp\libm.a(libm_a-ef_exp.o)
                0x0800da4c                __ieee754_expf
 .text.__kernel_rem_pio2
                0x0800dc90      0x86c C:/ST/STM32CubeIDE_2.1.1/STM32CubeIDE/plugins/com.st.stm32cube.ide.mcu.externaltools.gnu-tools-for-stm32.14.3.rel1.win32_1.0.100.202602081740/tools/bin/../lib/gcc/arm-none-eabi/14.3.1/../../../../arm-none-eabi/lib/thumb/v7e-m/nofp\libm.a(libm_a-k_rem_pio2.o)
                0x0800dc90                __kernel_rem_pio2
 *fill*         0x0800e4fc        0x4 
 .text.scalbn   0x0800e500       0xe4 C:/ST/STM32CubeIDE_2.1.1/STM32CubeIDE/plugins/com.st.stm32cube.ide.mcu.externaltools.gnu-tools-for-stm32.14.3.rel1.win32_1.0.100.202602081740/tools/bin/../lib/gcc/arm-none-eabi/14.3.1/../../../../arm-none-eabi/lib/thumb/v7e-m/nofp\libm.a(libm_a-s_scalbn.o)
                0x0800e500                scalbn
 *fill*         0x0800e5e4        0x4 
 .text.floor    0x0800e5e8      0x108 C:/ST/STM32CubeIDE_2.1.1/STM32CubeIDE/plugins/com.st.stm32cube.ide.mcu.externaltools.gnu-tools-for-stm32.14.3.rel1.win32_1.0.100.202602081740/tools/bin/../lib/gcc/arm-none-eabi/14.3.1/../../../../arm-none-eabi/lib/thumb/v7e-m/nofp\libm.a(libm_a-s_floor.o)
                0x0800e5e8                floor
 *(.glue_7)
 .glue_7        0x0800e6f0        0x0 linker stubs
 *(.glue_7t)
 .glue_7t       0x0800e6f0        0x0 linker stubs
 *(.eh_frame)
 .eh_frame      0x0800e6f0        0x0 C:/ST/STM32CubeIDE_2.1.1/STM32CubeIDE/plugins/com.st.stm32cube.ide.mcu.externaltools.gnu-tools-for-stm32.14.3.rel1.win32_1.0.100.202602081740/tools/bin/../lib/gcc/arm-none-eabi/14.3.1/thumb/v7e-m/nofp/crtbegin.o
 *(.init)