/home/icfoss/STM32CubeIDE/radar_new/E5_mini_with_hlk_ld2413_v2.0/E5_hlk_RLS_log/E5_hlk_RLS/Drivers/STM32WLxx_HAL_Driver/Src/stm32wlxx_hal_spi.c:3915:26:SPI_WaitFlagStateUntilTimeout	40	static
/home/icfoss/STM32CubeIDE/radar_new/E5_mini_with_hlk_ld2413_v2.0/E5_hlk_RLS_log/E5_hlk_RLS/Drivers/STM32WLxx_HAL_Driver/Src/stm32wlxx_hal_spi.c:3984:26:SPI_WaitFifoStateUntilTimeout	40	static
/home/icfoss/STM32CubeIDE/radar_new/E5_mini_with_hlk_ld2413_v2.0/E5_hlk_RLS_log/E5_hlk_RLS/Drivers/STM32WLxx_HAL_Driver/Src/stm32wlxx_hal_spi.c:4100:26:SPI_EndRxTxTransaction	24	static
/home/icfoss/STM32CubeIDE/radar_new/E5_mini_with_hlk_ld2413_v2.0/E5_hlk_RLS_log/E5_hlk_RLS/Drivers/STM32WLxx_HAL_Driver/Src/stm32wlxx_hal_spi.c:4064:26:SPI_EndRxTransaction	24	static
/home/icfoss/STM32CubeIDE/radar_new/E5_mini_with_hlk_ld2413_v2.0/E5_hlk_RLS_log/E5_hlk_RLS/Drivers/STM32WLxx_HAL_Driver/Src/stm32wlxx_hal_spi.c:4315:13:SPI_AbortRx_ISR	24	static
/home/icfoss/STM32CubeIDE/radar_new/E5_mini_with_hlk_ld2413_v2.0/E5_hlk_RLS_log/E5_hlk_RLS/Drivers/STM32WLxx_HAL_Driver/Src/stm32wlxx_hal_spi.c:4359:13:SPI_AbortTx_ISR	24	static
/home/icfoss/STM32CubeIDE/radar_new/E5_mini_with_hlk_ld2413_v2.0/E5_hlk_RLS_log/E5_hlk_RLS/Drivers/STM32WLxx_HAL_Driver/Src/stm32wlxx_hal_spi.c:535:13:HAL_SPI_MspInit	0	static
/home/icfoss/STM32CubeIDE/radar_new/E5_mini_with_hlk_ld2413_v2.0/E5_hlk_RLS_log/E5_hlk_RLS/Drivers/STM32WLxx_HAL_Driver/Src/stm32wlxx_hal_spi.c:316:19:HAL_SPI_Init	8	static
/home/icfoss/STM32CubeIDE/radar_new/E5_mini_with_hlk_ld2413_v2.0/E5_hlk_RLS_log/E5_hlk_RLS/Drivers/STM32WLxx_HAL_Driver/Src/stm32wlxx_hal_spi.c:551:13:HAL_SPI_MspDeInit	0	static
/home/icfoss/STM32CubeIDE/radar_new/E5_mini_with_hlk_ld2413_v2.0/E5_hlk_RLS_log/E5_hlk_RLS/Drivers/STM32WLxx_HAL_Driver/Src/stm32wlxx_hal_spi.c:491:19:HAL_SPI_DeInit	8	static
/home/icfoss/STM32CubeIDE/radar_new/E5_mini_with_hlk_ld2413_v2.0/E5_hlk_RLS_log/E5_hlk_RLS/Drivers/STM32WLxx_HAL_Driver/Src/stm32wlxx_hal_spi.c:823:19:HAL_SPI_Transmit	40	static
/home/icfoss/STM32CubeIDE/radar_new/E5_mini_with_hlk_ld2413_v2.0/E5_hlk_RLS_log/E5_hlk_RLS/Drivers/STM32WLxx_HAL_Driver/Src/stm32wlxx_hal_spi.c:1248:19:HAL_SPI_TransmitReceive	56	static
/home/icfoss/STM32CubeIDE/radar_new/E5_mini_with_hlk_ld2413_v2.0/E5_hlk_RLS_log/E5_hlk_RLS/Drivers/STM32WLxx_HAL_Driver/Src/stm32wlxx_hal_spi.c:1008:19:HAL_SPI_Receive	48	static
/home/icfoss/STM32CubeIDE/radar_new/E5_mini_with_hlk_ld2413_v2.0/E5_hlk_RLS_log/E5_hlk_RLS/Drivers/STM32WLxx_HAL_Driver/Src/stm32wlxx_hal_spi.c:1557:19:HAL_SPI_Transmit_IT	0	static
/home/icfoss/STM32CubeIDE/radar_new/E5_mini_with_hlk_ld2413_v2.0/E5_hlk_RLS_log/E5_hlk_RLS/Drivers/STM32WLxx_HAL_Driver/Src/stm32wlxx_hal_spi.c:1749:19:HAL_SPI_TransmitReceive_IT	4	static
/home/icfoss/STM32CubeIDE/radar_new/E5_mini_with_hlk_ld2413_v2.0/E5_hlk_RLS_log/E5_hlk_RLS/Drivers/STM32WLxx_HAL_Driver/Src/stm32wlxx_hal_spi.c:1642:19:HAL_SPI_Receive_IT	8	static
/home/icfoss/STM32CubeIDE/radar_new/E5_mini_with_hlk_ld2413_v2.0/E5_hlk_RLS_log/E5_hlk_RLS/Drivers/STM32WLxx_HAL_Driver/Src/stm32wlxx_hal_spi.c:1858:19:HAL_SPI_Transmit_DMA	16	static
/home/icfoss/STM32CubeIDE/radar_new/E5_mini_with_hlk_ld2413_v2.0/E5_hlk_RLS_log/E5_hlk_RLS/Drivers/STM32WLxx_HAL_Driver/Src/stm32wlxx_hal_spi.c:2128:19:HAL_SPI_TransmitReceive_DMA	16	static
/home/icfoss/STM32CubeIDE/radar_new/E5_mini_with_hlk_ld2413_v2.0/E5_hlk_RLS_log/E5_hlk_RLS/Drivers/STM32WLxx_HAL_Driver/Src/stm32wlxx_hal_spi.c:1983:19:HAL_SPI_Receive_DMA	16	static
/home/icfoss/STM32CubeIDE/radar_new/E5_mini_with_hlk_ld2413_v2.0/E5_hlk_RLS_log/E5_hlk_RLS/Drivers/STM32WLxx_HAL_Driver/Src/stm32wlxx_hal_spi.c:2320:19:HAL_SPI_Abort	32	static
/home/icfoss/STM32CubeIDE/radar_new/E5_mini_with_hlk_ld2413_v2.0/E5_hlk_RLS_log/E5_hlk_RLS/Drivers/STM32WLxx_HAL_Driver/Src/stm32wlxx_hal_spi.c:2641:19:HAL_SPI_DMAPause	0	static
/home/icfoss/STM32CubeIDE/radar_new/E5_mini_with_hlk_ld2413_v2.0/E5_hlk_RLS_log/E5_hlk_RLS/Drivers/STM32WLxx_HAL_Driver/Src/stm32wlxx_hal_spi.c:2661:19:HAL_SPI_DMAResume	0	static
/home/icfoss/STM32CubeIDE/radar_new/E5_mini_with_hlk_ld2413_v2.0/E5_hlk_RLS_log/E5_hlk_RLS/Drivers/STM32WLxx_HAL_Driver/Src/stm32wlxx_hal_spi.c:2681:19:HAL_SPI_DMAStop	16	static
/home/icfoss/STM32CubeIDE/radar_new/E5_mini_with_hlk_ld2413_v2.0/E5_hlk_RLS_log/E5_hlk_RLS/Drivers/STM32WLxx_HAL_Driver/Src/stm32wlxx_hal_spi.c:2828:13:HAL_SPI_TxCpltCallback	0	static
/home/icfoss/STM32CubeIDE/radar_new/E5_mini_with_hlk_ld2413_v2.0/E5_hlk_RLS_log/E5_hlk_RLS/Drivers/STM32WLxx_HAL_Driver/Src/stm32wlxx_hal_spi.c:2844:13:HAL_SPI_RxCpltCallback	0	static
/home/icfoss/STM32CubeIDE/radar_new/E5_mini_with_hlk_ld2413_v2.0/E5_hlk_RLS_log/E5_hlk_RLS/Drivers/STM32WLxx_HAL_Driver/Src/stm32wlxx_hal_spi.c:2860:13:HAL_SPI_TxRxCpltCallback	0	static
/home/icfoss/STM32CubeIDE/radar_new/E5_mini_with_hlk_ld2413_v2.0/E5_hlk_RLS_log/E5_hlk_RLS/Drivers/STM32WLxx_HAL_Driver/Src/stm32wlxx_hal_spi.c:2876:13:HAL_SPI_TxHalfCpltCallback	0	static
/home/icfoss/STM32CubeIDE/radar_new/E5_mini_with_hlk_ld2413_v2.0/E5_hlk_RLS_log/E5_hlk_RLS/Drivers/STM32WLxx_HAL_Driver/Src/stm32wlxx_hal_spi.c:3288:13:SPI_DMAHalfTransmitCplt	8	static
/home/icfoss/STM32CubeIDE/radar_new/E5_mini_with_hlk_ld2413_v2.0/E5_hlk_RLS_log/E5_hlk_RLS/Drivers/STM32WLxx_HAL_Driver/Src/stm32wlxx_hal_spi.c:2892:13:HAL_SPI_RxHalfCpltCallback	0	static
/home/icfoss/STM32CubeIDE/radar_new/E5_mini_with_hlk_ld2413_v2.0/E5_hlk_RLS_log/E5_hlk_RLS/Drivers/STM32WLxx_HAL_Driver/Src/stm32wlxx_hal_spi.c:3306:13:SPI_DMAHalfReceiveCplt	8	static
/home/icfoss/STM32CubeIDE/radar_new/E5_mini_with_hlk_ld2413_v2.0/E5_hlk_RLS_log/E5_hlk_RLS/Drivers/STM32WLxx_HAL_Driver/Src/stm32wlxx_hal_spi.c:2908:13:HAL_SPI_TxRxHalfCpltCallback	0	static
/home/icfoss/STM32CubeIDE/radar_new/E5_mini_with_hlk_ld2413_v2.0/E5_hlk_RLS_log/E5_hlk_RLS/Drivers/STM32WLxx_HAL_Driver/Src/stm32wlxx_hal_spi.c:3324:13:SPI_DMAHalfTransmitReceiveCplt	8	static
/home/icfoss/STM32CubeIDE/radar_new/E5_mini_with_hlk_ld2413_v2.0/E5_hlk_RLS_log/E5_hlk_RLS/Drivers/STM32WLxx_HAL_Driver/Src/stm32wlxx_hal_spi.c:2924:13:HAL_SPI_ErrorCallback	0	static
/home/icfoss/STM32CubeIDE/radar_new/E5_mini_with_hlk_ld2413_v2.0/E5_hlk_RLS_log/E5_hlk_RLS/Drivers/STM32WLxx_HAL_Driver/Src/stm32wlxx_hal_spi.c:4266:13:SPI_CloseTx_ISR	16	static
/home/icfoss/STM32CubeIDE/radar_new/E5_mini_with_hlk_ld2413_v2.0/E5_hlk_RLS_log/E5_hlk_RLS/Drivers/STM32WLxx_HAL_Driver/Src/stm32wlxx_hal_spi.c:3860:13:SPI_TxISR_8BIT	8	static
/home/icfoss/STM32CubeIDE/radar_new/E5_mini_with_hlk_ld2413_v2.0/E5_hlk_RLS_log/E5_hlk_RLS/Drivers/STM32WLxx_HAL_Driver/Src/stm32wlxx_hal_spi.c:3885:13:SPI_TxISR_16BIT	8	static
/home/icfoss/STM32CubeIDE/radar_new/E5_mini_with_hlk_ld2413_v2.0/E5_hlk_RLS_log/E5_hlk_RLS/Drivers/STM32WLxx_HAL_Driver/Src/stm32wlxx_hal_spi.c:4209:13:SPI_CloseRx_ISR	8	static
/home/icfoss/STM32CubeIDE/radar_new/E5_mini_with_hlk_ld2413_v2.0/E5_hlk_RLS_log/E5_hlk_RLS/Drivers/STM32WLxx_HAL_Driver/Src/stm32wlxx_hal_spi.c:3771:13:SPI_RxISR_8BIT	8	static
/home/icfoss/STM32CubeIDE/radar_new/E5_mini_with_hlk_ld2413_v2.0/E5_hlk_RLS_log/E5_hlk_RLS/Drivers/STM32WLxx_HAL_Driver/Src/stm32wlxx_hal_spi.c:3744:13:SPI_RxISR_8BITCRC	16	static
/home/icfoss/STM32CubeIDE/radar_new/E5_mini_with_hlk_ld2413_v2.0/E5_hlk_RLS_log/E5_hlk_RLS/Drivers/STM32WLxx_HAL_Driver/Src/stm32wlxx_hal_spi.c:3827:13:SPI_RxISR_16BIT	8	static
/home/icfoss/STM32CubeIDE/radar_new/E5_mini_with_hlk_ld2413_v2.0/E5_hlk_RLS_log/E5_hlk_RLS/Drivers/STM32WLxx_HAL_Driver/Src/stm32wlxx_hal_spi.c:3805:13:SPI_RxISR_16BITCRC	16	static
/home/icfoss/STM32CubeIDE/radar_new/E5_mini_with_hlk_ld2413_v2.0/E5_hlk_RLS_log/E5_hlk_RLS/Drivers/STM32WLxx_HAL_Driver/Src/stm32wlxx_hal_spi.c:4132:13:SPI_CloseRxTx_ISR	8	static
/home/icfoss/STM32CubeIDE/radar_new/E5_mini_with_hlk_ld2413_v2.0/E5_hlk_RLS_log/E5_hlk_RLS/Drivers/STM32WLxx_HAL_Driver/Src/stm32wlxx_hal_spi.c:3603:13:SPI_2linesTxISR_8BIT	8	static
/home/icfoss/STM32CubeIDE/radar_new/E5_mini_with_hlk_ld2413_v2.0/E5_hlk_RLS_log/E5_hlk_RLS/Drivers/STM32WLxx_HAL_Driver/Src/stm32wlxx_hal_spi.c:3518:13:SPI_2linesRxISR_8BIT	8	static
/home/icfoss/STM32CubeIDE/radar_new/E5_mini_with_hlk_ld2413_v2.0/E5_hlk_RLS_log/E5_hlk_RLS/Drivers/STM32WLxx_HAL_Driver/Src/stm32wlxx_hal_spi.c:3569:13:SPI_2linesRxISR_8BITCRC	16	static
/home/icfoss/STM32CubeIDE/radar_new/E5_mini_with_hlk_ld2413_v2.0/E5_hlk_RLS_log/E5_hlk_RLS/Drivers/STM32WLxx_HAL_Driver/Src/stm32wlxx_hal_spi.c:3706:13:SPI_2linesTxISR_16BIT	8	static
/home/icfoss/STM32CubeIDE/radar_new/E5_mini_with_hlk_ld2413_v2.0/E5_hlk_RLS_log/E5_hlk_RLS/Drivers/STM32WLxx_HAL_Driver/Src/stm32wlxx_hal_spi.c:3650:13:SPI_2linesRxISR_16BIT	8	static
/home/icfoss/STM32CubeIDE/radar_new/E5_mini_with_hlk_ld2413_v2.0/E5_hlk_RLS_log/E5_hlk_RLS/Drivers/STM32WLxx_HAL_Driver/Src/stm32wlxx_hal_spi.c:3684:13:SPI_2linesRxISR_16BITCRC	16	static
/home/icfoss/STM32CubeIDE/radar_new/E5_mini_with_hlk_ld2413_v2.0/E5_hlk_RLS_log/E5_hlk_RLS/Drivers/STM32WLxx_HAL_Driver/Src/stm32wlxx_hal_spi.c:3342:13:SPI_DMAError	8	static
/home/icfoss/STM32CubeIDE/radar_new/E5_mini_with_hlk_ld2413_v2.0/E5_hlk_RLS_log/E5_hlk_RLS/Drivers/STM32WLxx_HAL_Driver/Src/stm32wlxx_hal_spi.c:3014:13:SPI_DMATransmitCplt	24	static
/home/icfoss/STM32CubeIDE/radar_new/E5_mini_with_hlk_ld2413_v2.0/E5_hlk_RLS_log/E5_hlk_RLS/Drivers/STM32WLxx_HAL_Driver/Src/stm32wlxx_hal_spi.c:3071:13:SPI_DMAReceiveCplt	32	static
/home/icfoss/STM32CubeIDE/radar_new/E5_mini_with_hlk_ld2413_v2.0/E5_hlk_RLS_log/E5_hlk_RLS/Drivers/STM32WLxx_HAL_Driver/Src/stm32wlxx_hal_spi.c:3188:13:SPI_DMATransmitReceiveCplt	32	static
/home/icfoss/STM32CubeIDE/radar_new/E5_mini_with_hlk_ld2413_v2.0/E5_hlk_RLS_log/E5_hlk_RLS/Drivers/STM32WLxx_HAL_Driver/Src/stm32wlxx_hal_spi.c:2721:6:HAL_SPI_IRQHandler	32	static
/home/icfoss/STM32CubeIDE/radar_new/E5_mini_with_hlk_ld2413_v2.0/E5_hlk_RLS_log/E5_hlk_RLS/Drivers/STM32WLxx_HAL_Driver/Src/stm32wlxx_hal_spi.c:3365:13:SPI_DMAAbortOnError	8	static
/home/icfoss/STM32CubeIDE/radar_new/E5_mini_with_hlk_ld2413_v2.0/E5_hlk_RLS_log/E5_hlk_RLS/Drivers/STM32WLxx_HAL_Driver/Src/stm32wlxx_hal_spi.c:2942:13:HAL_SPI_AbortCpltCallback	0	static
/home/icfoss/STM32CubeIDE/radar_new/E5_mini_with_hlk_ld2413_v2.0/E5_hlk_RLS_log/E5_hlk_RLS/Drivers/STM32WLxx_HAL_Driver/Src/stm32wlxx_hal_spi.c:2480:19:HAL_SPI_Abort_IT	32	static
/home/icfoss/STM32CubeIDE/radar_new/E5_mini_with_hlk_ld2413_v2.0/E5_hlk_RLS_log/E5_hlk_RLS/Drivers/STM32WLxx_HAL_Driver/Src/stm32wlxx_hal_spi.c:3453:13:SPI_DMARxAbortCallback	32	static
/home/icfoss/STM32CubeIDE/radar_new/E5_mini_with_hlk_ld2413_v2.0/E5_hlk_RLS_log/E5_hlk_RLS/Drivers/STM32WLxx_HAL_Driver/Src/stm32wlxx_hal_spi.c:3387:13:SPI_DMATxAbortCallback	24	static
/home/icfoss/STM32CubeIDE/radar_new/E5_mini_with_hlk_ld2413_v2.0/E5_hlk_RLS_log/E5_hlk_RLS/Drivers/STM32WLxx_HAL_Driver/Src/stm32wlxx_hal_spi.c:2977:22:HAL_SPI_GetState	0	static
/home/icfoss/STM32CubeIDE/radar_new/E5_mini_with_hlk_ld2413_v2.0/E5_hlk_RLS_log/E5_hlk_RLS/Drivers/STM32WLxx_HAL_Driver/Src/stm32wlxx_hal_spi.c:2989:10:HAL_SPI_GetError	0	static
