/home/icfoss/STM32CubeIDE/radar_new/E5_mini_with_hlk_ld2413_v2.0/E5_hlk_RLS_log/E5_hlk_RLS/Drivers/STM32WLxx_HAL_Driver/Src/stm32wlxx_hal_dma.c:1209:13:DMA_SetConfig	4	static
/home/icfoss/STM32CubeIDE/radar_new/E5_mini_with_hlk_ld2413_v2.0/E5_hlk_RLS_log/E5_hlk_RLS/Drivers/STM32WLxx_HAL_Driver/Src/stm32wlxx_hal_dma.c:1252:13:DMA_CalcDMAMUXChannelBaseAndMask	0	static
/home/icfoss/STM32CubeIDE/radar_new/E5_mini_with_hlk_ld2413_v2.0/E5_hlk_RLS_log/E5_hlk_RLS/Drivers/STM32WLxx_HAL_Driver/Src/stm32wlxx_hal_dma.c:1290:13:DMA_CalcDMAMUXRequestGenBaseAndMask	0	static
/home/icfoss/STM32CubeIDE/radar_new/E5_mini_with_hlk_ld2413_v2.0/E5_hlk_RLS_log/E5_hlk_RLS/Drivers/STM32WLxx_HAL_Driver/Src/stm32wlxx_hal_dma.c:152:19:HAL_DMA_Init	8	static
/home/icfoss/STM32CubeIDE/radar_new/E5_mini_with_hlk_ld2413_v2.0/E5_hlk_RLS_log/E5_hlk_RLS/Drivers/STM32WLxx_HAL_Driver/Src/stm32wlxx_hal_dma.c:255:19:HAL_DMA_DeInit	16	static
/home/icfoss/STM32CubeIDE/radar_new/E5_mini_with_hlk_ld2413_v2.0/E5_hlk_RLS_log/E5_hlk_RLS/Drivers/STM32WLxx_HAL_Driver/Src/stm32wlxx_hal_dma.c:370:19:HAL_DMA_Start	16	static
/home/icfoss/STM32CubeIDE/radar_new/E5_mini_with_hlk_ld2413_v2.0/E5_hlk_RLS_log/E5_hlk_RLS/Drivers/STM32WLxx_HAL_Driver/Src/stm32wlxx_hal_dma.c:421:19:HAL_DMA_Start_IT	16	static
/home/icfoss/STM32CubeIDE/radar_new/E5_mini_with_hlk_ld2413_v2.0/E5_hlk_RLS_log/E5_hlk_RLS/Drivers/STM32WLxx_HAL_Driver/Src/stm32wlxx_hal_dma.c:494:19:HAL_DMA_Abort	0	static
/home/icfoss/STM32CubeIDE/radar_new/E5_mini_with_hlk_ld2413_v2.0/E5_hlk_RLS_log/E5_hlk_RLS/Drivers/STM32WLxx_HAL_Driver/Src/stm32wlxx_hal_dma.c:555:19:HAL_DMA_Abort_IT	8	static
/home/icfoss/STM32CubeIDE/radar_new/E5_mini_with_hlk_ld2413_v2.0/E5_hlk_RLS_log/E5_hlk_RLS/Drivers/STM32WLxx_HAL_Driver/Src/stm32wlxx_hal_dma.c:616:19:HAL_DMA_PollForTransfer	24	static
/home/icfoss/STM32CubeIDE/radar_new/E5_mini_with_hlk_ld2413_v2.0/E5_hlk_RLS_log/E5_hlk_RLS/Drivers/STM32WLxx_HAL_Driver/Src/stm32wlxx_hal_dma.c:744:6:HAL_DMA_IRQHandler	16	static
/home/icfoss/STM32CubeIDE/radar_new/E5_mini_with_hlk_ld2413_v2.0/E5_hlk_RLS_log/E5_hlk_RLS/Drivers/STM32WLxx_HAL_Driver/Src/stm32wlxx_hal_dma.c:838:19:HAL_DMA_RegisterCallback	0	static
/home/icfoss/STM32CubeIDE/radar_new/E5_mini_with_hlk_ld2413_v2.0/E5_hlk_RLS_log/E5_hlk_RLS/Drivers/STM32WLxx_HAL_Driver/Src/stm32wlxx_hal_dma.c:889:19:HAL_DMA_UnRegisterCallback	0	static
/home/icfoss/STM32CubeIDE/radar_new/E5_mini_with_hlk_ld2413_v2.0/E5_hlk_RLS_log/E5_hlk_RLS/Drivers/STM32WLxx_HAL_Driver/Src/stm32wlxx_hal_dma.c:967:22:HAL_DMA_GetState	0	static
/home/icfoss/STM32CubeIDE/radar_new/E5_mini_with_hlk_ld2413_v2.0/E5_hlk_RLS_log/E5_hlk_RLS/Drivers/STM32WLxx_HAL_Driver/Src/stm32wlxx_hal_dma.c:979:10:HAL_DMA_GetError	0	static
