/home/icfoss/STM32CubeIDE/radar_new/E5_mini_with_hlk_ld2413_v2.0/E5_hlk_RLS_log/E5_hlk_RLS/Drivers/STM32WLxx_HAL_Driver/Src/stm32wlxx_hal_i2c_ex.c:95:19:HAL_I2CEx_ConfigAnalogFilter	0	static
/home/icfoss/STM32CubeIDE/radar_new/E5_mini_with_hlk_ld2413_v2.0/E5_hlk_RLS_log/E5_hlk_RLS/Drivers/STM32WLxx_HAL_Driver/Src/stm32wlxx_hal_i2c_ex.c:139:19:HAL_I2CEx_ConfigDigitalFilter	0	static
/home/icfoss/STM32CubeIDE/radar_new/E5_mini_with_hlk_ld2413_v2.0/E5_hlk_RLS_log/E5_hlk_RLS/Drivers/STM32WLxx_HAL_Driver/Src/stm32wlxx_hal_i2c_ex.c:207:19:HAL_I2CEx_EnableWakeUp	0	static
/home/icfoss/STM32CubeIDE/radar_new/E5_mini_with_hlk_ld2413_v2.0/E5_hlk_RLS_log/E5_hlk_RLS/Drivers/STM32WLxx_HAL_Driver/Src/stm32wlxx_hal_i2c_ex.c:246:19:HAL_I2CEx_DisableWakeUp	0	static
/home/icfoss/STM32CubeIDE/radar_new/E5_mini_with_hlk_ld2413_v2.0/E5_hlk_RLS_log/E5_hlk_RLS/Drivers/STM32WLxx_HAL_Driver/Src/stm32wlxx_hal_i2c_ex.c:311:6:HAL_I2CEx_EnableFastModePlus	0	static
/home/icfoss/STM32CubeIDE/radar_new/E5_mini_with_hlk_ld2413_v2.0/E5_hlk_RLS_log/E5_hlk_RLS/Drivers/STM32WLxx_HAL_Driver/Src/stm32wlxx_hal_i2c_ex.c:335:6:HAL_I2CEx_DisableFastModePlus	0	static
