/home/icfoss/STM32CubeIDE/radar_new/E5_mini_with_hlk_ld2413_v2.0/E5_hlk_RLS_log/E5_hlk_RLS/Drivers/STM32WLxx_HAL_Driver/Src/stm32wlxx_hal_exti.c:144:19:HAL_EXTI_SetConfigLine	16	static
/home/icfoss/STM32CubeIDE/radar_new/E5_mini_with_hlk_ld2413_v2.0/E5_hlk_RLS_log/E5_hlk_RLS/Drivers/STM32WLxx_HAL_Driver/Src/stm32wlxx_hal_exti.c:276:19:HAL_EXTI_GetConfigLine	8	static
/home/icfoss/STM32CubeIDE/radar_new/E5_mini_with_hlk_ld2413_v2.0/E5_hlk_RLS_log/E5_hlk_RLS/Drivers/STM32WLxx_HAL_Driver/Src/stm32wlxx_hal_exti.c:376:19:HAL_EXTI_ClearConfigLine	12	static
/home/icfoss/STM32CubeIDE/radar_new/E5_mini_with_hlk_ld2413_v2.0/E5_hlk_RLS_log/E5_hlk_RLS/Drivers/STM32WLxx_HAL_Driver/Src/stm32wlxx_hal_exti.c:448:19:HAL_EXTI_RegisterCallback	0	static
/home/icfoss/STM32CubeIDE/radar_new/E5_mini_with_hlk_ld2413_v2.0/E5_hlk_RLS_log/E5_hlk_RLS/Drivers/STM32WLxx_HAL_Driver/Src/stm32wlxx_hal_exti.c:474:19:HAL_EXTI_GetHandle	0	static
/home/icfoss/STM32CubeIDE/radar_new/E5_mini_with_hlk_ld2413_v2.0/E5_hlk_RLS_log/E5_hlk_RLS/Drivers/STM32WLxx_HAL_Driver/Src/stm32wlxx_hal_exti.c:515:6:HAL_EXTI_IRQHandler	8	static
/home/icfoss/STM32CubeIDE/radar_new/E5_mini_with_hlk_ld2413_v2.0/E5_hlk_RLS_log/E5_hlk_RLS/Drivers/STM32WLxx_HAL_Driver/Src/stm32wlxx_hal_exti.c:553:10:HAL_EXTI_GetPending	0	static
/home/icfoss/STM32CubeIDE/radar_new/E5_mini_with_hlk_ld2413_v2.0/E5_hlk_RLS_log/E5_hlk_RLS/Drivers/STM32WLxx_HAL_Driver/Src/stm32wlxx_hal_exti.c:589:6:HAL_EXTI_ClearPending	0	static
/home/icfoss/STM32CubeIDE/radar_new/E5_mini_with_hlk_ld2413_v2.0/E5_hlk_RLS_log/E5_hlk_RLS/Drivers/STM32WLxx_HAL_Driver/Src/stm32wlxx_hal_exti.c:616:6:HAL_EXTI_GenerateSWI	0	static
