/home/icfoss/STM32CubeIDE/radar_new/E5_mini_with_hlk_ld2413_v2.0/E5_hlk_RLS_log/E5_hlk_RLS/Drivers/STM32WLxx_HAL_Driver/Src/stm32wlxx_hal_flash_ex.c:631:13:FLASH_MassErase	0	static
/home/icfoss/STM32CubeIDE/radar_new/E5_mini_with_hlk_ld2413_v2.0/E5_hlk_RLS_log/E5_hlk_RLS/Drivers/STM32WLxx_HAL_Driver/Src/stm32wlxx_hal_flash_ex.c:664:6:FLASH_FlushCaches	0	static
/home/icfoss/STM32CubeIDE/radar_new/E5_mini_with_hlk_ld2413_v2.0/E5_hlk_RLS_log/E5_hlk_RLS/Drivers/STM32WLxx_HAL_Driver/Src/stm32wlxx_hal_flash_ex.c:696:13:FLASH_AcknowledgePageErase	0	static
/home/icfoss/STM32CubeIDE/radar_new/E5_mini_with_hlk_ld2413_v2.0/E5_hlk_RLS_log/E5_hlk_RLS/Drivers/STM32WLxx_HAL_Driver/Src/stm32wlxx_hal_flash_ex.c:728:13:FLASH_OB_WRPConfig	0	static
/home/icfoss/STM32CubeIDE/radar_new/E5_mini_with_hlk_ld2413_v2.0/E5_hlk_RLS_log/E5_hlk_RLS/Drivers/STM32WLxx_HAL_Driver/Src/stm32wlxx_hal_flash_ex.c:820:13:FLASH_OB_OptrConfig	4	static
/home/icfoss/STM32CubeIDE/radar_new/E5_mini_with_hlk_ld2413_v2.0/E5_hlk_RLS_log/E5_hlk_RLS/Drivers/STM32WLxx_HAL_Driver/Src/stm32wlxx_hal_flash_ex.c:850:13:FLASH_OB_PCROP1AConfig	4	static
/home/icfoss/STM32CubeIDE/radar_new/E5_mini_with_hlk_ld2413_v2.0/E5_hlk_RLS_log/E5_hlk_RLS/Drivers/STM32WLxx_HAL_Driver/Src/stm32wlxx_hal_flash_ex.c:901:13:FLASH_OB_PCROP1BConfig	0	static
/home/icfoss/STM32CubeIDE/radar_new/E5_mini_with_hlk_ld2413_v2.0/E5_hlk_RLS_log/E5_hlk_RLS/Drivers/STM32WLxx_HAL_Driver/Src/stm32wlxx_hal_flash_ex.c:1056:13:FLASH_OB_GetWRP	0	static
/home/icfoss/STM32CubeIDE/radar_new/E5_mini_with_hlk_ld2413_v2.0/E5_hlk_RLS_log/E5_hlk_RLS/Drivers/STM32WLxx_HAL_Driver/Src/stm32wlxx_hal_flash_ex.c:1082:17:FLASH_OB_GetRDP	0	static
/home/icfoss/STM32CubeIDE/radar_new/E5_mini_with_hlk_ld2413_v2.0/E5_hlk_RLS_log/E5_hlk_RLS/Drivers/STM32WLxx_HAL_Driver/Src/stm32wlxx_hal_flash_ex.c:1136:17:FLASH_OB_GetUser	0	static
/home/icfoss/STM32CubeIDE/radar_new/E5_mini_with_hlk_ld2413_v2.0/E5_hlk_RLS_log/E5_hlk_RLS/Drivers/STM32WLxx_HAL_Driver/Src/stm32wlxx_hal_flash_ex.c:1157:13:FLASH_OB_GetPCROP	8	static
/home/icfoss/STM32CubeIDE/radar_new/E5_mini_with_hlk_ld2413_v2.0/E5_hlk_RLS_log/E5_hlk_RLS/Drivers/STM32WLxx_HAL_Driver/Src/stm32wlxx_hal_flash_ex.c:1289:26:FLASH_OB_ProceedWriteOperation	8	static
/home/icfoss/STM32CubeIDE/radar_new/E5_mini_with_hlk_ld2413_v2.0/E5_hlk_RLS_log/E5_hlk_RLS/Drivers/STM32WLxx_HAL_Driver/Src/stm32wlxx_hal_flash_ex.c:310:19:HAL_FLASHEx_OBProgram	8	static
/home/icfoss/STM32CubeIDE/radar_new/E5_mini_with_hlk_ld2413_v2.0/E5_hlk_RLS_log/E5_hlk_RLS/Drivers/STM32WLxx_HAL_Driver/Src/stm32wlxx_hal_flash_ex.c:413:6:HAL_FLASHEx_OBGetConfig	16	static
/home/icfoss/STM32CubeIDE/radar_new/E5_mini_with_hlk_ld2413_v2.0/E5_hlk_RLS_log/E5_hlk_RLS/Drivers/STM32WLxx_HAL_Driver/Src/stm32wlxx_hal_flash_ex.c:460:10:HAL_FLASHEx_FlashEmptyCheck	0	static
/home/icfoss/STM32CubeIDE/radar_new/E5_mini_with_hlk_ld2413_v2.0/E5_hlk_RLS_log/E5_hlk_RLS/Drivers/STM32WLxx_HAL_Driver/Src/stm32wlxx_hal_flash_ex.c:477:6:HAL_FLASHEx_ForceFlashEmpty	0	static
/home/icfoss/STM32CubeIDE/radar_new/E5_mini_with_hlk_ld2413_v2.0/E5_hlk_RLS_log/E5_hlk_RLS/Drivers/STM32WLxx_HAL_Driver/Src/stm32wlxx_hal_flash_ex.c:493:6:HAL_FLASHEx_SuspendOperation	0	static
/home/icfoss/STM32CubeIDE/radar_new/E5_mini_with_hlk_ld2413_v2.0/E5_hlk_RLS_log/E5_hlk_RLS/Drivers/STM32WLxx_HAL_Driver/Src/stm32wlxx_hal_flash_ex.c:511:6:HAL_FLASHEx_AllowOperation	0	static
/home/icfoss/STM32CubeIDE/radar_new/E5_mini_with_hlk_ld2413_v2.0/E5_hlk_RLS_log/E5_hlk_RLS/Drivers/STM32WLxx_HAL_Driver/Src/stm32wlxx_hal_flash_ex.c:531:10:HAL_FLASHEx_IsOperationSuspended	0	static
/home/icfoss/STM32CubeIDE/radar_new/E5_mini_with_hlk_ld2413_v2.0/E5_hlk_RLS_log/E5_hlk_RLS/Drivers/STM32WLxx_HAL_Driver/Src/stm32wlxx_hal_flash_ex.c:647:6:FLASH_PageErase	0	static
/home/icfoss/STM32CubeIDE/radar_new/E5_mini_with_hlk_ld2413_v2.0/E5_hlk_RLS_log/E5_hlk_RLS/Drivers/STM32WLxx_HAL_Driver/Src/stm32wlxx_hal_flash_ex.c:174:19:HAL_FLASHEx_Erase	24	static
/home/icfoss/STM32CubeIDE/radar_new/E5_mini_with_hlk_ld2413_v2.0/E5_hlk_RLS_log/E5_hlk_RLS/Drivers/STM32WLxx_HAL_Driver/Src/stm32wlxx_hal_flash_ex.c:246:19:HAL_FLASHEx_Erase_IT	16	static
