C:/Users/sahil/.stm32cubeaistudio/workspace/waterlevel1/.ai/run/run-6/AI/App/network.c:240:6:_stai_network_check	0	static
C:/Users/sahil/.stm32cubeaistudio/workspace/waterlevel1/.ai/run/run-6/AI/App/network.c:272:18:stai_network_init	24	static
C:/Users/sahil/.stm32cubeaistudio/workspace/waterlevel1/.ai/run/run-6/AI/App/network.c:314:18:stai_network_deinit	0	static
C:/Users/sahil/.stm32cubeaistudio/workspace/waterlevel1/.ai/run/run-6/AI/App/network.c:444:6:forward_lite_slice_slice_0	24	static
C:/Users/sahil/.stm32cubeaistudio/workspace/waterlevel1/.ai/run/run-6/AI/App/network.c:454:6:forward_lite_concat_concat_9	32	static
C:/Users/sahil/.stm32cubeaistudio/workspace/waterlevel1/.ai/run/run-6/AI/App/network.c:491:18:stai_network_run	64	static
C:/Users/sahil/.stm32cubeaistudio/workspace/waterlevel1/.ai/run/run-6/AI/App/network.c:733:11:stai_network_get_context_size	0	static
C:/Users/sahil/.stm32cubeaistudio/workspace/waterlevel1/.ai/run/run-6/AI/App/network.c:740:18:stai_network_get_info	8	static
C:/Users/sahil/.stm32cubeaistudio/workspace/waterlevel1/.ai/run/run-6/AI/App/network.c:756:18:stai_network_get_activations	12	static
C:/Users/sahil/.stm32cubeaistudio/workspace/waterlevel1/.ai/run/run-6/AI/App/network.c:771:18:stai_network_get_weights	12	static
C:/Users/sahil/.stm32cubeaistudio/workspace/waterlevel1/.ai/run/run-6/AI/App/network.c:785:18:stai_network_get_inputs	12	static
C:/Users/sahil/.stm32cubeaistudio/workspace/waterlevel1/.ai/run/run-6/AI/App/network.c:799:18:stai_network_get_outputs	12	static
C:/Users/sahil/.stm32cubeaistudio/workspace/waterlevel1/.ai/run/run-6/AI/App/network.c:813:18:stai_network_get_error	0	static
C:/Users/sahil/.stm32cubeaistudio/workspace/waterlevel1/.ai/run/run-6/AI/App/network.c:824:18:stai_network_get_states	12	static
C:/Users/sahil/.stm32cubeaistudio/workspace/waterlevel1/.ai/run/run-6/AI/App/network.c:841:18:stai_network_set_activations	16	static
C:/Users/sahil/.stm32cubeaistudio/workspace/waterlevel1/.ai/run/run-6/AI/App/network.c:871:18:stai_network_set_weights	16	static
C:/Users/sahil/.stm32cubeaistudio/workspace/waterlevel1/.ai/run/run-6/AI/App/network.c:895:18:stai_network_set_inputs	16	static
C:/Users/sahil/.stm32cubeaistudio/workspace/waterlevel1/.ai/run/run-6/AI/App/network.c:922:18:stai_network_set_outputs	16	static
C:/Users/sahil/.stm32cubeaistudio/workspace/waterlevel1/.ai/run/run-6/AI/App/network.c:949:18:stai_network_set_states	8	static
C:/Users/sahil/.stm32cubeaistudio/workspace/waterlevel1/.ai/run/run-6/AI/App/network.c:963:18:stai_network_set_callback	12	static
