../../Middlewares/ST/AI/Misc/Inc/aiTestUtility.h:321:22:cyclesCounterInit	40	static
../../Middlewares/ST/AI/Misc/Inc/aiTestUtility.h:357:22:cyclesCounterStart	8	static
../../Middlewares/ST/AI/Misc/Inc/aiTestUtility.h:374:26:cyclesCounterEnd	80	static
C:/Users/sahil/Desktop/ICFOSS/Anomaly Detection/hardware_projects/waterlevel1/AI/App/app_x-cube-ai.c:121:5:aiInit	16	static
C:/Users/sahil/Desktop/ICFOSS/Anomaly Detection/hardware_projects/waterlevel1/AI/App/app_x-cube-ai.c:158:5:aiDeinit	16	static
C:/Users/sahil/Desktop/ICFOSS/Anomaly Detection/hardware_projects/waterlevel1/AI/App/app_x-cube-ai.c:174:18:aiRun	48	static
C:/Users/sahil/Desktop/ICFOSS/Anomaly Detection/hardware_projects/waterlevel1/AI/App/app_x-cube-ai.c:214:5:acquire_and_process_data	4	static
C:/Users/sahil/Desktop/ICFOSS/Anomaly Detection/hardware_projects/waterlevel1/AI/App/app_x-cube-ai.c:221:5:post_process	4	static
C:/Users/sahil/Desktop/ICFOSS/Anomaly Detection/hardware_projects/waterlevel1/AI/App/app_x-cube-ai.c:233:6:read_line	24	static
C:/Users/sahil/Desktop/ICFOSS/Anomaly Detection/hardware_projects/waterlevel1/AI/App/app_x-cube-ai.c:266:6:main_loop	368	static
C:/Users/sahil/Desktop/ICFOSS/Anomaly Detection/hardware_projects/waterlevel1/AI/App/app_x-cube-ai.c:439:6:STM32CubeAI_Studio_AI_Init	8	static
C:/Users/sahil/Desktop/ICFOSS/Anomaly Detection/hardware_projects/waterlevel1/AI/App/app_x-cube-ai.c:448:6:STM32CubeAI_Studio_AI_Process	8	static
C:/Users/sahil/Desktop/ICFOSS/Anomaly Detection/hardware_projects/waterlevel1/AI/App/app_x-cube-ai.c:453:6:STM32CubeAI_Studio_AI_Deinit	8	static
