../../Middlewares/ST/AI/Misc/Inc/aiTestUtility.h:321:22:cyclesCounterInit	40	static
../../Middlewares/ST/AI/Misc/Inc/aiTestUtility.h:357:22:cyclesCounterStart	8	static
../../Middlewares/ST/AI/Misc/Inc/aiTestUtility.h:374:26:cyclesCounterEnd	80	static
C:/Users/sahil/.stm32cubeaistudio/workspace/waterlevel1/AI/App/app_x-cube-ai.c:114:5:aiInit	16	static
C:/Users/sahil/.stm32cubeaistudio/workspace/waterlevel1/AI/App/app_x-cube-ai.c:150:5:aiDeinit	16	static
C:/Users/sahil/.stm32cubeaistudio/workspace/waterlevel1/AI/App/app_x-cube-ai.c:165:18:aiRun	48	static
C:/Users/sahil/.stm32cubeaistudio/workspace/waterlevel1/AI/App/app_x-cube-ai.c:206:5:acquire_and_process_data	4	static
C:/Users/sahil/.stm32cubeaistudio/workspace/waterlevel1/AI/App/app_x-cube-ai.c:220:5:post_process	4	static
C:/Users/sahil/.stm32cubeaistudio/workspace/waterlevel1/AI/App/app_x-cube-ai.c:239:6:main_loop	8	static
C:/Users/sahil/.stm32cubeaistudio/workspace/waterlevel1/AI/App/app_x-cube-ai.c:258:6:STM32CubeAI_Studio_AI_Init	8	static
C:/Users/sahil/.stm32cubeaistudio/workspace/waterlevel1/AI/App/app_x-cube-ai.c:266:6:STM32CubeAI_Studio_AI_Process	8	static
C:/Users/sahil/.stm32cubeaistudio/workspace/waterlevel1/AI/App/app_x-cube-ai.c:271:6:STM32CubeAI_Studio_AI_Deinit	8	static
