C:/Users/sahil/.stm32cubeaistudio/workspace/waterlevel1/.ai/run/run-6/Middlewares/ST/AI/Validation/Src/aiPbMgr.c:182:6:encode_uint32	32	static
C:/Users/sahil/.stm32cubeaistudio/workspace/waterlevel1/.ai/run/run-6/Middlewares/ST/AI/Validation/Src/aiPbMgr.c:264:6:encode_data_cb	16	static
C:/Users/sahil/.stm32cubeaistudio/workspace/waterlevel1/.ai/run/run-6/Middlewares/ST/AI/Validation/Src/aiPbMgr.c:233:13:decode_data_cb	32	static
C:/Users/sahil/.stm32cubeaistudio/workspace/waterlevel1/.ai/run/run-6/Middlewares/ST/AI/Validation/Src/aiPbMgr.c:59:6:aiPbMgrInit	56	static
C:/Users/sahil/.stm32cubeaistudio/workspace/waterlevel1/.ai/run/run-6/Middlewares/ST/AI/Validation/Src/aiPbMgr.c:118:10:aiPbTensorFormat	8	static
C:/Users/sahil/.stm32cubeaistudio/workspace/waterlevel1/.ai/run/run-6/Middlewares/ST/AI/Validation/Src/aiPbMgr.c:160:6:aiPbStrCopy	40	static
C:/Users/sahil/.stm32cubeaistudio/workspace/waterlevel1/.ai/run/run-6/Middlewares/ST/AI/Validation/Src/aiPbMgr.c:205:6:encode_tensor_desc	144	static
C:/Users/sahil/.stm32cubeaistudio/workspace/waterlevel1/.ai/run/run-6/Middlewares/ST/AI/Validation/Src/aiPbMgr.c:283:6:aiPbMgrSendResp	8	static
C:/Users/sahil/.stm32cubeaistudio/workspace/waterlevel1/.ai/run/run-6/Middlewares/ST/AI/Validation/Src/aiPbMgr.c:85:5:aiPbMgrWaitAndProcess	16	static
C:/Users/sahil/.stm32cubeaistudio/workspace/waterlevel1/.ai/run/run-6/Middlewares/ST/AI/Validation/Src/aiPbMgr.c:292:6:aiPbMgrSendAck	12	static
C:/Users/sahil/.stm32cubeaistudio/workspace/waterlevel1/.ai/run/run-6/Middlewares/ST/AI/Validation/Src/aiPbMgr.c:301:6:aiPbMgrWaitAck	16	static
C:/Users/sahil/.stm32cubeaistudio/workspace/waterlevel1/.ai/run/run-6/Middlewares/ST/AI/Validation/Src/aiPbMgr.c:310:6:aiPbMgrSendLog	32	static
C:/Users/sahil/.stm32cubeaistudio/workspace/waterlevel1/.ai/run/run-6/Middlewares/ST/AI/Validation/Src/aiPbMgr.c:332:6:aiPbMgrSendLogV2	24	static
C:/Users/sahil/.stm32cubeaistudio/workspace/waterlevel1/.ai/run/run-6/Middlewares/ST/AI/Validation/Src/aiPbMgr.c:353:6:aiPbMgrReceiveData	32	static
C:/Users/sahil/.stm32cubeaistudio/workspace/waterlevel1/.ai/run/run-6/Middlewares/ST/AI/Validation/Src/aiPbMgr.c:370:6:aiPbMgrSendData	16	static
C:/Users/sahil/.stm32cubeaistudio/workspace/waterlevel1/.ai/run/run-6/Middlewares/ST/AI/Validation/Src/aiPbMgr.c:388:6:aiPbMgrSendOperator	40	static
C:/Users/sahil/.stm32cubeaistudio/workspace/waterlevel1/.ai/run/run-6/Middlewares/ST/AI/Validation/Src/aiPbMgr.c:455:6:aiPbCmdDisconnect	0	static
C:/Users/sahil/.stm32cubeaistudio/workspace/waterlevel1/.ai/run/run-6/Middlewares/ST/AI/Validation/Src/aiPbMgr.c:463:6:aiPbCmdSync	4	static
