C:/Users/sahil/.stm32cubeaistudio/workspace/waterlevel1/.ai/run/run-3/Middlewares/ST/AI/Misc/Src/aiTestUtility.c:448:13:_put_c_buffer_cb	0	static
C:/Users/sahil/.stm32cubeaistudio/workspace/waterlevel1/.ai/run/run-3/Middlewares/ST/AI/Misc/Src/aiTestUtility.c:419:13:_put_c_driver	16	static
C:/Users/sahil/.stm32cubeaistudio/workspace/waterlevel1/.ai/run/run-3/Middlewares/ST/AI/Misc/Src/aiTestUtility.c:149:6:ioRawGetUint8	8	static
C:/Users/sahil/.stm32cubeaistudio/workspace/waterlevel1/.ai/run/run-3/Middlewares/ST/AI/Misc/Src/aiTestUtility.c:261:6:ioRawWriteBuffer	8	static
C:/Users/sahil/.stm32cubeaistudio/workspace/waterlevel1/.ai/run/run-3/Middlewares/ST/AI/Misc/Src/aiTestUtility.c:266:6:ioRawReadBuffer	8	static
C:/Users/sahil/.stm32cubeaistudio/workspace/waterlevel1/.ai/run/run-3/Middlewares/ST/AI/Misc/Src/aiTestUtility.c:271:6:ioRawDisableLLWrite	0	static
C:/Users/sahil/.stm32cubeaistudio/workspace/waterlevel1/.ai/run/run-3/Middlewares/ST/AI/Misc/Src/aiTestUtility.c:284:5:_write	8	static
C:/Users/sahil/.stm32cubeaistudio/workspace/waterlevel1/.ai/run/run-3/Middlewares/ST/AI/Misc/Src/aiTestUtility.c:382:7:uint64ToDecimal	8	static
C:/Users/sahil/.stm32cubeaistudio/workspace/waterlevel1/.ai/run/run-3/Middlewares/ST/AI/Misc/Src/aiTestUtility.c:395:6:uint32_to_str	16	static
C:/Users/sahil/.stm32cubeaistudio/workspace/waterlevel1/.ai/run/run-3/Middlewares/ST/AI/Misc/Src/aiTestUtility.c:434:6:lc_print	16	static
C:/Users/sahil/.stm32cubeaistudio/workspace/waterlevel1/.ai/run/run-3/Middlewares/ST/AI/Misc/Src/aiTestUtility.c:458:8:lc_vsnprint	24	static
C:/Users/sahil/.stm32cubeaistudio/workspace/waterlevel1/.ai/run/run-3/Middlewares/ST/AI/Misc/Src/aiTestUtility.c:484:7:__wrap_malloc	16	static
C:/Users/sahil/.stm32cubeaistudio/workspace/waterlevel1/.ai/run/run-3/Middlewares/ST/AI/Misc/Src/aiTestUtility.c:524:6:__wrap_free	8	static
C:/Users/sahil/.stm32cubeaistudio/workspace/waterlevel1/.ai/run/run-3/Middlewares/ST/AI/Misc/Src/aiTestUtility.c:579:6:stackMonInit	16	static
C:/Users/sahil/.stm32cubeaistudio/workspace/waterlevel1/.ai/run/run-3/Middlewares/ST/AI/Misc/Src/aiTestUtility.c:625:5:dwtCyclesToTime	48	static
C:/Users/sahil/.stm32cubeaistudio/workspace/waterlevel1/.ai/run/run-3/Middlewares/ST/AI/Misc/Src/aiTestUtility.c:642:7:dwtCyclesToFloatMs	16	static
C:/Users/sahil/.stm32cubeaistudio/workspace/waterlevel1/.ai/run/run-3/Middlewares/ST/AI/Misc/Src/aiTestUtility.c:774:6:getSysConf	8	static
C:/Users/sahil/.stm32cubeaistudio/workspace/waterlevel1/.ai/run/run-3/Middlewares/ST/AI/Misc/Src/aiTestUtility.c:831:10:getFlashCacheConf	0	static
C:/Users/sahil/.stm32cubeaistudio/workspace/waterlevel1/.ai/run/run-3/Middlewares/ST/AI/Misc/Src/aiTestUtility.c:969:6:systemSettingLog	24	static
