../../Middlewares/ST/AI/Misc/Inc/ai_device_adaptor.h:657:22:port_io_get	24	static
../../Middlewares/ST/AI/Misc/Inc/ai_device_adaptor.h:672:22:port_io_write	24	static
../../Middlewares/ST/AI/Misc/Inc/ai_device_adaptor.h:681:22:port_io_read	24	static
C:/Users/sahil/Desktop/ICFOSS/Anomaly Detection/hardware_projects/waterlevel1/.ai/run/run-6/Middlewares/ST/AI/Misc/Src/aiTestUtility.c:149:6:ioRawGetUint8	16	static
C:/Users/sahil/Desktop/ICFOSS/Anomaly Detection/hardware_projects/waterlevel1/.ai/run/run-6/Middlewares/ST/AI/Misc/Src/aiTestUtility.c:261:6:ioRawWriteBuffer	16	static
C:/Users/sahil/Desktop/ICFOSS/Anomaly Detection/hardware_projects/waterlevel1/.ai/run/run-6/Middlewares/ST/AI/Misc/Src/aiTestUtility.c:266:6:ioRawReadBuffer	16	static
C:/Users/sahil/Desktop/ICFOSS/Anomaly Detection/hardware_projects/waterlevel1/.ai/run/run-6/Middlewares/ST/AI/Misc/Src/aiTestUtility.c:271:6:ioRawDisableLLWrite	4	static
C:/Users/sahil/Desktop/ICFOSS/Anomaly Detection/hardware_projects/waterlevel1/.ai/run/run-6/Middlewares/ST/AI/Misc/Src/aiTestUtility.c:284:5:_write	32	static
C:/Users/sahil/Desktop/ICFOSS/Anomaly Detection/hardware_projects/waterlevel1/.ai/run/run-6/Middlewares/ST/AI/Misc/Src/aiTestUtility.c:382:7:uint64ToDecimal	32	static
C:/Users/sahil/Desktop/ICFOSS/Anomaly Detection/hardware_projects/waterlevel1/.ai/run/run-6/Middlewares/ST/AI/Misc/Src/aiTestUtility.c:395:6:uint32_to_str	32	static
C:/Users/sahil/Desktop/ICFOSS/Anomaly Detection/hardware_projects/waterlevel1/.ai/run/run-6/Middlewares/ST/AI/Misc/Src/aiTestUtility.c:419:13:_put_c_driver	16	static
C:/Users/sahil/Desktop/ICFOSS/Anomaly Detection/hardware_projects/waterlevel1/.ai/run/run-6/Middlewares/ST/AI/Misc/Src/aiTestUtility.c:434:6:lc_print	16	static
C:/Users/sahil/Desktop/ICFOSS/Anomaly Detection/hardware_projects/waterlevel1/.ai/run/run-6/Middlewares/ST/AI/Misc/Src/aiTestUtility.c:448:13:_put_c_buffer_cb	24	static
C:/Users/sahil/Desktop/ICFOSS/Anomaly Detection/hardware_projects/waterlevel1/.ai/run/run-6/Middlewares/ST/AI/Misc/Src/aiTestUtility.c:458:8:lc_vsnprint	40	static
C:/Users/sahil/Desktop/ICFOSS/Anomaly Detection/hardware_projects/waterlevel1/.ai/run/run-6/Middlewares/ST/AI/Misc/Src/aiTestUtility.c:484:7:__wrap_malloc	24	static
C:/Users/sahil/Desktop/ICFOSS/Anomaly Detection/hardware_projects/waterlevel1/.ai/run/run-6/Middlewares/ST/AI/Misc/Src/aiTestUtility.c:524:6:__wrap_free	24	static
C:/Users/sahil/Desktop/ICFOSS/Anomaly Detection/hardware_projects/waterlevel1/.ai/run/run-6/Middlewares/ST/AI/Misc/Src/aiTestUtility.c:579:6:stackMonInit	24	static
C:/Users/sahil/Desktop/ICFOSS/Anomaly Detection/hardware_projects/waterlevel1/.ai/run/run-6/Middlewares/ST/AI/Misc/Src/aiTestUtility.c:625:5:dwtCyclesToTime	216	static
C:/Users/sahil/Desktop/ICFOSS/Anomaly Detection/hardware_projects/waterlevel1/.ai/run/run-6/Middlewares/ST/AI/Misc/Src/aiTestUtility.c:642:7:dwtCyclesToFloatMs	24	static
C:/Users/sahil/Desktop/ICFOSS/Anomaly Detection/hardware_projects/waterlevel1/.ai/run/run-6/Middlewares/ST/AI/Misc/Src/aiTestUtility.c:650:20:devIdToStr	24	static
C:/Users/sahil/Desktop/ICFOSS/Anomaly Detection/hardware_projects/waterlevel1/.ai/run/run-6/Middlewares/ST/AI/Misc/Src/aiTestUtility.c:774:6:getSysConf	16	static
C:/Users/sahil/Desktop/ICFOSS/Anomaly Detection/hardware_projects/waterlevel1/.ai/run/run-6/Middlewares/ST/AI/Misc/Src/aiTestUtility.c:831:10:getFlashCacheConf	16	static
C:/Users/sahil/Desktop/ICFOSS/Anomaly Detection/hardware_projects/waterlevel1/.ai/run/run-6/Middlewares/ST/AI/Misc/Src/aiTestUtility.c:969:6:systemSettingLog	40	static
