../Application/User/hlk_ld2413/hlk_ld2413.c:187:6:Radar_Byte_Callback	0	static
../Application/User/hlk_ld2413/hlk_ld2413.c:182:6:batteryReadError	8	static
../Application/User/hlk_ld2413/hlk_ld2413.c:83:6:Radar_Process_Pending_Data	16	static
../Application/User/hlk_ld2413/hlk_ld2413.c:176:6:radar_uarttimer_init	16	static
../Application/User/hlk_ld2413/hlk_ld2413.c:201:6:Recieved_Byte_Filtering	24	static
../Application/User/hlk_ld2413/hlk_ld2413.c:128:6:radar_uart_init	8	static
../Application/User/hlk_ld2413/hlk_ld2413.c:500:6:enable	8	static
../Application/User/hlk_ld2413/hlk_ld2413.c:511:6:disable	8	static
../Application/User/hlk_ld2413/hlk_ld2413.c:472:10:readBatteryLevel	8	static
