Archive member included to satisfy reference by file (symbol)

../../Middlewares/ST/AI/Lib/NetworkRuntime1201_CM4_GCC.a\NetworkRuntime1201_CM4_GCC.a(stai_debug.o)
                              ./AI/App/app_x-cube-ai.o (stai_get_return_code_name)
../../Middlewares/ST/AI/Lib/NetworkRuntime1201_CM4_GCC.a\NetworkRuntime1201_CM4_GCC.a(stai_internal.o)
                              ./AI/App/app_x-cube-ai.o (stai_runtime_init)
../../Middlewares/ST/AI/Lib/NetworkRuntime1201_CM4_GCC.a\NetworkRuntime1201_CM4_GCC.a(layers_generic_float.o)
                              ./AI/App/network.o (forward_slice)
../../Middlewares/ST/AI/Lib/NetworkRuntime1201_CM4_GCC.a\NetworkRuntime1201_CM4_GCC.a(layers_pad_generic.o)
                              ../../Middlewares/ST/AI/Lib/NetworkRuntime1201_CM4_GCC.a\NetworkRuntime1201_CM4_GCC.a(layers_generic_float.o) (forward_pad_8bit_ch1st_3x3_constant)
../../Middlewares/ST/AI/Lib/NetworkRuntime1201_CM4_GCC.a\NetworkRuntime1201_CM4_GCC.a(layers_resize.o)
                              ../../Middlewares/ST/AI/Lib/NetworkRuntime1201_CM4_GCC.a\NetworkRuntime1201_CM4_GCC.a(layers_generic_float.o) (forward_resize_nearest_if32of32)
../../Middlewares/ST/AI/Lib/NetworkRuntime1201_CM4_GCC.a\NetworkRuntime1201_CM4_GCC.a(forward_lite_argminmax.o)
                              ../../Middlewares/ST/AI/Lib/NetworkRuntime1201_CM4_GCC.a\NetworkRuntime1201_CM4_GCC.a(layers_generic_float.o) (forward_lite_argmax_if32)
../../Middlewares/ST/AI/Lib/NetworkRuntime1201_CM4_GCC.a\NetworkRuntime1201_CM4_GCC.a(lite_argminmax_if32_kernel.o)
                              ../../Middlewares/ST/AI/Lib/NetworkRuntime1201_CM4_GCC.a\NetworkRuntime1201_CM4_GCC.a(forward_lite_argminmax.o) (forward_lite_argmax_f32_kernel_ch)
../../Middlewares/ST/AI/Lib/NetworkRuntime1201_CM4_GCC.a\NetworkRuntime1201_CM4_GCC.a(lite_argminmax_is8_kernel.o)
                              ../../Middlewares/ST/AI/Lib/NetworkRuntime1201_CM4_GCC.a\NetworkRuntime1201_CM4_GCC.a(forward_lite_argminmax.o) (forward_lite_argmax_s8_kernel)
../../Middlewares/ST/AI/Lib/NetworkRuntime1201_CM4_GCC.a\NetworkRuntime1201_CM4_GCC.a(forward_lite_resize.o)
                              ../../Middlewares/ST/AI/Lib/NetworkRuntime1201_CM4_GCC.a\NetworkRuntime1201_CM4_GCC.a(layers_resize.o) (forward_lite_resize_bilinear_if32of32)
../../Middlewares/ST/AI/Lib/NetworkRuntime1201_CM4_GCC.a\NetworkRuntime1201_CM4_GCC.a(forward_lite_upsample.o)
                              ../../Middlewares/ST/AI/Lib/NetworkRuntime1201_CM4_GCC.a\NetworkRuntime1201_CM4_GCC.a(layers_generic_float.o) (forward_lite_upsample_bilinear_if32of32)
../../Middlewares/ST/AI/Lib/NetworkRuntime1201_CM4_GCC.a\NetworkRuntime1201_CM4_GCC.a(forward_lite_upsample_generic.o)
                              ../../Middlewares/ST/AI/Lib/NetworkRuntime1201_CM4_GCC.a\NetworkRuntime1201_CM4_GCC.a(layers_generic_float.o) (forward_lite_upsample_nearest)
../../Middlewares/ST/AI/Lib/NetworkRuntime1201_CM4_GCC.a\NetworkRuntime1201_CM4_GCC.a(lite_dense_if32.o)
                              ./AI/App/network.o (forward_lite_dense_if32of32wf32)
../../Middlewares/ST/AI/Lib/NetworkRuntime1201_CM4_GCC.a\NetworkRuntime1201_CM4_GCC.a(lite_generic_float.o)
                              ../../Middlewares/ST/AI/Lib/NetworkRuntime1201_CM4_GCC.a\NetworkRuntime1201_CM4_GCC.a(layers_generic_float.o) (forward_lite_gather_nd)
../../Middlewares/ST/AI/Lib/NetworkRuntime1201_CM4_GCC.a\NetworkRuntime1201_CM4_GCC.a(lite_nl_generic_float.o)
                              ./AI/App/network.o (forward_lite_nl_sigmoid_if32of32)
../../Middlewares/ST/AI/Lib/NetworkRuntime1201_CM4_GCC.a\NetworkRuntime1201_CM4_GCC.a(forward_lite_pad_generic.o)
                              ../../Middlewares/ST/AI/Lib/NetworkRuntime1201_CM4_GCC.a\NetworkRuntime1201_CM4_GCC.a(layers_pad_generic.o) (forward_lite_pad_8bit_ch1st_3x3_constant_P0022)
../../Middlewares/ST/AI/Lib/NetworkRuntime1201_CM4_GCC.a\NetworkRuntime1201_CM4_GCC.a(st_int8_fill.o)
                              ../../Middlewares/ST/AI/Lib/NetworkRuntime1201_CM4_GCC.a\NetworkRuntime1201_CM4_GCC.a(layers_generic_float.o) (st_int8_copy)
../../Middlewares/ST/AI/Lib/NetworkRuntime1201_CM4_GCC.a\NetworkRuntime1201_CM4_GCC.a(ai_math_helpers.o)
                              ../../Middlewares/ST/AI/Lib/NetworkRuntime1201_CM4_GCC.a\NetworkRuntime1201_CM4_GCC.a(lite_generic_float.o) (ai_math_sqrt)
../../Middlewares/ST/AI/Lib/NetworkRuntime1201_CM4_GCC.a\NetworkRuntime1201_CM4_GCC.a(ai_datatypes_format.o)
                              ../../Middlewares/ST/AI/Lib/NetworkRuntime1201_CM4_GCC.a\NetworkRuntime1201_CM4_GCC.a(layers_generic_float.o) (ai_array_get_byte_size)
../../Middlewares/ST/AI/Lib/NetworkRuntime1201_CM4_GCC.a\NetworkRuntime1201_CM4_GCC.a(core_utils.o)
                              ../../Middlewares/ST/AI/Lib/NetworkRuntime1201_CM4_GCC.a\NetworkRuntime1201_CM4_GCC.a(layers_generic_float.o) (core_get_broadcasted_shape)
[...]
Memory Configuration

Name             Origin             Length             Attributes
FLASH            0x08000000         0x00040000         xr
RAM2             0x10000000         0x00008000         xrw
RAM              0x20000000         0x00010000         xrw
*default*        0x00000000         0xffffffff

Linker script and memory map

LOAD C:/ST/STM32CubeIDE_2.1.1/STM32CubeIDE/plugins/com.st.stm32cube.ide.mcu.externaltools.gnu-tools-for-stm32.14.3.rel1.win32_1.0.100.202602081740/tools/bin/../lib/gcc/arm-none-eabi/14.3.1/thumb/v7e-m/nofp/crti.o
LOAD C:/ST/STM32CubeIDE_2.1.1/STM32CubeIDE/plugins/com.st.stm32cube.ide.mcu.externaltools.gnu-tools-for-stm32.14.3.rel1.win32_1.0.100.202602081740/tools/bin/../lib/gcc/arm-none-eabi/14.3.1/thumb/v7e-m/nofp/crtbegin.o
LOAD C:/ST/STM32CubeIDE_2.1.1/STM32CubeIDE/plugins/com.st.stm32cube.ide.mcu.externaltools.gnu-tools-for-stm32.14.3.rel1.win32_1.0.100.202602081740/tools/bin/../lib/gcc/arm-none-eabi/14.3.1/../../../../arm-none-eabi/lib/thumb/v7e-m/nofp/crt0.o
LOAD ./AI/App/app_x-cube-ai.o
LOAD ./AI/App/network.o
LOAD ./AI/App/network_data.o
LOAD ./AI/App/network_weights.o
LOAD ./AI/App/user_init.o
LOAD ./Application/User/Core/main.o
LOAD ./Application/User/Core/stm32wlxx_hal_msp.o
LOAD ./Application/User/Core/stm32wlxx_it.o
LOAD ./Application/User/Core/syscalls.o
LOAD ./Application/User/Core/sysmem.o
LOAD ./Application/User/Startup/startup_stm32wle5jcix.o
LOAD ./Drivers/CMSIS/system_stm32wlxx.o
LOAD ./Drivers/STM32WLxx_HAL_Driver/stm32wlxx_hal.o
LOAD ./Drivers/STM32WLxx_HAL_Driver/stm32wlxx_hal_cortex.o
LOAD ./Drivers/STM32WLxx_HAL_Driver/stm32wlxx_hal_dma.o
LOAD ./Drivers/STM32WLxx_HAL_Driver/stm32wlxx_hal_dma_ex.o
LOAD ./Drivers/STM32WLxx_HAL_Driver/stm32wlxx_hal_exti.o
LOAD ./Drivers/STM32WLxx_HAL_Driver/stm32wlxx_hal_flash.o
LOAD ./Drivers/STM32WLxx_HAL_Driver/stm32wlxx_hal_flash_ex.o
LOAD ./Drivers/STM32WLxx_HAL_Driver/stm32wlxx_hal_gpio.o
LOAD ./Drivers/STM32WLxx_HAL_Driver/stm32wlxx_hal_pwr.o
LOAD ./Drivers/STM32WLxx_HAL_Driver/stm32wlxx_hal_pwr_ex.o
LOAD ./Drivers/STM32WLxx_HAL_Driver/stm32wlxx_hal_rcc.o
LOAD ./Drivers/STM32WLxx_HAL_Driver/stm32wlxx_hal_rcc_ex.o
LOAD ./Drivers/STM32WLxx_HAL_Driver/stm32wlxx_hal_uart.o
LOAD ./Drivers/STM32WLxx_HAL_Driver/stm32wlxx_hal_uart_ex.o
LOAD ./Middlewares/ST/AI/Misc/Src/aiTestHelper_ST_AI.o
LOAD ./Middlewares/ST/AI/Misc/Src/aiTestUtility.o
LOAD ./Middlewares/ST/AI/Misc/Src/ai_device_adaptor.o
LOAD ./Middlewares/ST/AI/Misc/Src/lc_print.o
LOAD ./Middlewares/ST/AI/Misc/Src/syscalls.o
LOAD ../../Middlewares/ST/AI/Lib/NetworkRuntime1201_CM4_GCC.a\NetworkRuntime1201_CM4_GCC.a
START GROUP
LOAD C:/ST/STM32CubeIDE_2.1.1/STM32CubeIDE/plugins/com.st.stm32cube.ide.mcu.externaltools.gnu-tools-for-stm32.14.3.rel1.win32_1.0.100.202602081740/tools/bin/../lib/gcc/arm-none-eabi/14.3.1/../../../../arm-none-eabi/lib/thumb/v7e-m/nofp\libc_nano.a
LOAD C:/ST/STM32CubeIDE_2.1.1/STM32CubeIDE/plugins/com.st.stm32cube.ide.mcu.externaltools.gnu-tools-for-stm32.14.3.rel1.win32_1.0.100.202602081740/tools/bin/../lib/gcc/arm-none-eabi/14.3.1/../../../../arm-none-eabi/lib/thumb/v7e-m/nofp\libm.a
END GROUP
START GROUP
LOAD C:/ST/STM32CubeIDE_2.1.1/STM32CubeIDE/plugins/com.st.stm32cube.ide.mcu.externaltools.gnu-tools-for-stm32.14.3.rel1.win32_1.0.100.202602081740/tools/bin/../lib/gcc/arm-none-eabi/14.3.1/thumb/v7e-m/nofp\libgcc.a
LOAD C:/ST/STM32CubeIDE_2.1.1/STM32CubeIDE/plugins/com.st.stm32cube.ide.mcu.externaltools.gnu-tools-for-stm32.14.3.rel1.win32_1.0.100.202602081740/tools/bin/../lib/gcc/arm-none-eabi/14.3.1/../../../../arm-none-eabi/lib/thumb/v7e-m/nofp\libc_nano.a
END GROUP
START GROUP
LOAD C:/ST/STM32CubeIDE_2.1.1/STM32CubeIDE/plugins/com.st.stm32cube.ide.mcu.externaltools.gnu-tools-for-stm32.14.3.rel1.win32_1.0.100.202602081740/tools/bin/../lib/gcc/arm-none-eabi/14.3.1/thumb/v7e-m/nofp\libgcc.a
LOAD C:/ST/STM32CubeIDE_2.1.1/STM32CubeIDE/plugins/com.st.stm32cube.ide.mcu.externaltools.gnu-tools-for-stm32.14.3.rel1.win32_1.0.100.202602081740/tools/bin/../lib/gcc/arm-none-eabi/14.3.1/../../../../arm-none-eabi/lib/thumb/v7e-m/nofp\libc_nano.a
LOAD C:/ST/STM32CubeIDE_2.1.1/STM32CubeIDE/plugins/com.st.stm32cube.ide.mcu.externaltools.gnu-tools-for-stm32.14.3.rel1.win32_1.0.100.202602081740/tools/bin/../lib/gcc/arm-none-eabi/14.3.1/../../../../arm-none-eabi/lib/thumb/v7e-m/nofp\libnosys.a
END GROUP
START GROUP
LOAD C:/ST/STM32CubeIDE_2.1.1/STM32CubeIDE/plugins/com.st.stm32cube.ide.mcu.externaltools.gnu-tools-for-stm32.14.3.rel1.win32_1.0.100.202602081740/tools/bin/../lib/gcc/arm-none-eabi/14.3.1/thumb/v7e-m/nofp\libgcc.a
LOAD C:/ST/STM32CubeIDE_2.1.1/STM32CubeIDE/plugins/com.st.stm32cube.ide.mcu.externaltools.gnu-tools-for-stm32.14.3.rel1.win32_1.0.100.202602081740/tools/bin/../lib/gcc/arm-none-eabi/14.3.1/../../../../arm-none-eabi/lib/thumb/v7e-m/nofp\libc_nano.a
LOAD C:/ST/STM32CubeIDE_2.1.1/STM32CubeIDE/plugins/com.st.stm32cube.ide.mcu.externaltools.gnu-tools-for-stm32.14.3.rel1.win32_1.0.100.202602081740/tools/bin/../lib/gcc/arm-none-eabi/14.3.1/../../../../arm-none-eabi/lib/thumb/v7e-m/nofp\libnosys.a
END GROUP
LOAD C:/ST/STM32CubeIDE_2.1.1/STM32CubeIDE/plugins/com.st.stm32cube.ide.mcu.externaltools.gnu-tools-for-stm32.14.3.rel1.win32_1.0.100.202602081740/tools/bin/../lib/gcc/arm-none-eabi/14.3.1/thumb/v7e-m/nofp/crtend.o
LOAD C:/ST/STM32CubeIDE_2.1.1/STM32CubeIDE/plugins/com.st.stm32cube.ide.mcu.externaltools.gnu-tools-for-stm32.14.3.rel1.win32_1.0.100.202602081740/tools/bin/../lib/gcc/arm-none-eabi/14.3.1/thumb/v7e-m/nofp/crtn.o
                0x20010000                        _estack = (ORIGIN (RAM) + LENGTH (RAM))
                0x00000800                        _Min_Heap_Size = 0x800
                0x00002000                        _Min_Stack_Size = 0x2000

.AI_SRAM        0x20000000      0x1dc
                0x20000000                        . = ALIGN (0x4)
 *(.AI_SRAM)
 .AI_SRAM       0x20000000      0x1dc ./AI/App/app_x-cube-ai.o
                0x200001dc                        . = ALIGN (0x4)

.isr_vector     0x08000000      0x138
                0x08000000                        . = ALIGN (0x4)
 *(.isr_vector)
 .isr_vector    0x08000000      0x138 ./Application/User/Startup/startup_stm32wle5jcix.o
                0x08000000                g_pfnVectors
                0x08000138                        . = ALIGN (0x4)

.text           0x08000138     0x7cd4
                0x08000138                        . = ALIGN (0x4)
 *(.text)
 .text          0x08000138       0x40 C:/ST/STM32CubeIDE_2.1.1/STM32CubeIDE/plugins/com.st.stm32cube.ide.mcu.externaltools.gnu-tools-for-stm32.14.3.rel1.win32_1.0.100.202602081740/tools/bin/../lib/gcc/arm-none-eabi/14.3.1/thumb/v7e-m/nofp/crtbegin.o
 .text          0x08000178       0x10 C:/ST/STM32CubeIDE_2.1.1/STM32CubeIDE/plugins/com.st.stm32cube.ide.mcu.externaltools.gnu-tools-for-stm32.14.3.rel1.win32_1.0.100.202602081740/tools/bin/../lib/gcc/arm-none-eabi/14.3.1/../../../../arm-none-eabi/lib/thumb/v7e-m/nofp\libc_nano.a(libc_a-strlen.o)
                0x08000178                strlen
 .text          0x08000188      0x378 C:/ST/STM32CubeIDE_2.1.1/STM32CubeIDE/plugins/com.st.stm32cube.ide.mcu.externaltools.gnu-tools-for-stm32.14.3.rel1.win32_1.0.100.202602081740/tools/bin/../lib/gcc/arm-none-eabi/14.3.1/thumb/v7e-m/nofp\libgcc.a(_arm_addsubdf3.o)
                0x08000188                __aeabi_drsub
                0x08000190                __aeabi_dsub
                0x08000190                __subdf3
                0x08000194                __aeabi_dadd
                0x08000194                __adddf3
                0x0800040c                __floatunsidf
                0x0800040c                __aeabi_ui2d
                0x0800042c                __floatsidf
                0x0800042c                __aeabi_i2d
                0x08000450                __aeabi_f2d
                0x08000450                __extendsfdf2
                0x08000494                __floatundidf
                0x08000494                __aeabi_ul2d
                0x080004a4                __floatdidf
                0x080004a4                __aeabi_l2d
 .text          0x08000500      0x424 C:/ST/STM32CubeIDE_2.1.1/STM32CubeIDE/plugins/com.st.stm32cube.ide.mcu.externaltools.gnu-tools-for-stm32.14.3.rel1.win32_1.0.100.202602081740/tools/bin/../lib/gcc/arm-none-eabi/14.3.1/thumb/v7e-m/nofp\libgcc.a(_arm_muldivdf3.o)
                0x08000500                __aeabi_dmul
                0x08000500                __muldf3
                0x08000754                __divdf3
                0x08000754                __aeabi_ddiv
 .text          0x08000924      0x110 C:/ST/STM32CubeIDE_2.1.1/STM32CubeIDE/plugins/com.st.stm32cube.ide.mcu.externaltools.gnu-tools-for-stm32.14.3.rel1.win32_1.0.100.202602081740/tools/bin/../lib/gcc/arm-none-eabi/14.3.1/thumb/v7e-m/nofp\libgcc.a(_arm_cmpdf2.o)
                0x08000924                __gtdf2
                0x08000924                __gedf2
                0x0800092c                __ltdf2
                0x0800092c                __ledf2
                0x08000934                __nedf2
                0x08000934                __eqdf2
                0x08000934                __cmpdf2
                0x080009b0                __aeabi_cdrcmple
                0x080009c0                __aeabi_cdcmpeq
                0x080009c0                __aeabi_cdcmple
                0x080009d0                __aeabi_dcmpeq
                0x080009e4                __aeabi_dcmplt
                0x080009f8                __aeabi_dcmple
                0x08000a0c                __aeabi_dcmpge
                0x08000a20                __aeabi_dcmpgt
 .text          0x08000a34      0x21c C:/ST/STM32CubeIDE_2.1.1/STM32CubeIDE/plugins/com.st.stm32cube.ide.mcu.externaltools.gnu-tools-for-stm32.14.3.rel1.win32_1.0.100.202602081740/tools/bin/../lib/gcc/arm-none-eabi/14.3.1/thumb/v7e-m/nofp\libgcc.a(_arm_addsubsf3.o)
                0x08000a34                __aeabi_frsub
                0x08000a3c                __subsf3
                0x08000a3c                __aeabi_fsub
                0x08000a40                __aeabi_fadd
                0x08000a40                __addsf3
                0x08000ba0                __aeabi_ui2f
                0x08000ba0                __floatunsisf
                0x08000ba8                __aeabi_i2f
                0x08000ba8                __floatsisf
                0x08000bc4                __aeabi_ul2f
                0x08000bc4                __floatundisf
                0x08000bd4                __aeabi_l2f
                0x08000bd4                __floatdisf
 .text          0x08000c50      0x2a0 C:/ST/STM32CubeIDE_2.1.1/STM32CubeIDE/plugins/com.st.stm32cube.ide.mcu.externaltools.gnu-tools-for-stm32.14.3.rel1.win32_1.0.100.202602081740/tools/bin/../lib/gcc/arm-none-eabi/14.3.1/thumb/v7e-m/nofp\libgcc.a(_arm_muldivsf3.o)
                0x08000c50                __mulsf3
                0x08000c50                __aeabi_fmul
                0x08000db8                __aeabi_fdiv
                0x08000db8                __divsf3
 .text          0x08000ef0       0xec C:/ST/STM32CubeIDE_2.1.1/STM32CubeIDE/plugins/com.st.stm32cube.ide.mcu.externaltools.gnu-tools-for-stm32.14.3.rel1.win32_1.0.100.202602081740/tools/bin/../lib/gcc/arm-none-eabi/14.3.1/thumb/v7e-m/nofp\libgcc.a(_arm_cmpsf2.o)
                0x08000ef0                __gesf2
                0x08000ef0                __gtsf2
                0x08000ef8                __lesf2
                0x08000ef8                __ltsf2
                0x08000f00                __nesf2
                0x08000f00                __eqsf2
                0x08000f00                __cmpsf2
                0x08000f60                __aeabi_cfrcmple
                0x08000f68                __aeabi_cfcmpeq
                0x08000f68                __aeabi_cfcmple
                0x08000f78                __aeabi_fcmpeq
                0x08000f8c                __aeabi_fcmplt
                0x08000fa0                __aeabi_fcmple
                0x08000fb4                __aeabi_fcmpge
                0x08000fc8                __aeabi_fcmpgt
 .text          0x08000fdc       0x4c C:/ST/STM32CubeIDE_2.1.1/STM32CubeIDE/plugins/com.st.stm32cube.ide.mcu.externaltools.gnu-tools-for-stm32.14.3.rel1.win32_1.0.100.202602081740/tools/bin/../lib/gcc/arm-none-eabi/14.3.1/thumb/v7e-m/nofp\libgcc.a(_arm_fixsfsi.o)
                0x08000fdc                __aeabi_f2iz
                0x08000fdc                __fixsfsi
 .text          0x08001028       0x30 C:/ST/STM32CubeIDE_2.1.1/STM32CubeIDE/plugins/com.st.stm32cube.ide.mcu.externaltools.gnu-tools-for-stm32.14.3.rel1.win32_1.0.100.202602081740/tools/bin/../lib/gcc/arm-none-eabi/14.3.1/thumb/v7e-m/nofp\libgcc.a(_aeabi_uldivmod.o)
                0x08001028                __aeabi_uldivmod
 .text          0x08001058       0x3c C:/ST/STM32CubeIDE_2.1.1/STM32CubeIDE/plugins/com.st.stm32cube.ide.mcu.externaltools.gnu-tools-for-stm32.14.3.rel1.win32_1.0.100.202602081740/tools/bin/../lib/gcc/arm-none-eabi/14.3.1/thumb/v7e-m/nofp\libgcc.a(_fixunsdfdi.o)
                0x08001058                __fixunsdfdi
                0x08001058                __aeabi_d2ulz
 .text          0x08001094      0x2f8 C:/ST/STM32CubeIDE_2.1.1/STM32CubeIDE/plugins/com.st.stm32cube.ide.mcu.externaltools.gnu-tools-for-stm32.14.3.rel1.win32_1.0.100.202602081740/tools/bin/../lib/gcc/arm-none-eabi/14.3.1/thumb/v7e-m/nofp\libgcc.a(_udivmoddi4.o)
                0x08001094                __udivmoddi4
 .text          0x0800138c        0x4 C:/ST/STM32CubeIDE_2.1.1/STM32CubeIDE/plugins/com.st.stm32cube.ide.mcu.externaltools.gnu-tools-for-stm32.14.3.rel1.win32_1.0.100.202602081740/tools/bin/../lib/gcc/arm-none-eabi/14.3.1/thumb/v7e-m/nofp\libgcc.a(_dvmd_tls.o)
                0x0800138c                __aeabi_idiv0
                0x0800138c                __aeabi_ldiv0
 .text          0x08001390       0x40 C:/ST/STM32CubeIDE_2.1.1/STM32CubeIDE/plugins/com.st.stm32cube.ide.mcu.externaltools.gnu-tools-for-stm32.14.3.rel1.win32_1.0.100.202602081740/tools/bin/../lib/gcc/arm-none-eabi/14.3.1/thumb/v7e-m/nofp\libgcc.a(_arm_fixunsdfsi.o)
                0x08001390                __aeabi_d2uiz
                0x08001390                __fixunsdfsi
 *(.text*)
 .text.cyclesCounterInit
                0x080013d0       0x90 ./AI/App/app_x-cube-ai.o
 .text.cyclesCounterStart
                0x08001460       0x28 ./AI/App/app_x-cube-ai.o
 .text.cyclesCounterEnd
                0x08001488       0xd4 ./AI/App/app_x-cube-ai.o
 .text.aiInit   0x0800155c       0x5c ./AI/App/app_x-cube-ai.o
                0x0800155c                aiInit
 .text.aiRun    0x080015b8      0x11c ./AI/App/app_x-cube-ai.o
                0x080015b8                aiRun
 .text.acquire_and_process_data
                0x080016d4        0xe ./AI/App/app_x-cube-ai.o
                0x080016d4                acquire_and_process_data
 .text.post_process
                0x080016e2        0xe ./AI/App/app_x-cube-ai.o
                0x080016e2                post_process
 .text.main_loop
                0x080016f0       0x14 ./AI/App/app_x-cube-ai.o
                0x080016f0                main_loop
 .text.STM32CubeAI_Studio_AI_Init
                0x08001704        0xc ./AI/App/app_x-cube-ai.o
                0x08001704                STM32CubeAI_Studio_AI_Init
 .text.STM32CubeAI_Studio_AI_Process
                0x08001710        0xc ./AI/App/app_x-cube-ai.o
                0x08001710                STM32CubeAI_Studio_AI_Process
 .text._stai_network_check
                0x0800171c      0x106 ./AI/App/network.o
 *fill*         0x08001822        0x2 
 .text.stai_network_init
                0x08001824       0x60 ./AI/App/network.o
                0x08001824                stai_network_init
 .text.forward_lite_slice_slice_0
                0x08001884       0xac ./AI/App/network.o
                0x08001884                forward_lite_slice_slice_0
 .text.forward_lite_concat_concat_9
                0x08001930       0xcc ./AI/App/network.o
                0x08001930                forward_lite_concat_concat_9
 .text.stai_network_run
                0x080019fc      0xdb4 ./AI/App/network.o
                0x080019fc                stai_network_run
 .text.stai_network_get_inputs
                0x080027b0       0xcc ./AI/App/network.o
                0x080027b0                stai_network_get_inputs
 .text.stai_network_get_outputs
                0x0800287c       0xcc ./AI/App/network.o
                0x0800287c                stai_network_get_outputs
 .text.stai_network_get_error
                0x08002948       0x5c ./AI/App/network.o
                0x08002948                stai_network_get_error
 .text.stai_network_set_activations
                0x080029a4      0x1ac ./AI/App/network.o
                0x080029a4                stai_network_set_activations
 .text.user_stai_network_init
                0x08002b50       0x24 ./AI/App/user_init.o
                0x08002b50                user_stai_network_init
 .text.LL_AHB2_GRP1_EnableClock
                0x08002b74       0x30 ./Application/User/Core/main.o
 .text.main     0x08002ba4       0x1e ./Application/User/Core/main.o
                0x08002ba4                main
 *fill*         0x08002bc2        0x2 
 .text.SystemClock_Config
                0x08002bc4       0xc0 ./Application/User/Core/main.o
                0x08002bc4                SystemClock_Config
 .text.MX_USART1_UART_Init
                0x08002c84       0x98 ./Application/User/Core/main.o
 .text.MX_GPIO_Init
                0x08002d1c        0xe ./Application/User/Core/main.o
 .text.Error_Handler
                0x08002d2a        0xc ./Application/User/Core/main.o
                0x08002d2a                Error_Handler
 .text.LL_AHB2_GRP1_EnableClock
                0x08002d36       0x30 ./Application/User/Core/stm32wlxx_hal_msp.o
 .text.LL_APB2_GRP1_EnableClock
                0x08002d66       0x30 ./Application/User/Core/stm32wlxx_hal_msp.o
 .text.HAL_MspInit
                0x08002d96        0xc ./Application/User/Core/stm32wlxx_hal_msp.o
                0x08002d96                HAL_MspInit
 *fill*         0x08002da2        0x2 
 .text.HAL_UART_MspInit
                0x08002da4       0x8c ./Application/User/Core/stm32wlxx_hal_msp.o
                0x08002da4                HAL_UART_MspInit
 .text.NMI_Handler
                0x08002e30        0x8 ./Application/User/Core/stm32wlxx_it.o
                0x08002e30                NMI_Handler
 .text.HardFault_Handler
                0x08002e38        0x8 ./Application/User/Core/stm32wlxx_it.o
                0x08002e38                HardFault_Handler
 .text.MemManage_Handler
                0x08002e40        0x8 ./Application/User/Core/stm32wlxx_it.o
                0x08002e40                MemManage_Handler
 .text.BusFault_Handler
                0x08002e48        0x8 ./Application/User/Core/stm32wlxx_it.o
                0x08002e48                BusFault_Handler
 .text.UsageFault_Handler
                0x08002e50        0x8 ./Application/User/Core/stm32wlxx_it.o
                0x08002e50                UsageFault_Handler
 .text.SVC_Handler
                0x08002e58        0xc ./Application/User/Core/stm32wlxx_it.o
                0x08002e58                SVC_Handler
 .text.DebugMon_Handler
                0x08002e64        0xc ./Application/User/Core/stm32wlxx_it.o
                0x08002e64                DebugMon_Handler
 .text.PendSV_Handler
                0x08002e70        0xc ./Application/User/Core/stm32wlxx_it.o
                0x08002e70                PendSV_Handler
 .text.SysTick_Handler
                0x08002e7c        0xc ./Application/User/Core/stm32wlxx_it.o
                0x08002e7c                SysTick_Handler
 .text.Reset_Handler
                0x08002e88       0x50 ./Application/User/Startup/startup_stm32wle5jcix.o
                0x08002e88                Reset_Handler
 .text.Default_Handler
                0x08002ed8        0x2 ./Application/User/Startup/startup_stm32wle5jcix.o
                0x08002ed8                RTC_Alarm_IRQHandler
                0x08002ed8                EXTI2_IRQHandler
                0x08002ed8                TIM1_CC_IRQHandler
                0x08002ed8                EXTI3_IRQHandler
                0x08002ed8                LPTIM2_IRQHandler
                0x08002ed8                I2C3_ER_IRQHandler
                0x08002ed8                LPTIM3_IRQHandler
                0x08002ed8                EXTI0_IRQHandler
                0x08002ed8                I2C2_EV_IRQHandler
                0x08002ed8                TAMP_STAMP_LSECSS_SSRU_IRQHandler
                0x08002ed8                SPI1_IRQHandler
                0x08002ed8                DMA2_Channel2_IRQHandler
                0x08002ed8                DMA1_Channel4_IRQHandler
                0x08002ed8                PKA_IRQHandler
                0x08002ed8                TIM17_IRQHandler
                0x08002ed8                DMA1_Channel7_IRQHandler
                0x08002ed8                SUBGHZSPI_IRQHandler
                0x08002ed8                DMA2_Channel1_IRQHandler
                0x08002ed8                I2C1_EV_IRQHandler
                0x08002ed8                SUBGHZ_Radio_IRQHandler
                0x08002ed8                DMAMUX1_OVR_IRQHandler
                0x08002ed8                DMA1_Channel6_IRQHandler
                0x08002ed8                TIM16_IRQHandler
                0x08002ed8                DMA2_Channel4_IRQHandler
                0x08002ed8                RCC_IRQHandler
                0x08002ed8                TIM1_TRG_COM_IRQHandler
                0x08002ed8                DMA1_Channel1_IRQHandler
                0x08002ed8                Default_Handler
                0x08002ed8                DMA2_Channel7_IRQHandler
                0x08002ed8                EXTI15_10_IRQHandler
                0x08002ed8                ADC_IRQHandler
                0x08002ed8                I2C3_EV_IRQHandler
                0x08002ed8                EXTI9_5_IRQHandler
                0x08002ed8                RTC_WKUP_IRQHandler
                0x08002ed8                PVD_PVM_IRQHandler
                0x08002ed8                SPI2_IRQHandler
                0x08002ed8                DMA2_Channel5_IRQHandler
                0x08002ed8                DMA1_Channel5_IRQHandler
                0x08002ed8                EXTI4_IRQHandler
                0x08002ed8                RNG_IRQHandler
                0x08002ed8                DMA1_Channel3_IRQHandler
                0x08002ed8                COMP_IRQHandler
                0x08002ed8                HSEM_IRQHandler
                0x08002ed8                TIM1_UP_IRQHandler
                0x08002ed8                WWDG_IRQHandler
                0x08002ed8                LPUART1_IRQHandler
                0x08002ed8                DMA2_Channel6_IRQHandler
                0x08002ed8                TIM2_IRQHandler
                0x08002ed8                TIM1_BRK_IRQHandler
                0x08002ed8                DAC_IRQHandler
                0x08002ed8                EXTI1_IRQHandler
                0x08002ed8                AES_IRQHandler
                0x08002ed8                USART2_IRQHandler
                0x08002ed8                I2C2_ER_IRQHandler
                0x08002ed8                DMA1_Channel2_IRQHandler
                0x08002ed8                FLASH_IRQHandler
                0x08002ed8                USART1_IRQHandler
                0x08002ed8                I2C1_ER_IRQHandler
                0x08002ed8                LPTIM1_IRQHandler
                0x08002ed8                DMA2_Channel3_IRQHandler
 .text.SystemInit
                0x08002eda        0xc ./Drivers/CMSIS/system_stm32wlxx.o
                0x08002eda                SystemInit
 *fill*         0x08002ee6        0x2 
 .text.HAL_Init
                0x08002ee8       0x40 ./Drivers/STM32WLxx_HAL_Driver/stm32wlxx_hal.o
                0x08002ee8                HAL_Init
 .text.HAL_InitTick
                0x08002f28       0x74 ./Drivers/STM32WLxx_HAL_Driver/stm32wlxx_hal.o
                0x08002f28                HAL_InitTick
 .text.HAL_IncTick
                0x08002f9c       0x24 ./Drivers/STM32WLxx_HAL_Driver/stm32wlxx_hal.o
                0x08002f9c                HAL_IncTick
 .text.HAL_GetTick
                0x08002fc0       0x14 ./Drivers/STM32WLxx_HAL_Driver/stm32wlxx_hal.o
                0x08002fc0                HAL_GetTick
 .text.HAL_Delay
                0x08002fd4       0x48 ./Drivers/STM32WLxx_HAL_Driver/stm32wlxx_hal.o
                0x08002fd4                HAL_Delay
 .text.__NVIC_SetPriorityGrouping
                0x0800301c       0x48 ./Drivers/STM32WLxx_HAL_Driver/stm32wlxx_hal_cortex.o
 .text.__NVIC_GetPriorityGrouping
                0x08003064       0x1c ./Drivers/STM32WLxx_HAL_Driver/stm32wlxx_hal_cortex.o
 .text.__NVIC_SetPriority
                0x08003080       0x54 ./Drivers/STM32WLxx_HAL_Driver/stm32wlxx_hal_cortex.o
 .text.NVIC_EncodePriority
                0x080030d4       0x64 ./Drivers/STM32WLxx_HAL_Driver/stm32wlxx_hal_cortex.o
 .text.SysTick_Config
                0x08003138       0x44 ./Drivers/STM32WLxx_HAL_Driver/stm32wlxx_hal_cortex.o
 .text.HAL_NVIC_SetPriorityGrouping
                0x0800317c       0x16 ./Drivers/STM32WLxx_HAL_Driver/stm32wlxx_hal_cortex.o
                0x0800317c                HAL_NVIC_SetPriorityGrouping
 .text.HAL_NVIC_SetPriority
                0x08003192       0x34 ./Drivers/STM32WLxx_HAL_Driver/stm32wlxx_hal_cortex.o
                0x08003192                HAL_NVIC_SetPriority
 .text.HAL_SYSTICK_Config
                0x080031c6       0x18 ./Drivers/STM32WLxx_HAL_Driver/stm32wlxx_hal_cortex.o
                0x080031c6                HAL_SYSTICK_Config
 *fill*         0x080031de        0x2 
 .text.HAL_GPIO_Init
                0x080031e0      0x2c0 ./Drivers/STM32WLxx_HAL_Driver/stm32wlxx_hal_gpio.o
                0x080031e0                HAL_GPIO_Init
 .text.HAL_PWR_EnableBkUpAccess
                0x080034a0       0x1c ./Drivers/STM32WLxx_HAL_Driver/stm32wlxx_hal_pwr.o
                0x080034a0                HAL_PWR_EnableBkUpAccess
 .text.HAL_PWREx_GetVoltageRange
                0x080034bc       0x18 ./Drivers/STM32WLxx_HAL_Driver/stm32wlxx_hal_pwr_ex.o
                0x080034bc                HAL_PWREx_GetVoltageRange
 .text.LL_PWR_IsEnabledBkUpAccess
                0x080034d4       0x24 ./Drivers/STM32WLxx_HAL_Driver/stm32wlxx_hal_rcc.o
 .text.LL_RCC_HSE_EnableTcxo
                0x080034f8       0x1c ./Drivers/STM32WLxx_HAL_Driver/stm32wlxx_hal_rcc.o
 .text.LL_RCC_HSE_DisableTcxo
                0x08003514       0x1c ./Drivers/STM32WLxx_HAL_Driver/stm32wlxx_hal_rcc.o
 .text.LL_RCC_HSE_IsEnabledDiv2
                0x08003530       0x22 ./Drivers/STM32WLxx_HAL_Driver/stm32wlxx_hal_rcc.o
 .text.LL_RCC_HSE_Enable
                0x08003552       0x1c ./Drivers/STM32WLxx_HAL_Driver/stm32wlxx_hal_rcc.o
 .text.LL_RCC_HSE_Disable
                0x0800356e       0x1c ./Drivers/STM32WLxx_HAL_Driver/stm32wlxx_hal_rcc.o
 .text.LL_RCC_HSE_IsReady
                0x0800358a       0x22 ./Drivers/STM32WLxx_HAL_Driver/stm32wlxx_hal_rcc.o
 .text.LL_RCC_HSI_Enable
                0x080035ac       0x1c ./Drivers/STM32WLxx_HAL_Driver/stm32wlxx_hal_rcc.o
 .text.LL_RCC_HSI_Disable
                0x080035c8       0x1c ./Drivers/STM32WLxx_HAL_Driver/stm32wlxx_hal_rcc.o
 .text.LL_RCC_HSI_IsReady
                0x080035e4       0x22 ./Drivers/STM32WLxx_HAL_Driver/stm32wlxx_hal_rcc.o
 .text.LL_RCC_HSI_SetCalibTrimming
                0x08003606       0x28 ./Drivers/STM32WLxx_HAL_Driver/stm32wlxx_hal_rcc.o
 .text.LL_RCC_LSE_IsReady
                0x0800362e       0x22 ./Drivers/STM32WLxx_HAL_Driver/stm32wlxx_hal_rcc.o
 .text.LL_RCC_LSI_Enable
                0x08003650       0x20 ./Drivers/STM32WLxx_HAL_Driver/stm32wlxx_hal_rcc.o
 .text.LL_RCC_LSI_Disable
                0x08003670       0x20 ./Drivers/STM32WLxx_HAL_Driver/stm32wlxx_hal_rcc.o
 .text.LL_RCC_LSI_IsReady
                0x08003690       0x22 ./Drivers/STM32WLxx_HAL_Driver/stm32wlxx_hal_rcc.o
 .text.LL_RCC_MSI_Enable
                0x080036b2       0x1c ./Drivers/STM32WLxx_HAL_Driver/stm32wlxx_hal_rcc.o
 .text.LL_RCC_MSI_Disable
                0x080036ce       0x1c ./Drivers/STM32WLxx_HAL_Driver/stm32wlxx_hal_rcc.o
 .text.LL_RCC_MSI_IsReady
                0x080036ea       0x20 ./Drivers/STM32WLxx_HAL_Driver/stm32wlxx_hal_rcc.o
 .text.LL_RCC_MSI_IsEnabledRangeSelect
                0x0800370a       0x20 ./Drivers/STM32WLxx_HAL_Driver/stm32wlxx_hal_rcc.o
 .text.LL_RCC_MSI_GetRange
                0x0800372a       0x16 ./Drivers/STM32WLxx_HAL_Driver/stm32wlxx_hal_rcc.o
 .text.LL_RCC_MSI_GetRangeAfterStandby
                0x08003740       0x18 ./Drivers/STM32WLxx_HAL_Driver/stm32wlxx_hal_rcc.o
 .text.LL_RCC_MSI_SetCalibTrimming
                0x08003758       0x28 ./Drivers/STM32WLxx_HAL_Driver/stm32wlxx_hal_rcc.o
 .text.LL_RCC_SetSysClkSource
                0x08003780       0x26 ./Drivers/STM32WLxx_HAL_Driver/stm32wlxx_hal_rcc.o
 .text.LL_RCC_GetSysClkSource
                0x080037a6       0x16 ./Drivers/STM32WLxx_HAL_Driver/stm32wlxx_hal_rcc.o
 .text.LL_RCC_SetAHBPrescaler
                0x080037bc       0x26 ./Drivers/STM32WLxx_HAL_Driver/stm32wlxx_hal_rcc.o
 .text.LL_RCC_SetAHB3Prescaler
                0x080037e2       0x2c ./Drivers/STM32WLxx_HAL_Driver/stm32wlxx_hal_rcc.o
 .text.LL_RCC_SetAPB1Prescaler
                0x0800380e       0x26 ./Drivers/STM32WLxx_HAL_Driver/stm32wlxx_hal_rcc.o
 .text.LL_RCC_SetAPB2Prescaler
                0x08003834       0x26 ./Drivers/STM32WLxx_HAL_Driver/stm32wlxx_hal_rcc.o
 .text.LL_RCC_GetAHBPrescaler
                0x0800385a       0x16 ./Drivers/STM32WLxx_HAL_Driver/stm32wlxx_hal_rcc.o
 .text.LL_RCC_GetAHB3Prescaler
                0x08003870       0x1a ./Drivers/STM32WLxx_HAL_Driver/stm32wlxx_hal_rcc.o
 .text.LL_RCC_GetAPB1Prescaler
                0x0800388a       0x16 ./Drivers/STM32WLxx_HAL_Driver/stm32wlxx_hal_rcc.o
 .text.LL_RCC_GetAPB2Prescaler
                0x080038a0       0x16 ./Drivers/STM32WLxx_HAL_Driver/stm32wlxx_hal_rcc.o
 .text.LL_RCC_PLL_Enable
                0x080038b6       0x1c ./Drivers/STM32WLxx_HAL_Driver/stm32wlxx_hal_rcc.o
 .text.LL_RCC_PLL_Disable
                0x080038d2       0x1c ./Drivers/STM32WLxx_HAL_Driver/stm32wlxx_hal_rcc.o
 .text.LL_RCC_PLL_IsReady
                0x080038ee       0x22 ./Drivers/STM32WLxx_HAL_Driver/stm32wlxx_hal_rcc.o
 .text.LL_RCC_PLL_GetN
                0x08003910       0x18 ./Drivers/STM32WLxx_HAL_Driver/stm32wlxx_hal_rcc.o
 .text.LL_RCC_PLL_GetR
                0x08003928       0x16 ./Drivers/STM32WLxx_HAL_Driver/stm32wlxx_hal_rcc.o
 .text.LL_RCC_PLL_GetDivider
                0x0800393e       0x16 ./Drivers/STM32WLxx_HAL_Driver/stm32wlxx_hal_rcc.o
 .text.LL_RCC_PLL_GetMainSource
                0x08003954       0x16 ./Drivers/STM32WLxx_HAL_Driver/stm32wlxx_hal_rcc.o
 .text.LL_RCC_IsActiveFlag_HPRE
                0x0800396a       0x22 ./Drivers/STM32WLxx_HAL_Driver/stm32wlxx_hal_rcc.o
 .text.LL_RCC_IsActiveFlag_SHDHPRE
                0x0800398c       0x24 ./Drivers/STM32WLxx_HAL_Driver/stm32wlxx_hal_rcc.o
 .text.LL_RCC_IsActiveFlag_PPRE1
                0x080039b0       0x22 ./Drivers/STM32WLxx_HAL_Driver/stm32wlxx_hal_rcc.o
 .text.LL_RCC_IsActiveFlag_PPRE2
                0x080039d2       0x22 ./Drivers/STM32WLxx_HAL_Driver/stm32wlxx_hal_rcc.o
 .text.HAL_RCC_OscConfig
                0x080039f4      0x704 ./Drivers/STM32WLxx_HAL_Driver/stm32wlxx_hal_rcc.o
                0x080039f4                HAL_RCC_OscConfig
 .text.HAL_RCC_ClockConfig
                0x080040f8      0x248 ./Drivers/STM32WLxx_HAL_Driver/stm32wlxx_hal_rcc.o
                0x080040f8                HAL_RCC_ClockConfig
 .text.HAL_RCC_GetSysClockFreq
                0x08004340      0x140 ./Drivers/STM32WLxx_HAL_Driver/stm32wlxx_hal_rcc.o
                0x08004340                HAL_RCC_GetSysClockFreq
 .text.HAL_RCC_GetHCLKFreq
                0x08004480       0x28 ./Drivers/STM32WLxx_HAL_Driver/stm32wlxx_hal_rcc.o
                0x08004480                HAL_RCC_GetHCLKFreq
 .text.HAL_RCC_GetPCLK1Freq
                0x080044a8       0x24 ./Drivers/STM32WLxx_HAL_Driver/stm32wlxx_hal_rcc.o
                0x080044a8                HAL_RCC_GetPCLK1Freq
 .text.HAL_RCC_GetPCLK2Freq
                0x080044cc       0x24 ./Drivers/STM32WLxx_HAL_Driver/stm32wlxx_hal_rcc.o
                0x080044cc                HAL_RCC_GetPCLK2Freq
 .text.RCC_SetFlashLatencyFromMSIRange
                0x080044f0       0x60 ./Drivers/STM32WLxx_HAL_Driver/stm32wlxx_hal_rcc.o
 .text.RCC_SetFlashLatency
                0x08004550      0x104 ./Drivers/STM32WLxx_HAL_Driver/stm32wlxx_hal_rcc.o
 .text.LL_RCC_LSE_IsReady
                0x08004654       0x22 ./Drivers/STM32WLxx_HAL_Driver/stm32wlxx_hal_rcc_ex.o
 .text.LL_RCC_SetUSARTClockSource
                0x08004676       0x30 ./Drivers/STM32WLxx_HAL_Driver/stm32wlxx_hal_rcc_ex.o
 .text.LL_RCC_SetI2SClockSource
                0x080046a6       0x2a ./Drivers/STM32WLxx_HAL_Driver/stm32wlxx_hal_rcc_ex.o
 .text.LL_RCC_SetLPUARTClockSource
                0x080046d0       0x2a ./Drivers/STM32WLxx_HAL_Driver/stm32wlxx_hal_rcc_ex.o
 .text.LL_RCC_SetI2CClockSource
                0x080046fa       0x38 ./Drivers/STM32WLxx_HAL_Driver/stm32wlxx_hal_rcc_ex.o
 .text.LL_RCC_SetLPTIMClockSource
                0x08004732       0x32 ./Drivers/STM32WLxx_HAL_Driver/stm32wlxx_hal_rcc_ex.o
 .text.LL_RCC_SetRNGClockSource
                0x08004764       0x2a ./Drivers/STM32WLxx_HAL_Driver/stm32wlxx_hal_rcc_ex.o
 .text.LL_RCC_SetADCClockSource
                0x0800478e       0x2a ./Drivers/STM32WLxx_HAL_Driver/stm32wlxx_hal_rcc_ex.o
 .text.LL_RCC_SetRTCClockSource
                0x080047b8       0x2a ./Drivers/STM32WLxx_HAL_Driver/stm32wlxx_hal_rcc_ex.o
 .text.LL_RCC_GetRTCClockSource
                0x080047e2       0x18 ./Drivers/STM32WLxx_HAL_Driver/stm32wlxx_hal_rcc_ex.o
 .text.LL_RCC_ForceBackupDomainReset
                0x080047fa       0x20 ./Drivers/STM32WLxx_HAL_Driver/stm32wlxx_hal_rcc_ex.o
 .text.LL_RCC_ReleaseBackupDomainReset
                0x0800481a       0x20 ./Drivers/STM32WLxx_HAL_Driver/stm32wlxx_hal_rcc_ex.o
 *fill*         0x0800483a        0x2 
 .text.HAL_RCCEx_PeriphCLKConfig
                0x0800483c      0x234 ./Drivers/STM32WLxx_HAL_Driver/stm32wlxx_hal_rcc_ex.o
                0x0800483c                HAL_RCCEx_PeriphCLKConfig
 .text.LL_RCC_GetUSARTClockSource
                0x08004a70       0x24 ./Drivers/STM32WLxx_HAL_Driver/stm32wlxx_hal_uart.o
 .text.LL_RCC_GetLPUARTClockSource
                0x08004a94       0x1e ./Drivers/STM32WLxx_HAL_Driver/stm32wlxx_hal_uart.o
 .text.HAL_UART_Init
                0x08004ab2       0xa0 ./Drivers/STM32WLxx_HAL_Driver/stm32wlxx_hal_uart.o
                0x08004ab2                HAL_UART_Init
 .text.HAL_UART_Transmit
                0x08004b52      0x132 ./Drivers/STM32WLxx_HAL_Driver/stm32wlxx_hal_uart.o
                0x08004b52                HAL_UART_Transmit
 .text.UART_SetConfig
                0x08004c84      0x4e8 ./Drivers/STM32WLxx_HAL_Driver/stm32wlxx_hal_uart.o
                0x08004c84                UART_SetConfig
 .text.UART_AdvFeatureConfig
                0x0800516c      0x142 ./Drivers/STM32WLxx_HAL_Driver/stm32wlxx_hal_uart.o
                0x0800516c                UART_AdvFeatureConfig
 .text.UART_CheckIdleState
                0x080052ae      0x154 ./Drivers/STM32WLxx_HAL_Driver/stm32wlxx_hal_uart.o
                0x080052ae                UART_CheckIdleState
 .text.UART_WaitOnFlagUntilTimeout
                0x08005402       0xda ./Drivers/STM32WLxx_HAL_Driver/stm32wlxx_hal_uart.o
                0x08005402                UART_WaitOnFlagUntilTimeout
 .text.UART_EndRxTransfer
                0x080054dc       0xca ./Drivers/STM32WLxx_HAL_Driver/stm32wlxx_hal_uart.o
 .text.HAL_UARTEx_DisableFifoMode
                0x080055a6       0x70 ./Drivers/STM32WLxx_HAL_Driver/stm32wlxx_hal_uart_ex.o
                0x080055a6                HAL_UARTEx_DisableFifoMode
 .text.HAL_UARTEx_SetTxFifoThreshold
                0x08005616       0x7c ./Drivers/STM32WLxx_HAL_Driver/stm32wlxx_hal_uart_ex.o
                0x08005616                HAL_UARTEx_SetTxFifoThreshold
 .text.HAL_UARTEx_SetRxFifoThreshold
                0x08005692       0x7c ./Drivers/STM32WLxx_HAL_Driver/stm32wlxx_hal_uart_ex.o
                0x08005692                HAL_UARTEx_SetRxFifoThreshold
 *fill*         0x0800570e        0x2 
 .text.UARTEx_SetNbDataToProcess
                0x08005710       0x98 ./Drivers/STM32WLxx_HAL_Driver/stm32wlxx_hal_uart_ex.o
 .text.port_io_write
                0x080057a8       0x38 ./Middlewares/ST/AI/Misc/Src/aiTestUtility.o
 .text._put_c_driver
                0x080057e0       0x2c ./Middlewares/ST/AI/Misc/Src/aiTestUtility.o
 .text.lc_print
                0x0800580c       0x2c ./Middlewares/ST/AI/Misc/Src/aiTestUtility.o
                0x0800580c                lc_print
 .text.dwtCyclesToTime
                0x08005838      0x362 ./Middlewares/ST/AI/Misc/Src/aiTestUtility.o
                0x08005838                dwtCyclesToTime
 *fill*         0x08005b9a        0x2 
 .text.port_dwt_init_imp
                0x08005b9c       0x34 ./Middlewares/ST/AI/Misc/Src/ai_device_adaptor.o
                0x08005b9c                port_dwt_init_imp
 .text._write_string
                0x08005bd0       0xd2 ./Middlewares/ST/AI/Misc/Src/lc_print.o
 .text._write_number
                0x08005ca2      0x228 ./Middlewares/ST/AI/Misc/Src/lc_print.o
 *fill*         0x08005eca        0x2 
 .text._write_double
                0x08005ecc      0x284 ./Middlewares/ST/AI/Misc/Src/lc_print.o
 .text._getChar
                0x08006150       0x1e ./Middlewares/ST/AI/Misc/Src/lc_print.o
 *fill*         0x0800616e        0x2 
 .text.vlc_print
                0x08006170      0x4c0 ./Middlewares/ST/AI/Misc/Src/lc_print.o
                0x08006170                vlc_print
 .text.stai_get_return_code_name
                0x08006630      0x234 ../../Middlewares/ST/AI/Lib/NetworkRuntime1201_CM4_GCC.a\NetworkRuntime1201_CM4_GCC.a(stai_debug.o)
                0x08006630                stai_get_return_code_name
 .text.stai_runtime_init
                0x08006864        0x4 ../../Middlewares/ST/AI/Lib/NetworkRuntime1201_CM4_GCC.a\NetworkRuntime1201_CM4_GCC.a(stai_internal.o)
                0x08006864                stai_runtime_init
 .text.forward_slice
                0x08006868      0x27c ../../Middlewares/ST/AI/Lib/NetworkRuntime1201_CM4_GCC.a\NetworkRuntime1201_CM4_GCC.a(layers_generic_float.o)
                0x08006868                forward_slice
 .text.forward_concat
                0x08006ae4      0x9f8 ../../Middlewares/ST/AI/Lib/NetworkRuntime1201_CM4_GCC.a\NetworkRuntime1201_CM4_GCC.a(layers_generic_float.o)
                0x08006ae4                forward_concat
 .text.forward_lite_dense_if32of32wf32
                0x080074dc      0x3b4 ../../Middlewares/ST/AI/Lib/NetworkRuntime1201_CM4_GCC.a\NetworkRuntime1201_CM4_GCC.a(lite_dense_if32.o)
                0x080074dc                forward_lite_dense_if32of32wf32
 .text.forward_lite_nl_sigmoid_if32of32
                0x08007890       0x44 ../../Middlewares/ST/AI/Lib/NetworkRuntime1201_CM4_GCC.a\NetworkRuntime1201_CM4_GCC.a(lite_nl_generic_float.o)
                0x08007890                forward_lite_nl_sigmoid_if32of32
 .text.forward_lite_nl_relu_if32of32
                0x080078d4       0x38 ../../Middlewares/ST/AI/Lib/NetworkRuntime1201_CM4_GCC.a\NetworkRuntime1201_CM4_GCC.a(lite_nl_generic_float.o)
                0x080078d4                forward_lite_nl_relu_if32of32
 .text.st_int8_copy
                0x0800790c      0x13c ../../Middlewares/ST/AI/Lib/NetworkRuntime1201_CM4_GCC.a\NetworkRuntime1201_CM4_GCC.a(st_int8_fill.o)
                0x0800790c                st_int8_copy
 .text.ai_array_get_byte_size
                0x08007a48       0x3c ../../Middlewares/ST/AI/Lib/NetworkRuntime1201_CM4_GCC.a\NetworkRuntime1201_CM4_GCC.a(ai_datatypes_format.o)
                0x08007a48                ai_array_get_byte_size
 .text.memset   0x08007a84       0x10 C:/ST/STM32CubeIDE_2.1.1/STM32CubeIDE/plugins/com.st.stm32cube.ide.mcu.externaltools.gnu-tools-for-stm32.14.3.rel1.win32_1.0.100.202602081740/tools/bin/../lib/gcc/arm-none-eabi/14.3.1/../../../../arm-none-eabi/lib/thumb/v7e-m/nofp\libc_nano.a(libc_a-memset.o)
                0x08007a84                memset
 .text.__errno  0x08007a94        0xc C:/ST/STM32CubeIDE_2.1.1/STM32CubeIDE/plugins/com.st.stm32cube.ide.mcu.externaltools.gnu-tools-for-stm32.14.3.rel1.win32_1.0.100.202602081740/tools/bin/../lib/gcc/arm-none-eabi/14.3.1/../../../../arm-none-eabi/lib/thumb/v7e-m/nofp\libc_nano.a(libc_a-errno.o)
                0x08007a94                __errno
 .text.__libc_init_array
                0x08007aa0       0x48 C:/ST/STM32CubeIDE_2.1.1/STM32CubeIDE/plugins/com.st.stm32cube.ide.mcu.externaltools.gnu-tools-for-stm32.14.3.rel1.win32_1.0.100.202602081740/tools/bin/../lib/gcc/arm-none-eabi/14.3.1/../../../../arm-none-eabi/lib/thumb/v7e-m/nofp\libc_nano.a(libc_a-init.o)
                0x08007aa0                __libc_init_array
 .text.memcpy   0x08007ae8       0x1c C:/ST/STM32CubeIDE_2.1.1/STM32CubeIDE/plugins/com.st.stm32cube.ide.mcu.externaltools.gnu-tools-for-stm32.14.3.rel1.win32_1.0.100.202602081740/tools/bin/../lib/gcc/arm-none-eabi/14.3.1/../../../../arm-none-eabi/lib/thumb/v7e-m/nofp\libc_nano.a(libc_a-memcpy-stub.o)
                0x08007ae8                memcpy
 .text.expf     0x08007b04       0x50 C:/ST/STM32CubeIDE_2.1.1/STM32CubeIDE/plugins/com.st.stm32cube.ide.mcu.externaltools.gnu-tools-for-stm32.14.3.rel1.win32_1.0.100.202602081740/tools/bin/../lib/gcc/arm-none-eabi/14.3.1/../../../../arm-none-eabi/lib/thumb/v7e-m/nofp\libm.a(libm_a-wf_exp.o)
                0x08007b04                expf
 .text.finitef  0x08007b54       0x10 C:/ST/STM32CubeIDE_2.1.1/STM32CubeIDE/plugins/com.st.stm32cube.ide.mcu.externaltools.gnu-tools-for-stm32.14.3.rel1.win32_1.0.100.202602081740/tools/bin/../lib/gcc/arm-none-eabi/14.3.1/../../../../arm-none-eabi/lib/thumb/v7e-m/nofp\libm.a(libm_a-sf_finite.o)
                0x08007b54                finitef
 .text.with_errnof
                0x08007b64       0x14 C:/ST/STM32CubeIDE_2.1.1/STM32CubeIDE/plugins/com.st.stm32cube.ide.mcu.externaltools.gnu-tools-for-stm32.14.3.rel1.win32_1.0.100.202602081740/tools/bin/../lib/gcc/arm-none-eabi/14.3.1/../../../../arm-none-eabi/lib/thumb/v7e-m/nofp\libm.a(libm_a-math_errf.o)
 .text.xflowf   0x08007b78       0x28 C:/ST/STM32CubeIDE_2.1.1/STM32CubeIDE/plugins/com.st.stm32cube.ide.mcu.externaltools.gnu-tools-for-stm32.14.3.rel1.win32_1.0.100.202602081740/tools/bin/../lib/gcc/arm-none-eabi/14.3.1/../../../../arm-none-eabi/lib/thumb/v7e-m/nofp\libm.a(libm_a-math_errf.o)
 .text.__math_uflowf
                0x08007ba0        0x8 C:/ST/STM32CubeIDE_2.1.1/STM32CubeIDE/plugins/com.st.stm32cube.ide.mcu.externaltools.gnu-tools-for-stm32.14.3.rel1.win32_1.0.100.202602081740/tools/bin/../lib/gcc/arm-none-eabi/14.3.1/../../../../arm-none-eabi/lib/thumb/v7e-m/nofp\libm.a(libm_a-math_errf.o)
                0x08007ba0                __math_uflowf
 .text.__math_oflowf
                0x08007ba8        0x8 C:/ST/STM32CubeIDE_2.1.1/STM32CubeIDE/plugins/com.st.stm32cube.ide.mcu.externaltools.gnu-tools-for-stm32.14.3.rel1.win32_1.0.100.202602081740/tools/bin/../lib/gcc/arm-none-eabi/14.3.1/../../../../arm-none-eabi/lib/thumb/v7e-m/nofp\libm.a(libm_a-math_errf.o)
                0x08007ba8                __math_oflowf
 .text.__ieee754_expf
                0x08007bb0      0x244 C:/ST/STM32CubeIDE_2.1.1/STM32CubeIDE/plugins/com.st.stm32cube.ide.mcu.externaltools.gnu-tools-for-stm32.14.3.rel1.win32_1.0.100.202602081740/tools/bin/../lib/gcc/arm-none-eabi/14.3.1/../../../../arm-none-eabi/lib/thumb/v7e-m/nofp\libm.a(libm_a-ef_exp.o)
                0x08007bb0                __ieee754_expf
 *(.glue_7)
 .glue_7        0x08007df4        0x0 linker stubs
 *(.glue_7t)
 .glue_7t       0x08007df4        0x0 linker stubs
 *(.eh_frame)
 .eh_frame      0x08007df4        0x0 C:/ST/STM32CubeIDE_2.1.1/STM32CubeIDE/plugins/com.st.stm32cube.ide.mcu.externaltools.gnu-tools-for-stm32.14.3.rel1.win32_1.0.100.202602081740/tools/bin/../lib/gcc/arm-none-eabi/14.3.1/thumb/v7e-m/nofp/crtbegin.o
 *(.init)
 .init          0x08007df4        0x4 C:/ST/STM32CubeIDE_2.1.1/STM32CubeIDE/plugins/com.st.stm32cube.ide.mcu.externaltools.gnu-tools-for-stm32.14.3.rel1.win32_1.0.100.202602081740/tools/bin/../lib/gcc/arm-none-eabi/14.3.1/thumb/v7e-m/nofp/crti.o
                0x08007df4                _init
 .init          0x08007df8        0x8 C:/ST/STM32CubeIDE_2.1.1/STM32CubeIDE/plugins/com.st.stm32cube.ide.mcu.externaltools.gnu-tools-for-stm32.14.3.rel1.win32_1.0.100.202602081740/tools/bin/../lib/gcc/arm-none-eabi/14.3.1/thumb/v7e-m/nofp/crtn.o
 *(.fini)
 .fini          0x08007e00        0x4 C:/ST/STM32CubeIDE_2.1.1/STM32CubeIDE/plugins/com.st.stm32cube.ide.mcu.externaltools.gnu-tools-for-stm32.14.3.rel1.win32_1.0.100.202602081740/tools/bin/../lib/gcc/arm-none-eabi/14.3.1/thumb/v7e-m/nofp/crti.o
                0x08007e00                _fini
 .fini          0x08007e04        0x8 C:/ST/STM32CubeIDE_2.1.1/STM32CubeIDE/plugins/com.st.stm32cube.ide.mcu.externaltools.gnu-tools-for-stm32.14.3.rel1.win32_1.0.100.202602081740/tools/bin/../lib/gcc/arm-none-eabi/14.3.1/thumb/v7e-m/nofp/crtn.o
                0x08007e0c                        . = ALIGN (0x4)
                0x08007e0c                        _etext = .

.vfp11_veneer   0x08007e0c        0x0
 .vfp11_veneer  0x08007e0c        0x0 linker stubs

.v4_bx          0x08007e0c        0x0
 .v4_bx         0x08007e0c        0x0 linker stubs

.iplt           0x08007e0c        0x0
 .iplt          0x08007e0c        0x0 C:/ST/STM32CubeIDE_2.1.1/STM32CubeIDE/plugins/com.st.stm32cube.ide.mcu.externaltools.gnu-tools-for-stm32.14.3.rel1.win32_1.0.100.202602081740/tools/bin/../lib/gcc/arm-none-eabi/14.3.1/thumb/v7e-m/nofp/crtbegin.o

.rodata         0x08007e10     0x7e14
                0x08007e10                        . = ALIGN (0x4)
 *(.rodata)
 .rodata        0x08007e10      0x13b ./AI/App/app_x-cube-ai.o
 *fill*         0x08007f4b        0x1 
 .rodata        0x08007f4c       0x1c ./Drivers/STM32WLxx_HAL_Driver/stm32wlxx_hal_rcc.o
 .rodata        0x08007f68        0x7 ./Middlewares/ST/AI/Misc/Src/lc_print.o
 *(.rodata*)
 *fill*         0x08007f6f        0x1 
 .rodata.slice_0_axes_data
                0x08007f70        0x1 ./AI/App/network.o
 *fill*         0x08007f71        0x3 
 .rodata.slice_0_axes
                0x08007f74       0x10 ./AI/App/network.o
 .rodata.slice_0_starts_data
                0x08007f84        0x2 ./AI/App/network.o
 *fill*         0x08007f86        0x2 
 .rodata.slice_0_starts
                0x08007f88       0x10 ./AI/App/network.o
 .rodata.slice_0_ends_data
                0x08007f98        0x2 ./AI/App/network.o
 *fill*         0x08007f9a        0x2 
 .rodata.slice_0_ends
                0x08007f9c       0x10 ./AI/App/network.o
 .rodata.slice_0_chain
                0x08007fac        0x8 ./AI/App/network.o
 .rodata.concat_9_chain
                0x08007fb4        0x8 ./AI/App/network.o
 *fill*         0x08007fbc        0x4 
 .rodata._network_context.0
                0x08007fc0       0x30 ./AI/App/network.o
 .rodata.g_network_weights_array
                0x08007ff0     0x7808 ./AI/App/network_data.o
                0x08007ff0                g_network_weights_array
 .rodata.AHBPrescTable
                0x0800f7f8       0x40 ./Drivers/CMSIS/system_stm32wlxx.o
                0x0800f7f8                AHBPrescTable
 .rodata.APBPrescTable
                0x0800f838       0x20 ./Drivers/CMSIS/system_stm32wlxx.o
                0x0800f838                APBPrescTable
 .rodata.MSIRangeTable
                0x0800f858       0x40 ./Drivers/CMSIS/system_stm32wlxx.o
                0x0800f858                MSIRangeTable
 .rodata.UARTPrescTable
                0x0800f898       0x18 ./Drivers/STM32WLxx_HAL_Driver/stm32wlxx_hal_uart.o
                0x0800f898                UARTPrescTable
 .rodata.numerator.1
                0x0800f8b0        0x8 ./Drivers/STM32WLxx_HAL_Driver/stm32wlxx_hal_uart_ex.o
 .rodata.denominator.0
                0x0800f8b8        0x8 ./Drivers/STM32WLxx_HAL_Driver/stm32wlxx_hal_uart_ex.o
 .rodata.stai_get_return_code_name.str1.4
                0x0800f8c0      0x349 ../../Middlewares/ST/AI/Lib/NetworkRuntime1201_CM4_GCC.a\NetworkRuntime1201_CM4_GCC.a(stai_debug.o)
 *fill*         0x0800fc09        0x3 
 .rodata.ln2LO  0x0800fc0c        0x8 C:/ST/STM32CubeIDE_2.1.1/STM32CubeIDE/plugins/com.st.stm32cube.ide.mcu.externaltools.gnu-tools-for-stm32.14.3.rel1.win32_1.0.100.202602081740/tools/bin/../lib/gcc/arm-none-eabi/14.3.1/../../../../arm-none-eabi/lib/thumb/v7e-m/nofp\libm.a(libm_a-ef_exp.o)
 .rodata.ln2HI  0x0800fc14        0x8 C:/ST/STM32CubeIDE_2.1.1/STM32CubeIDE/plugins/com.st.stm32cube.ide.mcu.externaltools.gnu-tools-for-stm32.14.3.rel1.win32_1.0.100.202602081740/tools/bin/../lib/gcc/arm-none-eabi/14.3.1/../../../../arm-none-eabi/lib/thumb/v7e-m/nofp\libm.a(libm_a-ef_exp.o)
 .rodata.halF   0x0800fc1c        0x8 C:/ST/STM32CubeIDE_2.1.1/STM32CubeIDE/plugins/com.st.stm32cube.ide.mcu.externaltools.gnu-tools-for-stm32.14.3.rel1.win32_1.0.100.202602081740/tools/bin/../lib/gcc/arm-none-eabi/14.3.1/../../../../arm-none-eabi/lib/thumb/v7e-m/nofp\libm.a(libm_a-ef_exp.o)
                0x0800fc24                        . = ALIGN (0x4)

.ARM.extab      0x0800fc24        0x0
                0x0800fc24                        . = ALIGN (0x4)
 *(.ARM.extab* .gnu.linkonce.armextab.*)
                0x0800fc24                        . = ALIGN (0x4)

.ARM            0x0800fc24        0x8
                0x0800fc24                        . = ALIGN (0x4)
                0x0800fc24                        __exidx_start = .
 *(.ARM.exidx*)
 .ARM.exidx     0x0800fc24        0x8 C:/ST/STM32CubeIDE_2.1.1/STM32CubeIDE/plugins/com.st.stm32cube.ide.mcu.externaltools.gnu-tools-for-stm32.14.3.rel1.win32_1.0.100.202602081740/tools/bin/../lib/gcc/arm-none-eabi/14.3.1/../../../../arm-none-eabi/lib/thumb/v7e-m/nofp\libc_nano.a(libc_a-strlen.o)
 .ARM.exidx     0x0800fc2c        0x0 C:/ST/STM32CubeIDE_2.1.1/STM32CubeIDE/plugins/com.st.stm32cube.ide.mcu.externaltools.gnu-tools-for-stm32.14.3.rel1.win32_1.0.100.202602081740/tools/bin/../lib/gcc/arm-none-eabi/14.3.1/thumb/v7e-m/nofp\libgcc.a(_udivmoddi4.o)
                                  0x8 (size before relaxing)
                0x0800fc2c                        __exidx_end = .
                0x0800fc2c                        . = ALIGN (0x4)

.preinit_array  0x0800fc2c        0x0
                0x0800fc2c                        . = ALIGN (0x4)
                0x0800fc2c                        PROVIDE (__preinit_array_start = .)
 *(.preinit_array*)
                0x0800fc2c                        PROVIDE (__preinit_array_end = .)
                0x0800fc2c                        . = ALIGN (0x4)

.init_array     0x0800fc2c        0x4
                0x0800fc2c                        . = ALIGN (0x4)
                0x0800fc2c                        PROVIDE (__init_array_start = .)
 *(SORT_BY_NAME(.init_array.*))
 *(.init_array*)
 .init_array    0x0800fc2c        0x4 C:/ST/STM32CubeIDE_2.1.1/STM32CubeIDE/plugins/com.st.stm32cube.ide.mcu.externaltools.gnu-tools-for-stm32.14.3.rel1.win32_1.0.100.202602081740/tools/bin/../lib/gcc/arm-none-eabi/14.3.1/thumb/v7e-m/nofp/crtbegin.o
                0x0800fc30                        PROVIDE (__init_array_end = .)
                0x0800fc30                        . = ALIGN (0x4)

.fini_array     0x0800fc30        0x4
                0x0800fc30                        . = ALIGN (0x4)
                [!provide]                        PROVIDE (__fini_array_start = .)
 *(SORT_BY_NAME(.fini_array.*))
 *(.fini_array*)
 .fini_array    0x0800fc30        0x4 C:/ST/STM32CubeIDE_2.1.1/STM32CubeIDE/plugins/com.st.stm32cube.ide.mcu.externaltools.gnu-tools-for-stm32.14.3.rel1.win32_1.0.100.202602081740/tools/bin/../lib/gcc/arm-none-eabi/14.3.1/thumb/v7e-m/nofp/crtbegin.o
                [!provide]                        PROVIDE (__fini_array_end = .)
                0x0800fc34                        . = ALIGN (0x4)
                0x0800fc34                        _sidata = LOADADDR (.data)

.rel.dyn        0x0800fc34        0x0
 .rel.iplt      0x0800fc34        0x0 C:/ST/STM32CubeIDE_2.1.1/STM32CubeIDE/plugins/com.st.stm32cube.ide.mcu.externaltools.gnu-tools-for-stm32.14.3.rel1.win32_1.0.100.202602081740/tools/bin/../lib/gcc/arm-none-eabi/14.3.1/thumb/v7e-m/nofp/crtbegin.o

.data           0x200001dc      0x298 load address 0x0800fc34
                0x200001dc                        . = ALIGN (0x4)
                0x200001dc                        _sdata = .
 *(.data)
 *(.data*)
 .data.data_activations
                0x200001dc        0x4 ./AI/App/app_x-cube-ai.o
                0x200001dc                data_activations
 .data.serving_default_features0_output_array
                0x200001e0       0x10 ./AI/App/network.o
 .data.slice_0_output_array
                0x200001f0       0x10 ./AI/App/network.o
 .data.nl_5_output_array
                0x20000200       0x10 ./AI/App/network.o
 .data.gemm_8_output_array
                0x20000210       0x10 ./AI/App/network.o
 .data.concat_9_output_array
                0x20000220       0x10 ./AI/App/network.o
 .data.__compound_literal.56
                0x20000230       0x10 ./AI/App/network.o
 .data.__compound_literal.57
                0x20000240       0x10 ./AI/App/network.o
 .data.serving_default_features0_output
                0x20000250       0x1c ./AI/App/network.o
 .data.__compound_literal.58
                0x2000026c       0x10 ./AI/App/network.o
 .data.__compound_literal.59
                0x2000027c       0x10 ./AI/App/network.o
 .data.slice_0_output
                0x2000028c       0x1c ./AI/App/network.o
 .data.__compound_literal.60
                0x200002a8       0x10 ./AI/App/network.o
 .data.__compound_literal.61
                0x200002b8       0x10 ./AI/App/network.o
 .data.concat_9_output
                0x200002c8       0x1c ./AI/App/network.o
 .data.__compound_literal.62
                0x200002e4       0x10 ./AI/App/network.o
 .data.__compound_literal.63
                0x200002f4       0x10 ./AI/App/network.o
 .data.gemm_8_output
                0x20000304       0x1c ./AI/App/network.o
 .data.__compound_literal.64
                0x20000320       0x10 ./AI/App/network.o
 .data.__compound_literal.65
                0x20000330       0x10 ./AI/App/network.o
 .data.nl_5_output
                0x20000340       0x1c ./AI/App/network.o
 .data.__compound_literal.66
                0x2000035c        0x4 ./AI/App/network.o
 .data.__compound_literal.67
                0x20000360        0x4 ./AI/App/network.o
 .data.__compound_literal.70
                0x20000364       0x30 ./AI/App/network.o
 .data.slice_0_layer
                0x20000394       0x28 ./AI/App/network.o
 .data.__compound_literal.71
                0x200003bc        0x8 ./AI/App/network.o
 .data.__compound_literal.72
                0x200003c4        0x4 ./AI/App/network.o
 .data.__compound_literal.75
                0x200003c8       0x30 ./AI/App/network.o
 .data.concat_9_layer
                0x200003f8       0x20 ./AI/App/network.o
 .data.SystemCoreClock
                0x20000418        0x4 ./Drivers/CMSIS/system_stm32wlxx.o
                0x20000418                SystemCoreClock
 .data.uwTickPrio
                0x2000041c        0x4 ./Drivers/STM32WLxx_HAL_Driver/stm32wlxx_hal.o
                0x2000041c                uwTickPrio
 .data.uwTickFreq
                0x20000420        0x1 ./Drivers/STM32WLxx_HAL_Driver/stm32wlxx_hal.o
                0x20000420                uwTickFreq
 .data._ioWriteAllowed
                0x20000421        0x1 ./Middlewares/ST/AI/Misc/Src/aiTestUtility.o
 *fill*         0x20000422        0x2 
 .data._impure_ptr
                0x20000424        0x4 C:/ST/STM32CubeIDE_2.1.1/STM32CubeIDE/plugins/com.st.stm32cube.ide.mcu.externaltools.gnu-tools-for-stm32.14.3.rel1.win32_1.0.100.202602081740/tools/bin/../lib/gcc/arm-none-eabi/14.3.1/../../../../arm-none-eabi/lib/thumb/v7e-m/nofp\libc_nano.a(libc_a-impure.o)
                0x20000424                _impure_ptr
 .data._impure_data
                0x20000428       0x4c C:/ST/STM32CubeIDE_2.1.1/STM32CubeIDE/plugins/com.st.stm32cube.ide.mcu.externaltools.gnu-tools-for-stm32.14.3.rel1.win32_1.0.100.202602081740/tools/bin/../lib/gcc/arm-none-eabi/14.3.1/../../../../arm-none-eabi/lib/thumb/v7e-m/nofp\libc_nano.a(libc_a-impure.o)
                0x20000428                _impure_data
 *(.RamFunc)
 *(.RamFunc*)
                0x20000474                        . = ALIGN (0x4)
                0x20000474                        _edata = .

.igot.plt       0x20000474        0x0 load address 0x0800fecc
 .igot.plt      0x20000474        0x0 C:/ST/STM32CubeIDE_2.1.1/STM32CubeIDE/plugins/com.st.stm32cube.ide.mcu.externaltools.gnu-tools-for-stm32.14.3.rel1.win32_1.0.100.202602081740/tools/bin/../lib/gcc/arm-none-eabi/14.3.1/thumb/v7e-m/nofp/crtbegin.o
                0x20000474                        . = ALIGN (0x4)

.bss            0x20000478      0x254 load address 0x0800fecc
                0x20000478                        _sbss = .
                0x20000478                        __bss_start__ = _sbss
 *(.bss)
 .bss           0x20000478       0x1c C:/ST/STM32CubeIDE_2.1.1/STM32CubeIDE/plugins/com.st.stm32cube.ide.mcu.externaltools.gnu-tools-for-stm32.14.3.rel1.win32_1.0.100.202602081740/tools/bin/../lib/gcc/arm-none-eabi/14.3.1/thumb/v7e-m/nofp/crtbegin.o
 *(.bss*)
 *fill*         0x20000494        0x4 
 .bss.network_context
                0x20000498       0x30 ./AI/App/app_x-cube-ai.o
                0x20000498                network_context
 .bss.in_length
                0x200004c8        0x4 ./AI/App/app_x-cube-ai.o
 .bss.out_length
                0x200004cc        0x4 ./AI/App/app_x-cube-ai.o
 .bss.stai_input
                0x200004d0        0x4 ./AI/App/app_x-cube-ai.o
 .bss.stai_output
                0x200004d4        0x4 ./AI/App/app_x-cube-ai.o
 .bss.inference_nb.1
                0x200004d8        0x4 ./AI/App/app_x-cube-ai.o
 .bss.total_cycles.0
                0x200004dc        0x4 ./AI/App/app_x-cube-ai.o
 .bss.__compound_literal.68
                0x200004e0        0x4 ./AI/App/network.o
 .bss.__compound_literal.69
                0x200004e4        0x4 ./AI/App/network.o
 .bss.__compound_literal.73
                0x200004e8        0x4 ./AI/App/network.o
 .bss.__compound_literal.74
                0x200004ec        0x4 ./AI/App/network.o
 .bss.huart1    0x200004f0       0x94 ./Application/User/Core/main.o
                0x200004f0                huart1
 .bss.uwTick    0x20000584        0x4 ./Drivers/STM32WLxx_HAL_Driver/stm32wlxx_hal.o
                0x20000584                uwTick
 .bss.cyclesCount
                0x20000588        0xc ./Middlewares/ST/AI/Misc/Src/aiTestUtility.o
                0x20000588                cyclesCount
 .bss.__sf      0x20000594      0x138 C:/ST/STM32CubeIDE_2.1.1/STM32CubeIDE/plugins/com.st.stm32cube.ide.mcu.externaltools.gnu-tools-for-stm32.14.3.rel1.win32_1.0.100.202602081740/tools/bin/../lib/gcc/arm-none-eabi/14.3.1/../../../../arm-none-eabi/lib/thumb/v7e-m/nofp\libc_nano.a(libc_a-findfp.o)
                0x20000594                __sf
 *(COMMON)
                0x200006cc                        . = ALIGN (0x4)
                0x200006cc                        _ebss = .
                0x200006cc                        __bss_end__ = _ebss

._user_heap_stack
                0x200006cc     0x2804 load address 0x0800fecc
                0x200006d0                        . = ALIGN (0x8)
 *fill*         0x200006cc        0x4 
                [!provide]                        PROVIDE (end = .)
                0x200006d0                        PROVIDE (_end = .)
                0x20000ed0                        . = (. + _Min_Heap_Size)
 *fill*         0x200006d0      0x800 
                0x20002ed0                        . = (. + _Min_Stack_Size)
 *fill*         0x20000ed0     0x2000 
                0x20002ed0                        . = ALIGN (0x8)

/DISCARD/
 libc.a(*)
 libm.a(*)
 libgcc.a(*)

.ARM.attributes
                0x00000000       0x2a
 *(.ARM.attributes)
 .ARM.attributes
                0x00000000       0x1e C:/ST/STM32CubeIDE_2.1.1/STM32CubeIDE/plugins/com.st.stm32cube.ide.mcu.externaltools.gnu-tools-for-stm32.14.3.rel1.win32_1.0.100.202602081740/tools/bin/../lib/gcc/arm-none-eabi/14.3.1/thumb/v7e-m/nofp/crti.o
 .ARM.attributes
                0x0000001e       0x2e C:/ST/STM32CubeIDE_2.1.1/STM32CubeIDE/plugins/com.st.stm32cube.ide.mcu.externaltools.gnu-tools-for-stm32.14.3.rel1.win32_1.0.100.202602081740/tools/bin/../lib/gcc/arm-none-eabi/14.3.1/thumb/v7e-m/nofp/crtbegin.o
 .ARM.attributes
                0x0000004c       0x2e ./AI/App/app_x-cube-ai.o
 .ARM.attributes
                0x0000007a       0x2e ./AI/App/network.o
 .ARM.attributes
                0x000000a8       0x2e ./AI/App/network_data.o
 .ARM.attributes
                0x000000d6       0x2e ./AI/App/user_init.o
 .ARM.attributes
                0x00000104       0x2e ./Application/User/Core/main.o
 .ARM.attributes
                0x00000132       0x2e ./Application/User/Core/stm32wlxx_hal_msp.o
 .ARM.attributes
                0x00000160       0x2e ./Application/User/Core/stm32wlxx_it.o
 .ARM.attributes
                0x0000018e       0x21 ./Application/User/Startup/startup_stm32wle5jcix.o
 .ARM.attributes
                0x000001af       0x2e ./Drivers/CMSIS/system_stm32wlxx.o
 .ARM.attributes
                0x000001dd       0x2e ./Drivers/STM32WLxx_HAL_Driver/stm32wlxx_hal.o
 .ARM.attributes
                0x0000020b       0x2e ./Drivers/STM32WLxx_HAL_Driver/stm32wlxx_hal_cortex.o
 .ARM.attributes
                0x00000239       0x2e ./Drivers/STM32WLxx_HAL_Driver/stm32wlxx_hal_gpio.o
 .ARM.attributes
                0x00000267       0x2e ./Drivers/STM32WLxx_HAL_Driver/stm32wlxx_hal_pwr.o
 .ARM.attributes
                0x00000295       0x2e ./Drivers/STM32WLxx_HAL_Driver/stm32wlxx_hal_pwr_ex.o
 .ARM.attributes
                0x000002c3       0x2e ./Drivers/STM32WLxx_HAL_Driver/stm32wlxx_hal_rcc.o
 .ARM.attributes
                0x000002f1       0x2e ./Drivers/STM32WLxx_HAL_Driver/stm32wlxx_hal_rcc_ex.o
 .ARM.attributes
                0x0000031f       0x2e ./Drivers/STM32WLxx_HAL_Driver/stm32wlxx_hal_uart.o
 .ARM.attributes
                0x0000034d       0x2e ./Drivers/STM32WLxx_HAL_Driver/stm32wlxx_hal_uart_ex.o
 .ARM.attributes
                0x0000037b       0x2e ./Middlewares/ST/AI/Misc/Src/aiTestUtility.o
 .ARM.attributes
                0x000003a9       0x2e ./Middlewares/ST/AI/Misc/Src/ai_device_adaptor.o
 .ARM.attributes
                0x000003d7       0x2e ./Middlewares/ST/AI/Misc/Src/lc_print.o
 .ARM.attributes
                0x00000405       0x2a ../../Middlewares/ST/AI/Lib/NetworkRuntime1201_CM4_GCC.a\NetworkRuntime1201_CM4_GCC.a(stai_debug.o)
 .ARM.attributes
                0x0000042f       0x2a ../../Middlewares/ST/AI/Lib/NetworkRuntime1201_CM4_GCC.a\NetworkRuntime1201_CM4_GCC.a(stai_internal.o)
 .ARM.attributes
                0x00000459       0x2a ../../Middlewares/ST/AI/Lib/NetworkRuntime1201_CM4_GCC.a\NetworkRuntime1201_CM4_GCC.a(layers_generic_float.o)
 .ARM.attributes
                0x00000483       0x2a ../../Middlewares/ST/AI/Lib/NetworkRuntime1201_CM4_GCC.a\NetworkRuntime1201_CM4_GCC.a(lite_dense_if32.o)
 .ARM.attributes
                0x000004ad       0x2a ../../Middlewares/ST/AI/Lib/NetworkRuntime1201_CM4_GCC.a\NetworkRuntime1201_CM4_GCC.a(lite_nl_generic_float.o)
 .ARM.attributes
                0x000004d7       0x2a ../../Middlewares/ST/AI/Lib/NetworkRuntime1201_CM4_GCC.a\NetworkRuntime1201_CM4_GCC.a(st_int8_fill.o)
 .ARM.attributes
                0x00000501       0x2a ../../Middlewares/ST/AI/Lib/NetworkRuntime1201_CM4_GCC.a\NetworkRuntime1201_CM4_GCC.a(ai_datatypes_format.o)
 .ARM.attributes
                0x0000052b       0x2e C:/ST/STM32CubeIDE_2.1.1/STM32CubeIDE/plugins/com.st.stm32cube.ide.mcu.externaltools.gnu-tools-for-stm32.14.3.rel1.win32_1.0.100.202602081740/tools/bin/../lib/gcc/arm-none-eabi/14.3.1/../../../../arm-none-eabi/lib/thumb/v7e-m/nofp\libc_nano.a(libc_a-findfp.o)
 .ARM.attributes
                0x00000559       0x2e C:/ST/STM32CubeIDE_2.1.1/STM32CubeIDE/plugins/com.st.stm32cube.ide.mcu.externaltools.gnu-tools-for-stm32.14.3.rel1.win32_1.0.100.202602081740/tools/bin/../lib/gcc/arm-none-eabi/14.3.1/../../../../arm-none-eabi/lib/thumb/v7e-m/nofp\libc_nano.a(libc_a-memset.o)
 .ARM.attributes
                0x00000587       0x2e C:/ST/STM32CubeIDE_2.1.1/STM32CubeIDE/plugins/com.st.stm32cube.ide.mcu.externaltools.gnu-tools-for-stm32.14.3.rel1.win32_1.0.100.202602081740/tools/bin/../lib/gcc/arm-none-eabi/14.3.1/../../../../arm-none-eabi/lib/thumb/v7e-m/nofp\libc_nano.a(libc_a-impure.o)
 .ARM.attributes
                0x000005b5       0x2e C:/ST/STM32CubeIDE_2.1.1/STM32CubeIDE/plugins/com.st.stm32cube.ide.mcu.externaltools.gnu-tools-for-stm32.14.3.rel1.win32_1.0.100.202602081740/tools/bin/../lib/gcc/arm-none-eabi/14.3.1/../../../../arm-none-eabi/lib/thumb/v7e-m/nofp\libc_nano.a(libc_a-errno.o)
 .ARM.attributes
                0x000005e3       0x2e C:/ST/STM32CubeIDE_2.1.1/STM32CubeIDE/plugins/com.st.stm32cube.ide.mcu.externaltools.gnu-tools-for-stm32.14.3.rel1.win32_1.0.100.202602081740/tools/bin/../lib/gcc/arm-none-eabi/14.3.1/../../../../arm-none-eabi/lib/thumb/v7e-m/nofp\libc_nano.a(libc_a-init.o)
 .ARM.attributes
                0x00000611       0x2e C:/ST/STM32CubeIDE_2.1.1/STM32CubeIDE/plugins/com.st.stm32cube.ide.mcu.externaltools.gnu-tools-for-stm32.14.3.rel1.win32_1.0.100.202602081740/tools/bin/../lib/gcc/arm-none-eabi/14.3.1/../../../../arm-none-eabi/lib/thumb/v7e-m/nofp\libc_nano.a(libc_a-memcpy-stub.o)
 .ARM.attributes
                0x0000063f       0x17 C:/ST/STM32CubeIDE_2.1.1/STM32CubeIDE/plugins/com.st.stm32cube.ide.mcu.externaltools.gnu-tools-for-stm32.14.3.rel1.win32_1.0.100.202602081740/tools/bin/../lib/gcc/arm-none-eabi/14.3.1/../../../../arm-none-eabi/lib/thumb/v7e-m/nofp\libc_nano.a(libc_a-strlen.o)
 .ARM.attributes
                0x00000656       0x2e C:/ST/STM32CubeIDE_2.1.1/STM32CubeIDE/plugins/com.st.stm32cube.ide.mcu.externaltools.gnu-tools-for-stm32.14.3.rel1.win32_1.0.100.202602081740/tools/bin/../lib/gcc/arm-none-eabi/14.3.1/../../../../arm-none-eabi/lib/thumb/v7e-m/nofp\libm.a(libm_a-wf_exp.o)
 .ARM.attributes
                0x00000684       0x2e C:/ST/STM32CubeIDE_2.1.1/STM32CubeIDE/plugins/com.st.stm32cube.ide.mcu.externaltools.gnu-tools-for-stm32.14.3.rel1.win32_1.0.100.202602081740/tools/bin/../lib/gcc/arm-none-eabi/14.3.1/../../../../arm-none-eabi/lib/thumb/v7e-m/nofp\libm.a(libm_a-sf_finite.o)
 .ARM.attributes
                0x000006b2       0x2e C:/ST/STM32CubeIDE_2.1.1/STM32CubeIDE/plugins/com.st.stm32cube.ide.mcu.externaltools.gnu-tools-for-stm32.14.3.rel1.win32_1.0.100.202602081740/tools/bin/../lib/gcc/arm-none-eabi/14.3.1/../../../../arm-none-eabi/lib/thumb/v7e-m/nofp\libm.a(libm_a-math_errf.o)
 .ARM.attributes
                0x000006e0       0x2e C:/ST/STM32CubeIDE_2.1.1/STM32CubeIDE/plugins/com.st.stm32cube.ide.mcu.externaltools.gnu-tools-for-stm32.14.3.rel1.win32_1.0.100.202602081740/tools/bin/../lib/gcc/arm-none-eabi/14.3.1/../../../../arm-none-eabi/lib/thumb/v7e-m/nofp\libm.a(libm_a-ef_exp.o)
 .ARM.attributes
                0x0000070e       0x1e C:/ST/STM32CubeIDE_2.1.1/STM32CubeIDE/plugins/com.st.stm32cube.ide.mcu.externaltools.gnu-tools-for-stm32.14.3.rel1.win32_1.0.100.202602081740/tools/bin/../lib/gcc/arm-none-eabi/14.3.1/thumb/v7e-m/nofp\libgcc.a(_arm_addsubdf3.o)
 .ARM.attributes
                0x0000072c       0x1e C:/ST/STM32CubeIDE_2.1.1/STM32CubeIDE/plugins/com.st.stm32cube.ide.mcu.externaltools.gnu-tools-for-stm32.14.3.rel1.win32_1.0.100.202602081740/tools/bin/../lib/gcc/arm-none-eabi/14.3.1/thumb/v7e-m/nofp\libgcc.a(_arm_muldivdf3.o)
 .ARM.attributes
                0x0000074a       0x1e C:/ST/STM32CubeIDE_2.1.1/STM32CubeIDE/plugins/com.st.stm32cube.ide.mcu.externaltools.gnu-tools-for-stm32.14.3.rel1.win32_1.0.100.202602081740/tools/bin/../lib/gcc/arm-none-eabi/14.3.1/thumb/v7e-m/nofp\libgcc.a(_arm_cmpdf2.o)
 .ARM.attributes
                0x00000768       0x1e C:/ST/STM32CubeIDE_2.1.1/STM32CubeIDE/plugins/com.st.stm32cube.ide.mcu.externaltools.gnu-tools-for-stm32.14.3.rel1.win32_1.0.100.202602081740/tools/bin/../lib/gcc/arm-none-eabi/14.3.1/thumb/v7e-m/nofp\libgcc.a(_arm_addsubsf3.o)
 .ARM.attributes
                0x00000786       0x1e C:/ST/STM32CubeIDE_2.1.1/STM32CubeIDE/plugins/com.st.stm32cube.ide.mcu.externaltools.gnu-tools-for-stm32.14.3.rel1.win32_1.0.100.202602081740/tools/bin/../lib/gcc/arm-none-eabi/14.3.1/thumb/v7e-m/nofp\libgcc.a(_arm_muldivsf3.o)
 .ARM.attributes
                0x000007a4       0x1e C:/ST/STM32CubeIDE_2.1.1/STM32CubeIDE/plugins/com.st.stm32cube.ide.mcu.externaltools.gnu-tools-for-stm32.14.3.rel1.win32_1.0.100.202602081740/tools/bin/../lib/gcc/arm-none-eabi/14.3.1/thumb/v7e-m/nofp\libgcc.a(_arm_cmpsf2.o)
 .ARM.attributes
                0x000007c2       0x1e C:/ST/STM32CubeIDE_2.1.1/STM32CubeIDE/plugins/com.st.stm32cube.ide.mcu.externaltools.gnu-tools-for-stm32.14.3.rel1.win32_1.0.100.202602081740/tools/bin/../lib/gcc/arm-none-eabi/14.3.1/thumb/v7e-m/nofp\libgcc.a(_arm_fixsfsi.o)
 .ARM.attributes
                0x000007e0       0x1e C:/ST/STM32CubeIDE_2.1.1/STM32CubeIDE/plugins/com.st.stm32cube.ide.mcu.externaltools.gnu-tools-for-stm32.14.3.rel1.win32_1.0.100.202602081740/tools/bin/../lib/gcc/arm-none-eabi/14.3.1/thumb/v7e-m/nofp\libgcc.a(_aeabi_uldivmod.o)
 .ARM.attributes
                0x000007fe       0x2e C:/ST/STM32CubeIDE_2.1.1/STM32CubeIDE/plugins/com.st.stm32cube.ide.mcu.externaltools.gnu-tools-for-stm32.14.3.rel1.win32_1.0.100.202602081740/tools/bin/../lib/gcc/arm-none-eabi/14.3.1/thumb/v7e-m/nofp\libgcc.a(_fixunsdfdi.o)
 .ARM.attributes
                0x0000082c       0x2e C:/ST/STM32CubeIDE_2.1.1/STM32CubeIDE/plugins/com.st.stm32cube.ide.mcu.externaltools.gnu-tools-for-stm32.14.3.rel1.win32_1.0.100.202602081740/tools/bin/../lib/gcc/arm-none-eabi/14.3.1/thumb/v7e-m/nofp\libgcc.a(_udivmoddi4.o)
 .ARM.attributes
                0x0000085a       0x1e C:/ST/STM32CubeIDE_2.1.1/STM32CubeIDE/plugins/com.st.stm32cube.ide.mcu.externaltools.gnu-tools-for-stm32.14.3.rel1.win32_1.0.100.202602081740/tools/bin/../lib/gcc/arm-none-eabi/14.3.1/thumb/v7e-m/nofp\libgcc.a(_dvmd_tls.o)
 .ARM.attributes
                0x00000878       0x1e C:/ST/STM32CubeIDE_2.1.1/STM32CubeIDE/plugins/com.st.stm32cube.ide.mcu.externaltools.gnu-tools-for-stm32.14.3.rel1.win32_1.0.100.202602081740/tools/bin/../lib/gcc/arm-none-eabi/14.3.1/thumb/v7e-m/nofp\libgcc.a(_arm_fixunsdfsi.o)
 .ARM.attributes
                0x00000896       0x1e C:/ST/STM32CubeIDE_2.1.1/STM32CubeIDE/plugins/com.st.stm32cube.ide.mcu.externaltools.gnu-tools-for-stm32.14.3.rel1.win32_1.0.100.202602081740/tools/bin/../lib/gcc/arm-none-eabi/14.3.1/thumb/v7e-m/nofp/crtn.o
OUTPUT(waterlevel1.elf elf32-littlearm)
LOAD linker stubs
LOAD C:/ST/STM32CubeIDE_2.1.1/STM32CubeIDE/plugins/com.st.stm32cube.ide.mcu.externaltools.gnu-tools-for-stm32.14.3.rel1.win32_1.0.100.202602081740/tools/bin/../lib/gcc/arm-none-eabi/14.3.1/../../../../arm-none-eabi/lib/thumb/v7e-m/nofp\libc.a
LOAD C:/ST/STM32CubeIDE_2.1.1/STM32CubeIDE/plugins/com.st.stm32cube.ide.mcu.externaltools.gnu-tools-for-stm32.14.3.rel1.win32_1.0.100.202602081740/tools/bin/../lib/gcc/arm-none-eabi/14.3.1/../../../../arm-none-eabi/lib/thumb/v7e-m/nofp\libm.a
LOAD C:/ST/STM32CubeIDE_2.1.1/STM32CubeIDE/plugins/com.st.stm32cube.ide.mcu.externaltools.gnu-tools-for-stm32.14.3.rel1.win32_1.0.100.202602081740/tools/bin/../lib/gcc/arm-none-eabi/14.3.1/thumb/v7e-m/nofp\libgcc.a

.debug_info     0x00000000    0x11c52
 .debug_info    0x00000000      0x894 ./AI/App/app_x-cube-ai.o
 .debug_info    0x00000894     0x2479 ./AI/App/network.o
 .debug_info    0x00002d0d       0xcc ./AI/App/network_data.o
 .debug_info    0x00002dd9      0x248 ./AI/App/user_init.o
 .debug_info    0x00003021      0xf33 ./Application/User/Core/main.o
 .debug_info    0x00003f54      0xd67 ./Application/User/Core/stm32wlxx_hal_msp.o
 .debug_info    0x00004cbb      0x157 ./Application/User/Core/stm32wlxx_it.o
 .debug_info    0x00004e12       0x30 ./Application/User/Startup/startup_stm32wle5jcix.o
 .debug_info    0x00004e42      0x413 ./Drivers/CMSIS/system_stm32wlxx.o
 .debug_info    0x00005255      0xe92 ./Drivers/STM32WLxx_HAL_Driver/stm32wlxx_hal.o
 .debug_info    0x000060e7      0xd27 ./Drivers/STM32WLxx_HAL_Driver/stm32wlxx_hal_cortex.o
 .debug_info    0x00006e0e      0x66b ./Drivers/STM32WLxx_HAL_Driver/stm32wlxx_hal_gpio.o
 .debug_info    0x00007479      0x85c ./Drivers/STM32WLxx_HAL_Driver/stm32wlxx_hal_pwr.o
 .debug_info    0x00007cd5      0xccb ./Drivers/STM32WLxx_HAL_Driver/stm32wlxx_hal_pwr_ex.o
 .debug_info    0x000089a0     0x11c5 ./Drivers/STM32WLxx_HAL_Driver/stm32wlxx_hal_rcc.o
 .debug_info    0x00009b65      0xd98 ./Drivers/STM32WLxx_HAL_Driver/stm32wlxx_hal_rcc_ex.o
 .debug_info    0x0000a8fd     0x4944 ./Drivers/STM32WLxx_HAL_Driver/stm32wlxx_hal_uart.o
 .debug_info    0x0000f241     0x1003 ./Drivers/STM32WLxx_HAL_Driver/stm32wlxx_hal_uart_ex.o
 .debug_info    0x00010244     0x126a ./Middlewares/ST/AI/Misc/Src/aiTestUtility.o
 .debug_info    0x000114ae      0x288 ./Middlewares/ST/AI/Misc/Src/ai_device_adaptor.o
 .debug_info    0x00011736      0x51c ./Middlewares/ST/AI/Misc/Src/lc_print.o

.debug_abbrev   0x00000000     0x2d64
 .debug_abbrev  0x00000000      0x2b3 ./AI/App/app_x-cube-ai.o
 .debug_abbrev  0x000002b3      0x390 ./AI/App/network.o
 .debug_abbrev  0x00000643       0x75 ./AI/App/network_data.o
 .debug_abbrev  0x000006b8       0xf8 ./AI/App/user_init.o
 .debug_abbrev  0x000007b0      0x27e ./Application/User/Core/main.o
 .debug_abbrev  0x00000a2e      0x233 ./Application/User/Core/stm32wlxx_hal_msp.o
 .debug_abbrev  0x00000c61       0xac ./Application/User/Core/stm32wlxx_it.o
 .debug_abbrev  0x00000d0d       0x24 ./Application/User/Startup/startup_stm32wle5jcix.o
 .debug_abbrev  0x00000d31      0x13d ./Drivers/CMSIS/system_stm32wlxx.o
 .debug_abbrev  0x00000e6e      0x31a ./Drivers/STM32WLxx_HAL_Driver/stm32wlxx_hal.o
 .debug_abbrev  0x00001188      0x2e8 ./Drivers/STM32WLxx_HAL_Driver/stm32wlxx_hal_cortex.o
 .debug_abbrev  0x00001470      0x1e7 ./Drivers/STM32WLxx_HAL_Driver/stm32wlxx_hal_gpio.o
 .debug_abbrev  0x00001657      0x209 ./Drivers/STM32WLxx_HAL_Driver/stm32wlxx_hal_pwr.o
 .debug_abbrev  0x00001860      0x2d3 ./Drivers/STM32WLxx_HAL_Driver/stm32wlxx_hal_pwr_ex.o
 .debug_abbrev  0x00001b33      0x32c ./Drivers/STM32WLxx_HAL_Driver/stm32wlxx_hal_rcc.o
 .debug_abbrev  0x00001e5f      0x2ca ./Drivers/STM32WLxx_HAL_Driver/stm32wlxx_hal_rcc_ex.o
 .debug_abbrev  0x00002129      0x351 ./Drivers/STM32WLxx_HAL_Driver/stm32wlxx_hal_uart.o
 .debug_abbrev  0x0000247a      0x2d2 ./Drivers/STM32WLxx_HAL_Driver/stm32wlxx_hal_uart_ex.o
 .debug_abbrev  0x0000274c      0x3b7 ./Middlewares/ST/AI/Misc/Src/aiTestUtility.o
 .debug_abbrev  0x00002b03       0xba ./Middlewares/ST/AI/Misc/Src/ai_device_adaptor.o
 .debug_abbrev  0x00002bbd      0x1a7 ./Middlewares/ST/AI/Misc/Src/lc_print.o

.debug_aranges  0x00000000     0x1100
 .debug_aranges
                0x00000000       0x78 ./AI/App/app_x-cube-ai.o
 .debug_aranges
                0x00000078       0xb8 ./AI/App/network.o
 .debug_aranges
                0x00000130       0x18 ./AI/App/network_data.o
 .debug_aranges
                0x00000148       0x20 ./AI/App/user_init.o
 .debug_aranges
                0x00000168       0x48 ./Application/User/Core/main.o
 .debug_aranges
                0x000001b0       0x48 ./Application/User/Core/stm32wlxx_hal_msp.o
 .debug_aranges
                0x000001f8       0x60 ./Application/User/Core/stm32wlxx_it.o
 .debug_aranges
                0x00000258       0x28 ./Application/User/Startup/startup_stm32wle5jcix.o
 .debug_aranges
                0x00000280       0x28 ./Drivers/CMSIS/system_stm32wlxx.o
 .debug_aranges
                0x000002a8      0x210 ./Drivers/STM32WLxx_HAL_Driver/stm32wlxx_hal.o
 .debug_aranges
                0x000004b8      0x128 ./Drivers/STM32WLxx_HAL_Driver/stm32wlxx_hal_cortex.o
 .debug_aranges
                0x000005e0       0x60 ./Drivers/STM32WLxx_HAL_Driver/stm32wlxx_hal_gpio.o
 .debug_aranges
                0x00000640       0xc8 ./Drivers/STM32WLxx_HAL_Driver/stm32wlxx_hal_pwr.o
 .debug_aranges
                0x00000708      0x1d0 ./Drivers/STM32WLxx_HAL_Driver/stm32wlxx_hal_pwr_ex.o
 .debug_aranges
                0x000008d8      0x210 ./Drivers/STM32WLxx_HAL_Driver/stm32wlxx_hal_rcc.o
 .debug_aranges
                0x00000ae8      0x1e8 ./Drivers/STM32WLxx_HAL_Driver/stm32wlxx_hal_rcc_ex.o
 .debug_aranges
                0x00000cd0      0x258 ./Drivers/STM32WLxx_HAL_Driver/stm32wlxx_hal_uart.o
 .debug_aranges
                0x00000f28       0xa8 ./Drivers/STM32WLxx_HAL_Driver/stm32wlxx_hal_uart_ex.o
 .debug_aranges
                0x00000fd0       0xd0 ./Middlewares/ST/AI/Misc/Src/aiTestUtility.o
 .debug_aranges
                0x000010a0       0x20 ./Middlewares/ST/AI/Misc/Src/ai_device_adaptor.o
 .debug_aranges
                0x000010c0       0x40 ./Middlewares/ST/AI/Misc/Src/lc_print.o

.debug_rnglists
                0x00000000      0xcd4
 .debug_rnglists
                0x00000000       0x58 ./AI/App/app_x-cube-ai.o
 .debug_rnglists
                0x00000058       0x93 ./AI/App/network.o
 .debug_rnglists
                0x000000eb       0x13 ./AI/App/user_init.o
 .debug_rnglists
                0x000000fe       0x33 ./Application/User/Core/main.o
 .debug_rnglists
                0x00000131       0x32 ./Application/User/Core/stm32wlxx_hal_msp.o
 .debug_rnglists
                0x00000163       0x43 ./Application/User/Core/stm32wlxx_it.o
 .debug_rnglists
                0x000001a6       0x19 ./Application/User/Startup/startup_stm32wle5jcix.o
 .debug_rnglists
                0x000001bf       0x1a ./Drivers/CMSIS/system_stm32wlxx.o
 .debug_rnglists
                0x000001d9      0x187 ./Drivers/STM32WLxx_HAL_Driver/stm32wlxx_hal.o
 .debug_rnglists
                0x00000360       0xd9 ./Drivers/STM32WLxx_HAL_Driver/stm32wlxx_hal_cortex.o
 .debug_rnglists
                0x00000439       0x45 ./Drivers/STM32WLxx_HAL_Driver/stm32wlxx_hal_gpio.o
 .debug_rnglists
                0x0000047e       0x91 ./Drivers/STM32WLxx_HAL_Driver/stm32wlxx_hal_pwr.o
 .debug_rnglists
                0x0000050f      0x15c ./Drivers/STM32WLxx_HAL_Driver/stm32wlxx_hal_pwr_ex.o
 .debug_rnglists
                0x0000066b      0x18d ./Drivers/STM32WLxx_HAL_Driver/stm32wlxx_hal_rcc.o
 .debug_rnglists
                0x000007f8      0x16e ./Drivers/STM32WLxx_HAL_Driver/stm32wlxx_hal_rcc_ex.o
 .debug_rnglists
                0x00000966      0x203 ./Drivers/STM32WLxx_HAL_Driver/stm32wlxx_hal_uart.o
 .debug_rnglists
                0x00000b69       0x7f ./Drivers/STM32WLxx_HAL_Driver/stm32wlxx_hal_uart_ex.o
 .debug_rnglists
                0x00000be8       0xaa ./Middlewares/ST/AI/Misc/Src/aiTestUtility.o
 .debug_rnglists
                0x00000c92       0x13 ./Middlewares/ST/AI/Misc/Src/ai_device_adaptor.o
 .debug_rnglists
                0x00000ca5       0x2f ./Middlewares/ST/AI/Misc/Src/lc_print.o

.debug_macro    0x00000000    0x1d5db
 .debug_macro   0x00000000      0x437 ./AI/App/app_x-cube-ai.o
 .debug_macro   0x00000437      0xad8 ./AI/App/app_x-cube-ai.o
 .debug_macro   0x00000f0f       0x22 ./AI/App/app_x-cube-ai.o
 .debug_macro   0x00000f31       0x8e ./AI/App/app_x-cube-ai.o
 .debug_macro   0x00000fbf       0x51 ./AI/App/app_x-cube-ai.o
 .debug_macro   0x00001010      0x103 ./AI/App/app_x-cube-ai.o
 .debug_macro   0x00001113       0x6a ./AI/App/app_x-cube-ai.o
 .debug_macro   0x0000117d      0x1df ./AI/App/app_x-cube-ai.o
 .debug_macro   0x0000135c       0x24 ./AI/App/app_x-cube-ai.o
 .debug_macro   0x00001380       0x61 ./AI/App/app_x-cube-ai.o
 .debug_macro   0x000013e1       0x43 ./AI/App/app_x-cube-ai.o
 .debug_macro   0x00001424       0x34 ./AI/App/app_x-cube-ai.o
 .debug_macro   0x00001458       0x16 ./AI/App/app_x-cube-ai.o
 .debug_macro   0x0000146e      0x11c ./AI/App/app_x-cube-ai.o
 .debug_macro   0x0000158a       0x9b ./AI/App/app_x-cube-ai.o
 .debug_macro   0x00001625      0x364 ./AI/App/app_x-cube-ai.o
 .debug_macro   0x00001989       0x16 ./AI/App/app_x-cube-ai.o
 .debug_macro   0x0000199f       0x4a ./AI/App/app_x-cube-ai.o
 .debug_macro   0x000019e9       0x34 ./AI/App/app_x-cube-ai.o
 .debug_macro   0x00001a1d       0x10 ./AI/App/app_x-cube-ai.o
 .debug_macro   0x00001a2d       0x58 ./AI/App/app_x-cube-ai.o
 .debug_macro   0x00001a85       0x8e ./AI/App/app_x-cube-ai.o
 .debug_macro   0x00001b13       0x1c ./AI/App/app_x-cube-ai.o
 .debug_macro   0x00001b2f      0x17e ./AI/App/app_x-cube-ai.o
 .debug_macro   0x00001cad       0x16 ./AI/App/app_x-cube-ai.o
 .debug_macro   0x00001cc3       0x29 ./AI/App/app_x-cube-ai.o
 .debug_macro   0x00001cec       0x1c ./AI/App/app_x-cube-ai.o
 .debug_macro   0x00001d08       0x3c ./AI/App/app_x-cube-ai.o
 .debug_macro   0x00001d44       0x10 ./AI/App/app_x-cube-ai.o
 .debug_macro   0x00001d54       0x1c ./AI/App/app_x-cube-ai.o
 .debug_macro   0x00001d70       0x16 ./AI/App/app_x-cube-ai.o
 .debug_macro   0x00001d86      0x146 ./AI/App/app_x-cube-ai.o
 .debug_macro   0x00001ecc       0x10 ./AI/App/app_x-cube-ai.o
 .debug_macro   0x00001edc      0x460 ./AI/App/app_x-cube-ai.o
 .debug_macro   0x0000233c       0x16 ./AI/App/app_x-cube-ai.o
 .debug_macro   0x00002352       0x20 ./AI/App/app_x-cube-ai.o
 .debug_macro   0x00002372       0x28 ./AI/App/app_x-cube-ai.o
 .debug_macro   0x0000239a       0x22 ./AI/App/app_x-cube-ai.o
 .debug_macro   0x000023bc       0xab ./AI/App/app_x-cube-ai.o
 .debug_macro   0x00002467      0x38a ./AI/App/app_x-cube-ai.o
 .debug_macro   0x000027f1       0x10 ./AI/App/app_x-cube-ai.o
 .debug_macro   0x00002801       0xc0 ./AI/App/app_x-cube-ai.o
 .debug_macro   0x000028c1       0x10 ./AI/App/app_x-cube-ai.o
 .debug_macro   0x000028d1      0x1b1 ./AI/App/app_x-cube-ai.o
 .debug_macro   0x00002a82       0x10 ./AI/App/app_x-cube-ai.o
 .debug_macro   0x00002a92       0xfb ./AI/App/app_x-cube-ai.o
 .debug_macro   0x00002b8d       0x59 ./AI/App/app_x-cube-ai.o
 .debug_macro   0x00002be6      0x11e ./AI/App/app_x-cube-ai.o
 .debug_macro   0x00002d04       0x2e ./AI/App/app_x-cube-ai.o
 .debug_macro   0x00002d32       0x34 ./AI/App/app_x-cube-ai.o
 .debug_macro   0x00002d66       0x1c ./AI/App/app_x-cube-ai.o
 .debug_macro   0x00002d82       0x22 ./AI/App/app_x-cube-ai.o
 .debug_macro   0x00002da4     0x1011 ./AI/App/app_x-cube-ai.o
 .debug_macro   0x00003db5      0x11f ./AI/App/app_x-cube-ai.o
 .debug_macro   0x00003ed4     0xce53 ./AI/App/app_x-cube-ai.o
 .debug_macro   0x00010d27       0x6d ./AI/App/app_x-cube-ai.o
 .debug_macro   0x00010d94     0x3432 ./AI/App/app_x-cube-ai.o
 .debug_macro   0x000141c6       0x56 ./AI/App/app_x-cube-ai.o
 .debug_macro   0x0001421c      0x416 ./AI/App/app_x-cube-ai.o
 .debug_macro   0x00014632      0x280 ./AI/App/app_x-cube-ai.o
 .debug_macro   0x000148b2      0x330 ./AI/App/app_x-cube-ai.o
 .debug_macro   0x00014be2      0x196 ./AI/App/app_x-cube-ai.o
 .debug_macro   0x00014d78       0x43 ./AI/App/app_x-cube-ai.o
 .debug_macro   0x00014dbb      0x238 ./AI/App/app_x-cube-ai.o
 .debug_macro   0x00014ff3      0x22a ./AI/App/app_x-cube-ai.o
 .debug_macro   0x0001521d      0x352 ./AI/App/app_x-cube-ai.o
 .debug_macro   0x0001556f       0x2e ./AI/App/app_x-cube-ai.o
 .debug_macro   0x0001559d       0xc1 ./AI/App/app_x-cube-ai.o
 .debug_macro   0x0001565e      0x1ba ./AI/App/app_x-cube-ai.o
 .debug_macro   0x00015818       0xe6 ./AI/App/app_x-cube-ai.o
 .debug_macro   0x000158fe      0x25f ./AI/App/app_x-cube-ai.o
 .debug_macro   0x00015b5d      0x133 ./AI/App/app_x-cube-ai.o
 .debug_macro   0x00015c90      0x33e ./AI/App/app_x-cube-ai.o
 .debug_macro   0x00015fce      0x67c ./AI/App/app_x-cube-ai.o
 .debug_macro   0x0001664a      0x113 ./AI/App/app_x-cube-ai.o
 .debug_macro   0x0001675d      0xf9f ./AI/App/app_x-cube-ai.o
 .debug_macro   0x000176fc      0x115 ./AI/App/app_x-cube-ai.o
 .debug_macro   0x00017811      0x2db ./AI/App/app_x-cube-ai.o
 .debug_macro   0x00017aec      0x693 ./AI/App/app_x-cube-ai.o
 .debug_macro   0x0001817f       0xa6 ./AI/App/app_x-cube-ai.o
 .debug_macro   0x00018225      0x269 ./AI/App/app_x-cube-ai.o
 .debug_macro   0x0001848e      0x293 ./AI/App/app_x-cube-ai.o
 .debug_macro   0x00018721       0x7b ./AI/App/app_x-cube-ai.o
 .debug_macro   0x0001879c       0x4c ./AI/App/app_x-cube-ai.o
 .debug_macro   0x000187e8       0x12 ./AI/App/app_x-cube-ai.o
 .debug_macro   0x000187fa       0x7c ./AI/App/app_x-cube-ai.o
 .debug_macro   0x00018876      0x67a ./AI/App/network.o
 .debug_macro   0x00018ef0      0x190 ./AI/App/network.o
 .debug_macro   0x00019080       0x3a ./AI/App/network.o
 .debug_macro   0x000190ba       0x46 ./AI/App/network.o
 .debug_macro   0x00019100      0x342 ./AI/App/network.o
 .debug_macro   0x00019442       0x16 ./AI/App/network.o
 .debug_macro   0x00019458       0x10 ./AI/App/network.o
 .debug_macro   0x00019468       0x22 ./AI/App/network.o
 .debug_macro   0x0001948a      0x229 ./AI/App/network.o
 .debug_macro   0x000196b3       0x2e ./AI/App/network.o
 .debug_macro   0x000196e1       0xcf ./AI/App/network.o
 .debug_macro   0x000197b0      0x1ed ./AI/App/network.o
 .debug_macro   0x0001999d       0x16 ./AI/App/network.o
 .debug_macro   0x000199b3       0x2e ./AI/App/network.o
 .debug_macro   0x000199e1       0xdc ./AI/App/network.o
 .debug_macro   0x00019abd       0x4d ./AI/App/network.o
 .debug_macro   0x00019b0a       0x25 ./AI/App/network.o
 .debug_macro   0x00019b2f       0x6d ./AI/App/network.o
 .debug_macro   0x00019b9c       0x16 ./AI/App/network.o
 .debug_macro   0x00019bb2       0x7c ./AI/App/network.o
 .debug_macro   0x00019c2e       0x22 ./AI/App/network.o
 .debug_macro   0x00019c50       0x10 ./AI/App/network.o
 .debug_macro   0x00019c60       0x10 ./AI/App/network.o
 .debug_macro   0x00019c70       0x11 ./AI/App/network.o
 .debug_macro   0x00019c81       0x2e ./AI/App/network.o
 .debug_macro   0x00019caf       0x2e ./AI/App/network.o
 .debug_macro   0x00019cdd      0x19b ./AI/App/network.o
 .debug_macro   0x00019e78       0x7c ./AI/App/network.o
 .debug_macro   0x00019ef4       0x17 ./AI/App/network.o
 .debug_macro   0x00019f0b      0x118 ./AI/App/network.o
 .debug_macro   0x0001a023      0x202 ./AI/App/network.o
 .debug_macro   0x0001a225       0x3a ./AI/App/network.o
 .debug_macro   0x0001a25f       0x16 ./AI/App/network.o
 .debug_macro   0x0001a275       0x16 ./AI/App/network.o
 .debug_macro   0x0001a28b       0x10 ./AI/App/network.o
 .debug_macro   0x0001a29b       0x93 ./AI/App/network_data.o
 .debug_macro   0x0001a32e      0x189 ./AI/App/user_init.o
 .debug_macro   0x0001a4b7      0x2e8 ./Application/User/Core/main.o
 .debug_macro   0x0001a79f       0x5c ./Application/User/Core/main.o
 .debug_macro   0x0001a7fb      0x384 ./Application/User/Core/main.o
 .debug_macro   0x0001ab7f      0x20f ./Application/User/Core/stm32wlxx_hal_msp.o
 .debug_macro   0x0001ad8e      0x219 ./Application/User/Core/stm32wlxx_it.o
 .debug_macro   0x0001afa7      0x205 ./Drivers/CMSIS/system_stm32wlxx.o
 .debug_macro   0x0001b1ac      0x229 ./Drivers/STM32WLxx_HAL_Driver/stm32wlxx_hal.o
 .debug_macro   0x0001b3d5      0x205 ./Drivers/STM32WLxx_HAL_Driver/stm32wlxx_hal_cortex.o
 .debug_macro   0x0001b5da      0x20b ./Drivers/STM32WLxx_HAL_Driver/stm32wlxx_hal_gpio.o
 .debug_macro   0x0001b7e5      0x253 ./Drivers/STM32WLxx_HAL_Driver/stm32wlxx_hal_pwr.o
 .debug_macro   0x0001ba38      0x217 ./Drivers/STM32WLxx_HAL_Driver/stm32wlxx_hal_pwr_ex.o
 .debug_macro   0x0001bc4f      0x265 ./Drivers/STM32WLxx_HAL_Driver/stm32wlxx_hal_rcc.o
 .debug_macro   0x0001beb4      0x217 ./Drivers/STM32WLxx_HAL_Driver/stm32wlxx_hal_rcc_ex.o
 .debug_macro   0x0001c0cb      0x230 ./Drivers/STM32WLxx_HAL_Driver/stm32wlxx_hal_uart.o
 .debug_macro   0x0001c2fb      0x211 ./Drivers/STM32WLxx_HAL_Driver/stm32wlxx_hal_uart_ex.o
 .debug_macro   0x0001c50c      0x565 ./Middlewares/ST/AI/Misc/Src/aiTestUtility.o
 .debug_macro   0x0001ca71       0x10 ./Middlewares/ST/AI/Misc/Src/aiTestUtility.o
 .debug_macro   0x0001ca81       0x16 ./Middlewares/ST/AI/Misc/Src/aiTestUtility.o
 .debug_macro   0x0001ca97       0xc1 ./Middlewares/ST/AI/Misc/Src/aiTestUtility.o
 .debug_macro   0x0001cb58      0x52f ./Middlewares/ST/AI/Misc/Src/aiTestUtility.o
 .debug_macro   0x0001d087      0x330 ./Middlewares/ST/AI/Misc/Src/ai_device_adaptor.o
 .debug_macro   0x0001d3b7       0x4b ./Middlewares/ST/AI/Misc/Src/ai_device_adaptor.o
 .debug_macro   0x0001d402       0x12 ./Middlewares/ST/AI/Misc/Src/ai_device_adaptor.o
 .debug_macro   0x0001d414       0x58 ./Middlewares/ST/AI/Misc/Src/ai_device_adaptor.o
 .debug_macro   0x0001d46c      0x16f ./Middlewares/ST/AI/Misc/Src/lc_print.o

.debug_line     0x00000000    0x13208
 .debug_line    0x00000000      0xca6 ./AI/App/app_x-cube-ai.o
 .debug_line    0x00000ca6     0x1b52 ./AI/App/network.o
 .debug_line    0x000027f8      0x482 ./AI/App/network_data.o
 .debug_line    0x00002c7a      0x61d ./AI/App/user_init.o
 .debug_line    0x00003297      0xadd ./Application/User/Core/main.o
 .debug_line    0x00003d74      0x8b7 ./Application/User/Core/stm32wlxx_hal_msp.o
 .debug_line    0x0000462b      0x8a7 ./Application/User/Core/stm32wlxx_it.o
 .debug_line    0x00004ed2       0x7b ./Application/User/Startup/startup_stm32wle5jcix.o
 .debug_line    0x00004f4d      0x88f ./Drivers/CMSIS/system_stm32wlxx.o
 .debug_line    0x000057dc      0xf00 ./Drivers/STM32WLxx_HAL_Driver/stm32wlxx_hal.o
 .debug_line    0x000066dc      0xd98 ./Drivers/STM32WLxx_HAL_Driver/stm32wlxx_hal_cortex.o
 .debug_line    0x00007474      0xbf7 ./Drivers/STM32WLxx_HAL_Driver/stm32wlxx_hal_gpio.o
 .debug_line    0x0000806b      0xa77 ./Drivers/STM32WLxx_HAL_Driver/stm32wlxx_hal_pwr.o
 .debug_line    0x00008ae2      0xe97 ./Drivers/STM32WLxx_HAL_Driver/stm32wlxx_hal_pwr_ex.o
 .debug_line    0x00009979     0x18d5 ./Drivers/STM32WLxx_HAL_Driver/stm32wlxx_hal_rcc.o
 .debug_line    0x0000b24e     0x1657 ./Drivers/STM32WLxx_HAL_Driver/stm32wlxx_hal_rcc_ex.o
 .debug_line    0x0000c8a5     0x366a ./Drivers/STM32WLxx_HAL_Driver/stm32wlxx_hal_uart.o
 .debug_line    0x0000ff0f      0xd62 ./Drivers/STM32WLxx_HAL_Driver/stm32wlxx_hal_uart_ex.o
 .debug_line    0x00010c71     0x1085 ./Middlewares/ST/AI/Misc/Src/aiTestUtility.o
 .debug_line    0x00011cf6      0xa39 ./Middlewares/ST/AI/Misc/Src/ai_device_adaptor.o
 .debug_line    0x0001272f      0xad9 ./Middlewares/ST/AI/Misc/Src/lc_print.o

.debug_str      0x00000000    0xafc25
 .debug_str     0x00000000    0xafc25 ./AI/App/app_x-cube-ai.o
                              0x9fd7b (size before relaxing)
 .debug_str     0x000afc25    0x15aa9 ./AI/App/network.o
 .debug_str     0x000afc25     0x467a ./AI/App/network_data.o
 .debug_str     0x000afc25     0x86fb ./AI/App/user_init.o
 .debug_str     0x000afc25    0x9bd58 ./Application/User/Core/main.o
 .debug_str     0x000afc25    0x97080 ./Application/User/Core/stm32wlxx_hal_msp.o
 .debug_str     0x000afc25    0x967ae ./Application/User/Core/stm32wlxx_it.o
 .debug_str     0x000afc25       0x9b ./Application/User/Startup/startup_stm32wle5jcix.o
 .debug_str     0x000afc25    0x968e1 ./Drivers/CMSIS/system_stm32wlxx.o
 .debug_str     0x000afc25    0x97597 ./Drivers/STM32WLxx_HAL_Driver/stm32wlxx_hal.o
 .debug_str     0x000afc25    0x97089 ./Drivers/STM32WLxx_HAL_Driver/stm32wlxx_hal_cortex.o
 .debug_str     0x000afc25    0x969c7 ./Drivers/STM32WLxx_HAL_Driver/stm32wlxx_hal_gpio.o
 .debug_str     0x000afc25    0x96d38 ./Drivers/STM32WLxx_HAL_Driver/stm32wlxx_hal_pwr.o
 .debug_str     0x000afc25    0x97085 ./Drivers/STM32WLxx_HAL_Driver/stm32wlxx_hal_pwr_ex.o
 .debug_str     0x000afc25    0x975fc ./Drivers/STM32WLxx_HAL_Driver/stm32wlxx_hal_rcc.o
 .debug_str     0x000afc25    0x971d0 ./Drivers/STM32WLxx_HAL_Driver/stm32wlxx_hal_rcc_ex.o
 .debug_str     0x000afc25    0x9791f ./Drivers/STM32WLxx_HAL_Driver/stm32wlxx_hal_uart.o
 .debug_str     0x000afc25    0x970d5 ./Drivers/STM32WLxx_HAL_Driver/stm32wlxx_hal_uart_ex.o
 .debug_str     0x000afc25    0xa1e01 ./Middlewares/ST/AI/Misc/Src/aiTestUtility.o
 .debug_str     0x000afc25    0x9b9ad ./Middlewares/ST/AI/Misc/Src/ai_device_adaptor.o
 .debug_str     0x000afc25     0x7634 ./Middlewares/ST/AI/Misc/Src/lc_print.o

.comment        0x00000000       0x86
 .comment       0x00000000       0x86 ./AI/App/app_x-cube-ai.o
                                 0x44 (size before relaxing)
 .comment       0x00000086       0x44 ./AI/App/network.o
 .comment       0x00000086       0x44 ./AI/App/network_data.o
 .comment       0x00000086       0x44 ./AI/App/user_init.o
 .comment       0x00000086       0x44 ./Application/User/Core/main.o
 .comment       0x00000086       0x44 ./Application/User/Core/stm32wlxx_hal_msp.o
 .comment       0x00000086       0x44 ./Application/User/Core/stm32wlxx_it.o
 .comment       0x00000086       0x44 ./Drivers/CMSIS/system_stm32wlxx.o
 .comment       0x00000086       0x44 ./Drivers/STM32WLxx_HAL_Driver/stm32wlxx_hal.o
 .comment       0x00000086       0x44 ./Drivers/STM32WLxx_HAL_Driver/stm32wlxx_hal_cortex.o
 .comment       0x00000086       0x44 ./Drivers/STM32WLxx_HAL_Driver/stm32wlxx_hal_gpio.o
 .comment       0x00000086       0x44 ./Drivers/STM32WLxx_HAL_Driver/stm32wlxx_hal_pwr.o
 .comment       0x00000086       0x44 ./Drivers/STM32WLxx_HAL_Driver/stm32wlxx_hal_pwr_ex.o
 .comment       0x00000086       0x44 ./Drivers/STM32WLxx_HAL_Driver/stm32wlxx_hal_rcc.o
 .comment       0x00000086       0x44 ./Drivers/STM32WLxx_HAL_Driver/stm32wlxx_hal_rcc_ex.o
 .comment       0x00000086       0x44 ./Drivers/STM32WLxx_HAL_Driver/stm32wlxx_hal_uart.o
 .comment       0x00000086       0x44 ./Drivers/STM32WLxx_HAL_Driver/stm32wlxx_hal_uart_ex.o
 .comment       0x00000086       0x44 ./Middlewares/ST/AI/Misc/Src/aiTestUtility.o
 .comment       0x00000086       0x44 ./Middlewares/ST/AI/Misc/Src/ai_device_adaptor.o
 .comment       0x00000086       0x44 ./Middlewares/ST/AI/Misc/Src/lc_print.o
 .comment       0x00000086       0x44 ../../Middlewares/ST/AI/Lib/NetworkRuntime1201_CM4_GCC.a\NetworkRuntime1201_CM4_GCC.a(stai_debug.o)