C:/Users/sahil/Desktop/ICFOSS/Anomaly Detection/hardware_projects/waterlevel1/.ai/run/run-6/Middlewares/ST/AI/Validation/Src/aiPbMgr.c:59:6:aiPbMgrInit	48	static
C:/Users/sahil/Desktop/ICFOSS/Anomaly Detection/hardware_projects/waterlevel1/.ai/run/run-6/Middlewares/ST/AI/Validation/Src/aiPbMgr.c:85:5:aiPbMgrWaitAndProcess	24	static
C:/Users/sahil/Desktop/ICFOSS/Anomaly Detection/hardware_projects/waterlevel1/.ai/run/run-6/Middlewares/ST/AI/Validation/Src/aiPbMgr.c:118:10:aiPbTensorFormat	32	static
C:/Users/sahil/Desktop/ICFOSS/Anomaly Detection/hardware_projects/waterlevel1/.ai/run/run-6/Middlewares/ST/AI/Validation/Src/aiPbMgr.c:160:6:aiPbStrCopy	40	static
C:/Users/sahil/Desktop/ICFOSS/Anomaly Detection/hardware_projects/waterlevel1/.ai/run/run-6/Middlewares/ST/AI/Validation/Src/aiPbMgr.c:182:6:encode_uint32	48	static
C:/Users/sahil/Desktop/ICFOSS/Anomaly Detection/hardware_projects/waterlevel1/.ai/run/run-6/Middlewares/ST/AI/Validation/Src/aiPbMgr.c:205:6:encode_tensor_desc	152	static
C:/Users/sahil/Desktop/ICFOSS/Anomaly Detection/hardware_projects/waterlevel1/.ai/run/run-6/Middlewares/ST/AI/Validation/Src/aiPbMgr.c:233:13:decode_data_cb	48	static
C:/Users/sahil/Desktop/ICFOSS/Anomaly Detection/hardware_projects/waterlevel1/.ai/run/run-6/Middlewares/ST/AI/Validation/Src/aiPbMgr.c:264:6:encode_data_cb	32	static
C:/Users/sahil/Desktop/ICFOSS/Anomaly Detection/hardware_projects/waterlevel1/.ai/run/run-6/Middlewares/ST/AI/Validation/Src/aiPbMgr.c:283:6:aiPbMgrSendResp	24	static
C:/Users/sahil/Desktop/ICFOSS/Anomaly Detection/hardware_projects/waterlevel1/.ai/run/run-6/Middlewares/ST/AI/Validation/Src/aiPbMgr.c:292:6:aiPbMgrSendAck	24	static
C:/Users/sahil/Desktop/ICFOSS/Anomaly Detection/hardware_projects/waterlevel1/.ai/run/run-6/Middlewares/ST/AI/Validation/Src/aiPbMgr.c:301:6:aiPbMgrWaitAck	24	static
C:/Users/sahil/Desktop/ICFOSS/Anomaly Detection/hardware_projects/waterlevel1/.ai/run/run-6/Middlewares/ST/AI/Validation/Src/aiPbMgr.c:310:6:aiPbMgrSendLog	40	static
C:/Users/sahil/Desktop/ICFOSS/Anomaly Detection/hardware_projects/waterlevel1/.ai/run/run-6/Middlewares/ST/AI/Validation/Src/aiPbMgr.c:332:6:aiPbMgrSendLogV2	40	static
C:/Users/sahil/Desktop/ICFOSS/Anomaly Detection/hardware_projects/waterlevel1/.ai/run/run-6/Middlewares/ST/AI/Validation/Src/aiPbMgr.c:353:6:aiPbMgrReceiveData	40	static
C:/Users/sahil/Desktop/ICFOSS/Anomaly Detection/hardware_projects/waterlevel1/.ai/run/run-6/Middlewares/ST/AI/Validation/Src/aiPbMgr.c:370:6:aiPbMgrSendData	24	static
C:/Users/sahil/Desktop/ICFOSS/Anomaly Detection/hardware_projects/waterlevel1/.ai/run/run-6/Middlewares/ST/AI/Validation/Src/aiPbMgr.c:388:6:aiPbMgrSendOperator	40	static
C:/Users/sahil/Desktop/ICFOSS/Anomaly Detection/hardware_projects/waterlevel1/.ai/run/run-6/Middlewares/ST/AI/Validation/Src/aiPbMgr.c:455:6:aiPbCmdDisconnect	24	static
C:/Users/sahil/Desktop/ICFOSS/Anomaly Detection/hardware_projects/waterlevel1/.ai/run/run-6/Middlewares/ST/AI/Validation/Src/aiPbMgr.c:463:6:aiPbCmdSync	24	static
