C:/Users/sahil/Desktop/ICFOSS/Anomaly Detection/hardware_projects/waterlevel1/.ai/run/run-6/Middlewares/ST/AI/Validation/Src/aiPbIO.c:90:10:pb_io_get_packet_size	16	static
C:/Users/sahil/Desktop/ICFOSS/Anomaly Detection/hardware_projects/waterlevel1/.ai/run/run-6/Middlewares/ST/AI/Validation/Src/aiPbIO.c:97:6:pb_io_set_packet_size	16	static
C:/Users/sahil/Desktop/ICFOSS/Anomaly Detection/hardware_projects/waterlevel1/.ai/run/run-6/Middlewares/ST/AI/Validation/Src/aiPbIO.c:102:6:pb_io_reset_packet_size	4	static
C:/Users/sahil/Desktop/ICFOSS/Anomaly Detection/hardware_projects/waterlevel1/.ai/run/run-6/Middlewares/ST/AI/Validation/Src/aiPbIO.c:113:13:write_packet	8	static
C:/Users/sahil/Desktop/ICFOSS/Anomaly Detection/hardware_projects/waterlevel1/.ai/run/run-6/Middlewares/ST/AI/Validation/Src/aiPbIO.c:117:6:pb_io_flush_ostream	16	static
C:/Users/sahil/Desktop/ICFOSS/Anomaly Detection/hardware_projects/waterlevel1/.ai/run/run-6/Middlewares/ST/AI/Validation/Src/aiPbIO.c:126:13:write_callback	40	static
C:/Users/sahil/Desktop/ICFOSS/Anomaly Detection/hardware_projects/waterlevel1/.ai/run/run-6/Middlewares/ST/AI/Validation/Src/aiPbIO.c:159:13:read_packet	16	static
C:/Users/sahil/Desktop/ICFOSS/Anomaly Detection/hardware_projects/waterlevel1/.ai/run/run-6/Middlewares/ST/AI/Validation/Src/aiPbIO.c:171:6:pb_io_flush_istream	4	static
C:/Users/sahil/Desktop/ICFOSS/Anomaly Detection/hardware_projects/waterlevel1/.ai/run/run-6/Middlewares/ST/AI/Validation/Src/aiPbIO.c:177:13:read_callback	40	static
C:/Users/sahil/Desktop/ICFOSS/Anomaly Detection/hardware_projects/waterlevel1/.ai/run/run-6/Middlewares/ST/AI/Validation/Src/aiPbIO.c:211:14:pb_io_ostream	32	static
C:/Users/sahil/Desktop/ICFOSS/Anomaly Detection/hardware_projects/waterlevel1/.ai/run/run-6/Middlewares/ST/AI/Validation/Src/aiPbIO.c:221:14:pb_io_istream	32	static
C:/Users/sahil/Desktop/ICFOSS/Anomaly Detection/hardware_projects/waterlevel1/.ai/run/run-6/Middlewares/ST/AI/Validation/Src/aiPbIO.c:231:5:pb_io_stream_init	8	static
