../../Middlewares/ST/AI/Misc/Inc/aiTestUtility.h:152:20:_mon_alloc_reset	8	static
../../Middlewares/ST/AI/Misc/Inc/aiTestUtility.h:321:22:cyclesCounterInit	40	static
../../Middlewares/ST/AI/Misc/Inc/aiTestUtility.h:357:22:cyclesCounterStart	8	static
../../Middlewares/ST/AI/Misc/Inc/aiTestUtility.h:374:26:cyclesCounterEnd	80	static
C:/Users/sahil/Desktop/ICFOSS/Anomaly Detection/hardware_projects/waterlevel1/.ai/run/run-6/Middlewares/ST/AI/Validation/Src/aiValidation_ST_AI.c:132:15:_get_tensor_size	24	static
C:/Users/sahil/Desktop/ICFOSS/Anomaly Detection/hardware_projects/waterlevel1/.ai/run/run-6/Middlewares/ST/AI/Validation/Src/aiValidation_ST_AI.c:140:13:_is_32b_packed	24	static
C:/Users/sahil/Desktop/ICFOSS/Anomaly Detection/hardware_projects/waterlevel1/.ai/run/run-6/Middlewares/ST/AI/Validation/Src/aiValidation_ST_AI.c:148:15:_get_tensor_element_size	16	static
C:/Users/sahil/Desktop/ICFOSS/Anomaly Detection/hardware_projects/waterlevel1/.ai/run/run-6/Middlewares/ST/AI/Validation/Src/aiValidation_ST_AI.c:157:15:_get_tensor_size_bytes	24	static
C:/Users/sahil/Desktop/ICFOSS/Anomaly Detection/hardware_projects/waterlevel1/.ai/run/run-6/Middlewares/ST/AI/Validation/Src/aiValidation_ST_AI.c:166:17:_stai_shape_to_n_dims	24	static
C:/Users/sahil/Desktop/ICFOSS/Anomaly Detection/hardware_projects/waterlevel1/.ai/run/run-6/Middlewares/ST/AI/Validation/Src/aiValidation_ST_AI.c:180:17:_stai_version_to_uint32	16	static
C:/Users/sahil/Desktop/ICFOSS/Anomaly Detection/hardware_projects/waterlevel1/.ai/run/run-6/Middlewares/ST/AI/Validation/Src/aiValidation_ST_AI.c:204:13:fill_tensor_desc_msg	24	static
C:/Users/sahil/Desktop/ICFOSS/Anomaly Detection/hardware_projects/waterlevel1/.ai/run/run-6/Middlewares/ST/AI/Validation/Src/aiValidation_ST_AI.c:240:13:encode_ai_buffer_to_tensor_desc	56	static
C:/Users/sahil/Desktop/ICFOSS/Anomaly Detection/hardware_projects/waterlevel1/.ai/run/run-6/Middlewares/ST/AI/Validation/Src/aiValidation_ST_AI.c:251:17:_stai_compiler_id_to	16	static
C:/Users/sahil/Desktop/ICFOSS/Anomaly Detection/hardware_projects/waterlevel1/.ai/run/run-6/Middlewares/ST/AI/Validation/Src/aiValidation_ST_AI.c:274:13:send_model_info	176	static
C:/Users/sahil/Desktop/ICFOSS/Anomaly Detection/hardware_projects/waterlevel1/.ai/run/run-6/Middlewares/ST/AI/Validation/Src/aiValidation_ST_AI.c:360:13:_receive_ai_data	72	static
C:/Users/sahil/Desktop/ICFOSS/Anomaly Detection/hardware_projects/waterlevel1/.ai/run/run-6/Middlewares/ST/AI/Validation/Src/aiValidation_ST_AI.c:406:13:_send_ai_io_tensor	72	static
C:/Users/sahil/Desktop/ICFOSS/Anomaly Detection/hardware_projects/waterlevel1/.ai/run/run-6/Middlewares/ST/AI/Validation/Src/aiValidation_ST_AI.c:461:6:_print_debug	28	static
C:/Users/sahil/Desktop/ICFOSS/Anomaly Detection/hardware_projects/waterlevel1/.ai/run/run-6/Middlewares/ST/AI/Validation/Src/aiValidation_ST_AI.c:494:13:_stai_event_cb	152	static
C:/Users/sahil/Desktop/ICFOSS/Anomaly Detection/hardware_projects/waterlevel1/.ai/run/run-6/Middlewares/ST/AI/Validation/Src/aiValidation_ST_AI.c:580:17:adjustInferenceTime	40	static
C:/Users/sahil/Desktop/ICFOSS/Anomaly Detection/hardware_projects/waterlevel1/.ai/run/run-6/Middlewares/ST/AI/Validation/Src/aiValidation_ST_AI.c:597:36:aiExecCtx	32	static
C:/Users/sahil/Desktop/ICFOSS/Anomaly Detection/hardware_projects/waterlevel1/.ai/run/run-6/Middlewares/ST/AI/Validation/Src/aiValidation_ST_AI.c:623:12:aiBootstrap	40	static
C:/Users/sahil/Desktop/ICFOSS/Anomaly Detection/hardware_projects/waterlevel1/.ai/run/run-6/Middlewares/ST/AI/Validation/Src/aiValidation_ST_AI.c:727:12:aiInit	24	static
C:/Users/sahil/Desktop/ICFOSS/Anomaly Detection/hardware_projects/waterlevel1/.ai/run/run-6/Middlewares/ST/AI/Validation/Src/aiValidation_ST_AI.c:758:13:aiDeInit	16	static
C:/Users/sahil/Desktop/ICFOSS/Anomaly Detection/hardware_projects/waterlevel1/.ai/run/run-6/Middlewares/ST/AI/Validation/Src/aiValidation_ST_AI.c:783:13:aiPbCmdSysInfo	56	static
C:/Users/sahil/Desktop/ICFOSS/Anomaly Detection/hardware_projects/waterlevel1/.ai/run/run-6/Middlewares/ST/AI/Validation/Src/aiValidation_ST_AI.c:815:13:aiPbCmdNNInfo	40	static
C:/Users/sahil/Desktop/ICFOSS/Anomaly Detection/hardware_projects/waterlevel1/.ai/run/run-6/Middlewares/ST/AI/Validation/Src/aiValidation_ST_AI.c:830:13:_set_context	16	static
C:/Users/sahil/Desktop/ICFOSS/Anomaly Detection/hardware_projects/waterlevel1/.ai/run/run-6/Middlewares/ST/AI/Validation/Src/aiValidation_ST_AI.c:853:13:_reset_states	24	static
C:/Users/sahil/Desktop/ICFOSS/Anomaly Detection/hardware_projects/waterlevel1/.ai/run/run-6/Middlewares/ST/AI/Validation/Src/aiValidation_ST_AI.c:864:13:aiPbCmdNNRun	168	static,ignoring_inline_asm
C:/Users/sahil/Desktop/ICFOSS/Anomaly Detection/hardware_projects/waterlevel1/.ai/run/run-6/Middlewares/ST/AI/Validation/Src/aiValidation_ST_AI.c:1027:5:aiValidationInit	8	static
C:/Users/sahil/Desktop/ICFOSS/Anomaly Detection/hardware_projects/waterlevel1/.ai/run/run-6/Middlewares/ST/AI/Validation/Src/aiValidation_ST_AI.c:1040:5:aiValidationProcess	16	static
C:/Users/sahil/Desktop/ICFOSS/Anomaly Detection/hardware_projects/waterlevel1/.ai/run/run-6/Middlewares/ST/AI/Validation/Src/aiValidation_ST_AI.c:1078:6:aiValidationDeInit	8	static
