../Middlewares/ST/AI/Misc/Src/aiTestHelper_ST_AI.c:66:13:stai_log_data_type	16	static
../Middlewares/ST/AI/Misc/Src/aiTestHelper_ST_AI.c:117:13:stai_log_io_tensor	16	static
../Middlewares/ST/AI/Misc/Src/aiTestHelper_ST_AI.c:144:13:_stai_log_tensor_data	16	static
../Middlewares/ST/AI/Misc/Src/aiTestHelper_ST_AI.c:37:6:stai_platform_version	48	static
../Middlewares/ST/AI/Misc/Src/aiTestHelper_ST_AI.c:57:6:stai_log_err	8	static
../Middlewares/ST/AI/Misc/Src/aiTestHelper_ST_AI.c:152:6:stai_log_network_info	40	static
