../Middlewares/ST/AI/Misc/Src/aiTestUtility.c:448:13:_put_c_buffer_cb	0	static
../Middlewares/ST/AI/Misc/Src/aiTestUtility.c:650:20:devIdToStr	0	static
/home/icfoss/STM32CubeIDE/radar_new/E5_mini_with_hlk_ld2413_v2.0/E5_hlk_RLS_log/E5_hlk_RLS/STM32CubeIDE/Middlewares/ST/AI/Misc/Inc/ai_device_adaptor.h:658:22:port_io_get	8	static
/home/icfoss/STM32CubeIDE/radar_new/E5_mini_with_hlk_ld2413_v2.0/E5_hlk_RLS_log/E5_hlk_RLS/STM32CubeIDE/Middlewares/ST/AI/Misc/Inc/ai_device_adaptor.h:673:22:port_io_write	8	static
../Middlewares/ST/AI/Misc/Src/aiTestUtility.c:419:13:_put_c_driver	16	static
../Middlewares/ST/AI/Misc/Src/aiTestUtility.c:149:6:ioRawGetUint8	8	static
../Middlewares/ST/AI/Misc/Src/aiTestUtility.c:261:6:ioRawWriteBuffer	8	static
../Middlewares/ST/AI/Misc/Src/aiTestUtility.c:266:6:ioRawReadBuffer	8	static
../Middlewares/ST/AI/Misc/Src/aiTestUtility.c:271:6:ioRawDisableLLWrite	0	static
../Middlewares/ST/AI/Misc/Src/aiTestUtility.c:284:5:_write	8	static
../Middlewares/ST/AI/Misc/Src/aiTestUtility.c:382:7:uint64ToDecimal	8	static
../Middlewares/ST/AI/Misc/Src/aiTestUtility.c:395:6:uint32_to_str	4	static
../Middlewares/ST/AI/Misc/Src/aiTestUtility.c:434:6:lc_print	16	static
../Middlewares/ST/AI/Misc/Src/aiTestUtility.c:458:8:lc_vsnprint	24	static
../Middlewares/ST/AI/Misc/Src/aiTestUtility.c:484:7:__wrap_malloc	8	static
../Middlewares/ST/AI/Misc/Src/aiTestUtility.c:524:6:__wrap_free	8	static
../Middlewares/ST/AI/Misc/Src/aiTestUtility.c:579:6:stackMonInit	24	static
../Middlewares/ST/AI/Misc/Src/aiTestUtility.c:625:5:dwtCyclesToTime	48	static
../Middlewares/ST/AI/Misc/Src/aiTestUtility.c:642:7:dwtCyclesToFloatMs	16	static
../Middlewares/ST/AI/Misc/Src/aiTestUtility.c:831:10:getFlashCacheConf	0	static
../Middlewares/ST/AI/Misc/Src/aiTestUtility.c:774:6:getSysConf	8	static
../Middlewares/ST/AI/Misc/Src/aiTestUtility.c:969:6:systemSettingLog	40	static
