../../Middlewares/ST/AI/Misc/Inc/aiTestUtility.h:152:20:_mon_alloc_reset	8	static
C:/Users/sahil/.stm32cubeaistudio/workspace/waterlevel1/.ai/run/run-4/Middlewares/ST/AI/Validation/Src/aiValidation_ST_AI.c:132:15:_get_tensor_size	8	static
../../Middlewares/ST/AI/Misc/Inc/aiTestUtility.h:357:22:cyclesCounterStart	8	static
../../Middlewares/ST/AI/Misc/Inc/aiTestUtility.h:374:26:cyclesCounterEnd	16	static
C:/Users/sahil/.stm32cubeaistudio/workspace/waterlevel1/.ai/run/run-4/Middlewares/ST/AI/Validation/Src/aiValidation_ST_AI.c:597:36:aiExecCtx	24	static
C:/Users/sahil/.stm32cubeaistudio/workspace/waterlevel1/.ai/run/run-4/Middlewares/ST/AI/Validation/Src/aiValidation_ST_AI.c:204:13:fill_tensor_desc_msg	16	static
C:/Users/sahil/.stm32cubeaistudio/workspace/waterlevel1/.ai/run/run-4/Middlewares/ST/AI/Validation/Src/aiValidation_ST_AI.c:240:13:encode_ai_buffer_to_tensor_desc	32	static
C:/Users/sahil/.stm32cubeaistudio/workspace/waterlevel1/.ai/run/run-4/Middlewares/ST/AI/Validation/Src/aiValidation_ST_AI.c:783:13:aiPbCmdSysInfo	48	static
C:/Users/sahil/.stm32cubeaistudio/workspace/waterlevel1/.ai/run/run-4/Middlewares/ST/AI/Validation/Src/aiValidation_ST_AI.c:815:13:aiPbCmdNNInfo	160	static
C:/Users/sahil/.stm32cubeaistudio/workspace/waterlevel1/.ai/run/run-4/Middlewares/ST/AI/Validation/Src/aiValidation_ST_AI.c:148:15:_get_tensor_element_size	0	static
C:/Users/sahil/.stm32cubeaistudio/workspace/waterlevel1/.ai/run/run-4/Middlewares/ST/AI/Validation/Src/aiValidation_ST_AI.c:157:15:_get_tensor_size_bytes	8	static
C:/Users/sahil/.stm32cubeaistudio/workspace/waterlevel1/.ai/run/run-4/Middlewares/ST/AI/Validation/Src/aiValidation_ST_AI.c:406:13:_send_ai_io_tensor.constprop.isra	80	static
C:/Users/sahil/.stm32cubeaistudio/workspace/waterlevel1/.ai/run/run-4/Middlewares/ST/AI/Validation/Src/aiValidation_ST_AI.c:461:6:_print_debug	20	static
C:/Users/sahil/.stm32cubeaistudio/workspace/waterlevel1/.ai/run/run-4/Middlewares/ST/AI/Validation/Src/aiValidation_ST_AI.c:494:13:_stai_event_cb	96	static
C:/Users/sahil/.stm32cubeaistudio/workspace/waterlevel1/.ai/run/run-4/Middlewares/ST/AI/Validation/Src/aiValidation_ST_AI.c:864:13:aiPbCmdNNRun	112	static,ignoring_inline_asm
C:/Users/sahil/.stm32cubeaistudio/workspace/waterlevel1/.ai/run/run-4/Middlewares/ST/AI/Validation/Src/aiValidation_ST_AI.c:1027:5:aiValidationInit	32	static
C:/Users/sahil/.stm32cubeaistudio/workspace/waterlevel1/.ai/run/run-4/Middlewares/ST/AI/Validation/Src/aiValidation_ST_AI.c:1040:5:aiValidationProcess	32	static
C:/Users/sahil/.stm32cubeaistudio/workspace/waterlevel1/.ai/run/run-4/Middlewares/ST/AI/Validation/Src/aiValidation_ST_AI.c:1078:6:aiValidationDeInit	8	static
