C:/Users/sahil/.stm32cubeaistudio/workspace/waterlevel1/.ai/run/run-4/AI/App/app_x-cube-ai.c:161:33:_stai_mnetwork_handle	0	static
C:/Users/sahil/.stm32cubeaistudio/workspace/waterlevel1/.ai/run/run-4/AI/App/app_x-cube-ai.c:152:16:_stai_mnetwork_is_valid.constprop	8	static
C:/Users/sahil/.stm32cubeaistudio/workspace/waterlevel1/.ai/run/run-4/AI/App/app_x-cube-ai.c:87:6:STM32CubeAI_Studio_AI_Init	8	static
C:/Users/sahil/.stm32cubeaistudio/workspace/waterlevel1/.ai/run/run-4/AI/App/app_x-cube-ai.c:95:6:STM32CubeAI_Studio_AI_Process	0	static
C:/Users/sahil/.stm32cubeaistudio/workspace/waterlevel1/.ai/run/run-4/AI/App/app_x-cube-ai.c:100:6:STM32CubeAI_Studio_AI_Deinit	0	static
C:/Users/sahil/.stm32cubeaistudio/workspace/waterlevel1/.ai/run/run-4/AI/App/app_x-cube-ai.c:183:13:stai_mnetwork_find	8	static
C:/Users/sahil/.stm32cubeaistudio/workspace/waterlevel1/.ai/run/run-4/AI/App/app_x-cube-ai.c:200:18:stai_mnetwork_init	32	static
C:/Users/sahil/.stm32cubeaistudio/workspace/waterlevel1/.ai/run/run-4/AI/App/app_x-cube-ai.c:239:18:stai_mnetwork_set_activations	8	static
C:/Users/sahil/.stm32cubeaistudio/workspace/waterlevel1/.ai/run/run-4/AI/App/app_x-cube-ai.c:252:18:stai_mnetwork_set_states	8	static
C:/Users/sahil/.stm32cubeaistudio/workspace/waterlevel1/.ai/run/run-4/AI/App/app_x-cube-ai.c:266:18:stai_mnetwork_set_weights	24	static
C:/Users/sahil/.stm32cubeaistudio/workspace/waterlevel1/.ai/run/run-4/AI/App/app_x-cube-ai.c:281:18:stai_mnetwork_set_inputs	8	static
C:/Users/sahil/.stm32cubeaistudio/workspace/waterlevel1/.ai/run/run-4/AI/App/app_x-cube-ai.c:294:18:stai_mnetwork_set_outputs	8	static
C:/Users/sahil/.stm32cubeaistudio/workspace/waterlevel1/.ai/run/run-4/AI/App/app_x-cube-ai.c:307:18:stai_mnetwork_set_callback	8	static
C:/Users/sahil/.stm32cubeaistudio/workspace/waterlevel1/.ai/run/run-4/AI/App/app_x-cube-ai.c:320:29:stai_mnetwork_get_details	8	static
C:/Users/sahil/.stm32cubeaistudio/workspace/waterlevel1/.ai/run/run-4/AI/App/app_x-cube-ai.c:332:18:stai_mnetwork_get_activations	16	static
C:/Users/sahil/.stm32cubeaistudio/workspace/waterlevel1/.ai/run/run-4/AI/App/app_x-cube-ai.c:346:18:stai_mnetwork_get_states	16	static
C:/Users/sahil/.stm32cubeaistudio/workspace/waterlevel1/.ai/run/run-4/AI/App/app_x-cube-ai.c:360:18:stai_mnetwork_get_weights	16	static
C:/Users/sahil/.stm32cubeaistudio/workspace/waterlevel1/.ai/run/run-4/AI/App/app_x-cube-ai.c:374:11:stai_mnetwork_get_weights_ext	8	static
C:/Users/sahil/.stm32cubeaistudio/workspace/waterlevel1/.ai/run/run-4/AI/App/app_x-cube-ai.c:386:18:stai_mnetwork_get_inputs	16	static
C:/Users/sahil/.stm32cubeaistudio/workspace/waterlevel1/.ai/run/run-4/AI/App/app_x-cube-ai.c:400:18:stai_mnetwork_get_outputs	16	static
C:/Users/sahil/.stm32cubeaistudio/workspace/waterlevel1/.ai/run/run-4/AI/App/app_x-cube-ai.c:415:18:stai_mnetwork_deinit	8	static
C:/Users/sahil/.stm32cubeaistudio/workspace/waterlevel1/.ai/run/run-4/AI/App/app_x-cube-ai.c:431:18:stai_mnetwork_get_info	8	static
C:/Users/sahil/.stm32cubeaistudio/workspace/waterlevel1/.ai/run/run-4/AI/App/app_x-cube-ai.c:444:18:stai_mnetwork_get_error	8	static
C:/Users/sahil/.stm32cubeaistudio/workspace/waterlevel1/.ai/run/run-4/AI/App/app_x-cube-ai.c:457:18:stai_mnetwork_run	8	static
