C:/Users/sahil/Desktop/ICFOSS/Anomaly Detection/hardware_projects/waterlevel1/.ai/run/run-6/AI/App/app_x-cube-ai.c:87:6:STM32CubeAI_Studio_AI_Init	8	static
C:/Users/sahil/Desktop/ICFOSS/Anomaly Detection/hardware_projects/waterlevel1/.ai/run/run-6/AI/App/app_x-cube-ai.c:95:6:STM32CubeAI_Studio_AI_Process	8	static
C:/Users/sahil/Desktop/ICFOSS/Anomaly Detection/hardware_projects/waterlevel1/.ai/run/run-6/AI/App/app_x-cube-ai.c:100:6:STM32CubeAI_Studio_AI_Deinit	4	static
C:/Users/sahil/Desktop/ICFOSS/Anomaly Detection/hardware_projects/waterlevel1/.ai/run/run-6/AI/App/app_x-cube-ai.c:152:16:_stai_mnetwork_is_valid	24	static
C:/Users/sahil/Desktop/ICFOSS/Anomaly Detection/hardware_projects/waterlevel1/.ai/run/run-6/AI/App/app_x-cube-ai.c:161:33:_stai_mnetwork_handle	24	static
C:/Users/sahil/Desktop/ICFOSS/Anomaly Detection/hardware_projects/waterlevel1/.ai/run/run-6/AI/App/app_x-cube-ai.c:172:13:_stai_mnetwork_release_handle	24	static
C:/Users/sahil/Desktop/ICFOSS/Anomaly Detection/hardware_projects/waterlevel1/.ai/run/run-6/AI/App/app_x-cube-ai.c:183:13:stai_mnetwork_find	24	static
C:/Users/sahil/Desktop/ICFOSS/Anomaly Detection/hardware_projects/waterlevel1/.ai/run/run-6/AI/App/app_x-cube-ai.c:200:18:stai_mnetwork_init	40	static
C:/Users/sahil/Desktop/ICFOSS/Anomaly Detection/hardware_projects/waterlevel1/.ai/run/run-6/AI/App/app_x-cube-ai.c:239:18:stai_mnetwork_set_activations	24	static
C:/Users/sahil/Desktop/ICFOSS/Anomaly Detection/hardware_projects/waterlevel1/.ai/run/run-6/AI/App/app_x-cube-ai.c:252:18:stai_mnetwork_set_states	24	static
C:/Users/sahil/Desktop/ICFOSS/Anomaly Detection/hardware_projects/waterlevel1/.ai/run/run-6/AI/App/app_x-cube-ai.c:266:18:stai_mnetwork_set_weights	32	static
C:/Users/sahil/Desktop/ICFOSS/Anomaly Detection/hardware_projects/waterlevel1/.ai/run/run-6/AI/App/app_x-cube-ai.c:281:18:stai_mnetwork_set_inputs	24	static
C:/Users/sahil/Desktop/ICFOSS/Anomaly Detection/hardware_projects/waterlevel1/.ai/run/run-6/AI/App/app_x-cube-ai.c:294:18:stai_mnetwork_set_outputs	24	static
C:/Users/sahil/Desktop/ICFOSS/Anomaly Detection/hardware_projects/waterlevel1/.ai/run/run-6/AI/App/app_x-cube-ai.c:307:18:stai_mnetwork_set_callback	32	static
C:/Users/sahil/Desktop/ICFOSS/Anomaly Detection/hardware_projects/waterlevel1/.ai/run/run-6/AI/App/app_x-cube-ai.c:320:29:stai_mnetwork_get_details	24	static
C:/Users/sahil/Desktop/ICFOSS/Anomaly Detection/hardware_projects/waterlevel1/.ai/run/run-6/AI/App/app_x-cube-ai.c:332:18:stai_mnetwork_get_activations	32	static
C:/Users/sahil/Desktop/ICFOSS/Anomaly Detection/hardware_projects/waterlevel1/.ai/run/run-6/AI/App/app_x-cube-ai.c:346:18:stai_mnetwork_get_states	32	static
C:/Users/sahil/Desktop/ICFOSS/Anomaly Detection/hardware_projects/waterlevel1/.ai/run/run-6/AI/App/app_x-cube-ai.c:360:18:stai_mnetwork_get_weights	32	static
C:/Users/sahil/Desktop/ICFOSS/Anomaly Detection/hardware_projects/waterlevel1/.ai/run/run-6/AI/App/app_x-cube-ai.c:374:11:stai_mnetwork_get_weights_ext	24	static
C:/Users/sahil/Desktop/ICFOSS/Anomaly Detection/hardware_projects/waterlevel1/.ai/run/run-6/AI/App/app_x-cube-ai.c:386:18:stai_mnetwork_get_inputs	32	static
C:/Users/sahil/Desktop/ICFOSS/Anomaly Detection/hardware_projects/waterlevel1/.ai/run/run-6/AI/App/app_x-cube-ai.c:400:18:stai_mnetwork_get_outputs	32	static
C:/Users/sahil/Desktop/ICFOSS/Anomaly Detection/hardware_projects/waterlevel1/.ai/run/run-6/AI/App/app_x-cube-ai.c:415:18:stai_mnetwork_deinit	24	static
C:/Users/sahil/Desktop/ICFOSS/Anomaly Detection/hardware_projects/waterlevel1/.ai/run/run-6/AI/App/app_x-cube-ai.c:431:18:stai_mnetwork_get_info	24	static
C:/Users/sahil/Desktop/ICFOSS/Anomaly Detection/hardware_projects/waterlevel1/.ai/run/run-6/AI/App/app_x-cube-ai.c:444:18:stai_mnetwork_get_error	24	static
C:/Users/sahil/Desktop/ICFOSS/Anomaly Detection/hardware_projects/waterlevel1/.ai/run/run-6/AI/App/app_x-cube-ai.c:457:18:stai_mnetwork_run	24	static
