../Drivers/BSP/STM32WLxx_LoRa_E5_mini/lora_e5_mini_bus.c:245:13:SPI2_MspInit	56	static
../Drivers/BSP/STM32WLxx_LoRa_E5_mini/lora_e5_mini_bus.c:265:13:SPI2_MspDeInit	8	static
../Drivers/BSP/STM32WLxx_LoRa_E5_mini/lora_e5_mini_bus.c:294:13:I2C2_MspDeInit	8	static
../Drivers/BSP/STM32WLxx_LoRa_E5_mini/lora_e5_mini_bus.c:272:13:I2C2_MspInit	104	static
../Drivers/BSP/STM32WLxx_LoRa_E5_mini/lora_e5_mini_bus.c:48:9:BSP_SPI2_DeInit	8	static
../Drivers/BSP/STM32WLxx_LoRa_E5_mini/lora_e5_mini_bus.c:56:9:BSP_SPI2_Send	8	static
../Drivers/BSP/STM32WLxx_LoRa_E5_mini/lora_e5_mini_bus.c:61:10:BSP_SPI2_Recv	8	static
../Drivers/BSP/STM32WLxx_LoRa_E5_mini/lora_e5_mini_bus.c:66:9:BSP_SPI2_SendRecv	16	static
../Drivers/BSP/STM32WLxx_LoRa_E5_mini/lora_e5_mini_bus.c:105:9:BSP_I2C2_DeInit	8	static
../Drivers/BSP/STM32WLxx_LoRa_E5_mini/lora_e5_mini_bus.c:113:9:BSP_I2C2_IsReady	8	static
../Drivers/BSP/STM32WLxx_LoRa_E5_mini/lora_e5_mini_bus.c:120:9:BSP_I2C2_WriteReg	24	static
../Drivers/BSP/STM32WLxx_LoRa_E5_mini/lora_e5_mini_bus.c:128:9:BSP_I2C2_ReadReg	24	static
../Drivers/BSP/STM32WLxx_LoRa_E5_mini/lora_e5_mini_bus.c:137:9:BSP_I2C2_WriteReg16	24	static
../Drivers/BSP/STM32WLxx_LoRa_E5_mini/lora_e5_mini_bus.c:145:9:BSP_I2C2_ReadReg16	24	static
../Drivers/BSP/STM32WLxx_LoRa_E5_mini/lora_e5_mini_bus.c:172:9:BSP_GetTick	8	static
../Drivers/BSP/STM32WLxx_LoRa_E5_mini/lora_e5_mini_bus.c:201:26:MX_SPI2_Init	8	static
../Drivers/BSP/STM32WLxx_LoRa_E5_mini/lora_e5_mini_bus.c:33:9:BSP_SPI2_Init	16	static
../Drivers/BSP/STM32WLxx_LoRa_E5_mini/lora_e5_mini_bus.c:220:26:MX_I2C2_Init	16	static
../Drivers/BSP/STM32WLxx_LoRa_E5_mini/lora_e5_mini_bus.c:90:9:BSP_I2C2_Init	8	static
../Drivers/BSP/STM32WLxx_LoRa_E5_mini/lora_e5_mini_bus.c:322:19:MX_TIM16_Init	8	static
../Drivers/BSP/STM32WLxx_LoRa_E5_mini/lora_e5_mini_bus.c:180:6:BSP_DelayUs	8	static
../Drivers/BSP/STM32WLxx_LoRa_E5_mini/lora_e5_mini_bus.c:346:6:HAL_TIM_Base_MspInit	8	static
../Drivers/BSP/STM32WLxx_LoRa_E5_mini/lora_e5_mini_bus.c:362:6:HAL_TIM_Base_MspDeInit	0	static
