/home/icfoss/STM32CubeIDE/radar_new/E5_mini_with_hlk_ld2413_v2.0/E5_hlk_RLS_log/E5_hlk_RLS/STM32CubeIDE/Middlewares/ST/AI/Misc/Inc/aiTestUtility.h:357:22:cyclesCounterStart	8	static
/home/icfoss/STM32CubeIDE/radar_new/E5_mini_with_hlk_ld2413_v2.0/E5_hlk_RLS_log/E5_hlk_RLS/STM32CubeIDE/Middlewares/ST/AI/Misc/Inc/aiTestUtility.h:374:26:cyclesCounterEnd	24	static
/home/icfoss/STM32CubeIDE/radar_new/E5_mini_with_hlk_ld2413_v2.0/E5_hlk_RLS_log/E5_hlk_RLS/STM32CubeIDE/Middlewares/ST/AI/Misc/Inc/aiTestUtility.h:321:22:cyclesCounterInit	32	static
/home/icfoss/Downloads/waterlevel1/AI/App/app_x-cube-ai.c:130:5:aiInit	8	static
/home/icfoss/Downloads/waterlevel1/AI/App/app_x-cube-ai.c:167:5:aiDeinit	8	static
/home/icfoss/Downloads/waterlevel1/AI/App/app_x-cube-ai.c:183:18:aiRun	48	static
/home/icfoss/Downloads/waterlevel1/AI/App/app_x-cube-ai.c:223:5:acquire_and_process_data	0	static
/home/icfoss/Downloads/waterlevel1/AI/App/app_x-cube-ai.c:230:5:post_process	0	static
/home/icfoss/Downloads/waterlevel1/AI/App/app_x-cube-ai.c:242:6:read_line	24	static
/home/icfoss/Downloads/waterlevel1/AI/App/app_x-cube-ai.c:275:6:STM32CubeAI_Studio_AI_Init_Timestamp	144	static
/home/icfoss/Downloads/waterlevel1/AI/App/app_x-cube-ai.c:302:6:main_loop	160	static
/home/icfoss/Downloads/waterlevel1/AI/App/app_x-cube-ai.c:459:6:STM32CubeAI_Studio_AI_Init	8	static
/home/icfoss/Downloads/waterlevel1/AI/App/app_x-cube-ai.c:468:6:STM32CubeAI_Studio_AI_Process	8	static
/home/icfoss/Downloads/waterlevel1/AI/App/app_x-cube-ai.c:473:6:STM32CubeAI_Studio_AI_Deinit	8	static
