C:/Users/sahil/.stm32cubeaistudio/workspace/waterlevel1/.ai/run/run-5/Core/Src/main.c:114:6:SystemClock_Config	120	static,ignoring_inline_asm
C:/Users/sahil/.stm32cubeaistudio/workspace/waterlevel1/.ai/run/run-5/Core/Src/main.c:67:5:main	16	static
C:/Users/sahil/.stm32cubeaistudio/workspace/waterlevel1/.ai/run/run-5/Core/Src/main.c:162:6:MX_LPUART1_UART_Init	8	static,ignoring_inline_asm
C:/Users/sahil/.stm32cubeaistudio/workspace/waterlevel1/.ai/run/run-5/Core/Src/main.c:233:6:Error_Handler	0	static,ignoring_inline_asm
