/home/icfoss/STM32CubeIDE/radar_new/E5_mini_with_hlk_ld2413_v2.0/E5_hlk_RLS_log/E5_hlk_RLS/Core/Src/stm32wlxx_it.c:80:6:NMI_Handler	0	static
/home/icfoss/STM32CubeIDE/radar_new/E5_mini_with_hlk_ld2413_v2.0/E5_hlk_RLS_log/E5_hlk_RLS/Core/Src/stm32wlxx_it.c:93:6:HardFault_Handler	0	static
/home/icfoss/STM32CubeIDE/radar_new/E5_mini_with_hlk_ld2413_v2.0/E5_hlk_RLS_log/E5_hlk_RLS/Core/Src/stm32wlxx_it.c:104:6:MemManage_Handler	0	static
/home/icfoss/STM32CubeIDE/radar_new/E5_mini_with_hlk_ld2413_v2.0/E5_hlk_RLS_log/E5_hlk_RLS/Core/Src/stm32wlxx_it.c:115:6:BusFault_Handler	0	static
/home/icfoss/STM32CubeIDE/radar_new/E5_mini_with_hlk_ld2413_v2.0/E5_hlk_RLS_log/E5_hlk_RLS/Core/Src/stm32wlxx_it.c:126:6:UsageFault_Handler	0	static
/home/icfoss/STM32CubeIDE/radar_new/E5_mini_with_hlk_ld2413_v2.0/E5_hlk_RLS_log/E5_hlk_RLS/Core/Src/stm32wlxx_it.c:137:6:SVC_Handler	0	static
/home/icfoss/STM32CubeIDE/radar_new/E5_mini_with_hlk_ld2413_v2.0/E5_hlk_RLS_log/E5_hlk_RLS/Core/Src/stm32wlxx_it.c:150:6:DebugMon_Handler	0	static
/home/icfoss/STM32CubeIDE/radar_new/E5_mini_with_hlk_ld2413_v2.0/E5_hlk_RLS_log/E5_hlk_RLS/Core/Src/stm32wlxx_it.c:163:6:PendSV_Handler	0	static
/home/icfoss/STM32CubeIDE/radar_new/E5_mini_with_hlk_ld2413_v2.0/E5_hlk_RLS_log/E5_hlk_RLS/Core/Src/stm32wlxx_it.c:176:6:SysTick_Handler	8	static
/home/icfoss/STM32CubeIDE/radar_new/E5_mini_with_hlk_ld2413_v2.0/E5_hlk_RLS_log/E5_hlk_RLS/Core/Src/stm32wlxx_it.c:197:6:TAMP_STAMP_LSECSS_SSRU_IRQHandler	8	static
/home/icfoss/STM32CubeIDE/radar_new/E5_mini_with_hlk_ld2413_v2.0/E5_hlk_RLS_log/E5_hlk_RLS/Core/Src/stm32wlxx_it.c:211:6:EXTI15_10_IRQHandler	0	static
/home/icfoss/STM32CubeIDE/radar_new/E5_mini_with_hlk_ld2413_v2.0/E5_hlk_RLS_log/E5_hlk_RLS/Core/Src/stm32wlxx_it.c:227:6:DMA1_Channel1_IRQHandler	8	static
/home/icfoss/STM32CubeIDE/radar_new/E5_mini_with_hlk_ld2413_v2.0/E5_hlk_RLS_log/E5_hlk_RLS/Core/Src/stm32wlxx_it.c:241:6:DMA1_Channel2_IRQHandler	8	static
/home/icfoss/STM32CubeIDE/radar_new/E5_mini_with_hlk_ld2413_v2.0/E5_hlk_RLS_log/E5_hlk_RLS/Core/Src/stm32wlxx_it.c:255:6:DMA1_Channel4_IRQHandler	8	static
/home/icfoss/STM32CubeIDE/radar_new/E5_mini_with_hlk_ld2413_v2.0/E5_hlk_RLS_log/E5_hlk_RLS/Core/Src/stm32wlxx_it.c:269:6:DMA1_Channel5_IRQHandler	8	static
/home/icfoss/STM32CubeIDE/radar_new/E5_mini_with_hlk_ld2413_v2.0/E5_hlk_RLS_log/E5_hlk_RLS/Core/Src/stm32wlxx_it.c:283:6:DMA1_Channel6_IRQHandler	8	static
/home/icfoss/STM32CubeIDE/radar_new/E5_mini_with_hlk_ld2413_v2.0/E5_hlk_RLS_log/E5_hlk_RLS/Core/Src/stm32wlxx_it.c:297:6:DMA1_Channel7_IRQHandler	8	static
/home/icfoss/STM32CubeIDE/radar_new/E5_mini_with_hlk_ld2413_v2.0/E5_hlk_RLS_log/E5_hlk_RLS/Core/Src/stm32wlxx_it.c:311:6:USART1_IRQHandler	8	static
/home/icfoss/STM32CubeIDE/radar_new/E5_mini_with_hlk_ld2413_v2.0/E5_hlk_RLS_log/E5_hlk_RLS/Core/Src/stm32wlxx_it.c:325:6:USART2_IRQHandler	8	static
/home/icfoss/STM32CubeIDE/radar_new/E5_mini_with_hlk_ld2413_v2.0/E5_hlk_RLS_log/E5_hlk_RLS/Core/Src/stm32wlxx_it.c:339:6:LPUART1_IRQHandler	8	static
/home/icfoss/STM32CubeIDE/radar_new/E5_mini_with_hlk_ld2413_v2.0/E5_hlk_RLS_log/E5_hlk_RLS/Core/Src/stm32wlxx_it.c:353:6:RTC_Alarm_IRQHandler	8	static
/home/icfoss/STM32CubeIDE/radar_new/E5_mini_with_hlk_ld2413_v2.0/E5_hlk_RLS_log/E5_hlk_RLS/Core/Src/stm32wlxx_it.c:367:6:SUBGHZ_Radio_IRQHandler	8	static
