/home/icfoss/STM32CubeIDE/radar_new/E5_mini_with_hlk_ld2413_v2.0/E5_hlk_RLS_log/E5_hlk_RLS/Core/Src/sys_app.c:331:13:tiny_snprintf_like	16	static
/home/icfoss/STM32CubeIDE/radar_new/E5_mini_with_hlk_ld2413_v2.0/E5_hlk_RLS_log/E5_hlk_RLS/Core/Src/sys_app.c:295:13:TimestampNow	32	static
/home/icfoss/STM32CubeIDE/radar_new/E5_mini_with_hlk_ld2413_v2.0/E5_hlk_RLS_log/E5_hlk_RLS/Core/Src/sys_app.c:346:13:Gpio_PreInit	48	static
/home/icfoss/STM32CubeIDE/radar_new/E5_mini_with_hlk_ld2413_v2.0/E5_hlk_RLS_log/E5_hlk_RLS/Core/Src/sys_app.c:434:13:MX_GPIOB10_Init	40	static
/home/icfoss/STM32CubeIDE/radar_new/E5_mini_with_hlk_ld2413_v2.0/E5_hlk_RLS_log/E5_hlk_RLS/Core/Src/sys_app.c:103:6:SystemApp_Init	56	static
/home/icfoss/STM32CubeIDE/radar_new/E5_mini_with_hlk_ld2413_v2.0/E5_hlk_RLS_log/E5_hlk_RLS/Core/Src/sys_app.c:173:6:UTIL_SEQ_Idle	8	static
/home/icfoss/STM32CubeIDE/radar_new/E5_mini_with_hlk_ld2413_v2.0/E5_hlk_RLS_log/E5_hlk_RLS/Core/Src/sys_app.c:184:9:GetBatteryLevel	16	static
/home/icfoss/STM32CubeIDE/radar_new/E5_mini_with_hlk_ld2413_v2.0/E5_hlk_RLS_log/E5_hlk_RLS/Core/Src/sys_app.c:218:10:GetTemperatureLevel	8	static
/home/icfoss/STM32CubeIDE/radar_new/E5_mini_with_hlk_ld2413_v2.0/E5_hlk_RLS_log/E5_hlk_RLS/Core/Src/sys_app.c:229:6:GetUniqueId	16	static
/home/icfoss/STM32CubeIDE/radar_new/E5_mini_with_hlk_ld2413_v2.0/E5_hlk_RLS_log/E5_hlk_RLS/Core/Src/sys_app.c:269:10:GetDevAddr	8	static
/home/icfoss/STM32CubeIDE/radar_new/E5_mini_with_hlk_ld2413_v2.0/E5_hlk_RLS_log/E5_hlk_RLS/Core/Src/sys_app.c:309:6:UTIL_ADV_TRACE_PreSendHook	8	static
/home/icfoss/STM32CubeIDE/radar_new/E5_mini_with_hlk_ld2413_v2.0/E5_hlk_RLS_log/E5_hlk_RLS/Core/Src/sys_app.c:320:6:UTIL_ADV_TRACE_PostSendHook	8	static
/home/icfoss/STM32CubeIDE/radar_new/E5_mini_with_hlk_ld2413_v2.0/E5_hlk_RLS_log/E5_hlk_RLS/Core/Src/sys_app.c:391:19:HAL_InitTick	0	static
/home/icfoss/STM32CubeIDE/radar_new/E5_mini_with_hlk_ld2413_v2.0/E5_hlk_RLS_log/E5_hlk_RLS/Core/Src/sys_app.c:406:10:HAL_GetTick	8	static
/home/icfoss/STM32CubeIDE/radar_new/E5_mini_with_hlk_ld2413_v2.0/E5_hlk_RLS_log/E5_hlk_RLS/Core/Src/sys_app.c:421:6:HAL_Delay	16	static
