/home/icfoss/STM32CubeIDE/radar_new/E5_mini_with_hlk_ld2413_v2.0/E5_hlk_RLS_log/E5_hlk_RLS/Core/Src/timer_if.c:266:10:TIMER_IF_SetTimerContext	0	static
/home/icfoss/STM32CubeIDE/radar_new/E5_mini_with_hlk_ld2413_v2.0/E5_hlk_RLS_log/E5_hlk_RLS/Core/Src/timer_if.c:280:10:TIMER_IF_GetTimerContext	0	static
/home/icfoss/STM32CubeIDE/radar_new/E5_mini_with_hlk_ld2413_v2.0/E5_hlk_RLS_log/E5_hlk_RLS/Core/Src/timer_if.c:291:10:TIMER_IF_GetTimerElapsedTime	0	static
/home/icfoss/STM32CubeIDE/radar_new/E5_mini_with_hlk_ld2413_v2.0/E5_hlk_RLS_log/E5_hlk_RLS/Core/Src/timer_if.c:304:10:TIMER_IF_GetTimerValue	0	static
/home/icfoss/STM32CubeIDE/radar_new/E5_mini_with_hlk_ld2413_v2.0/E5_hlk_RLS_log/E5_hlk_RLS/Core/Src/timer_if.c:320:10:TIMER_IF_GetMinimumTimeout	0	static
/home/icfoss/STM32CubeIDE/radar_new/E5_mini_with_hlk_ld2413_v2.0/E5_hlk_RLS_log/E5_hlk_RLS/Core/Src/timer_if.c:333:10:TIMER_IF_Convert_ms2Tick	8	static
/home/icfoss/STM32CubeIDE/radar_new/E5_mini_with_hlk_ld2413_v2.0/E5_hlk_RLS_log/E5_hlk_RLS/Core/Src/timer_if.c:346:10:TIMER_IF_Convert_Tick2ms	0	static
/home/icfoss/STM32CubeIDE/radar_new/E5_mini_with_hlk_ld2413_v2.0/E5_hlk_RLS_log/E5_hlk_RLS/Core/Src/timer_if.c:248:21:TIMER_IF_StopTimer	8	static
/home/icfoss/STM32CubeIDE/radar_new/E5_mini_with_hlk_ld2413_v2.0/E5_hlk_RLS_log/E5_hlk_RLS/Core/Src/timer_if.c:480:13:TIMER_IF_BkUp_Write_MSBticks	8	static
/home/icfoss/STM32CubeIDE/radar_new/E5_mini_with_hlk_ld2413_v2.0/E5_hlk_RLS_log/E5_hlk_RLS/Core/Src/timer_if.c:183:21:TIMER_IF_Init	16	static
/home/icfoss/STM32CubeIDE/radar_new/E5_mini_with_hlk_ld2413_v2.0/E5_hlk_RLS_log/E5_hlk_RLS/Core/Src/timer_if.c:427:6:TIMER_IF_BkUp_Write_Seconds	8	static
/home/icfoss/STM32CubeIDE/radar_new/E5_mini_with_hlk_ld2413_v2.0/E5_hlk_RLS_log/E5_hlk_RLS/Core/Src/timer_if.c:438:6:TIMER_IF_BkUp_Write_SubSeconds	8	static
/home/icfoss/STM32CubeIDE/radar_new/E5_mini_with_hlk_ld2413_v2.0/E5_hlk_RLS_log/E5_hlk_RLS/Core/Src/timer_if.c:220:21:TIMER_IF_StartTimer	56	static
/home/icfoss/STM32CubeIDE/radar_new/E5_mini_with_hlk_ld2413_v2.0/E5_hlk_RLS_log/E5_hlk_RLS/Core/Src/timer_if.c:491:17:TIMER_IF_BkUp_Read_MSBticks	8	static
/home/icfoss/STM32CubeIDE/radar_new/E5_mini_with_hlk_ld2413_v2.0/E5_hlk_RLS_log/E5_hlk_RLS/Core/Src/timer_if.c:403:10:TIMER_IF_GetTime	16	static
/home/icfoss/STM32CubeIDE/radar_new/E5_mini_with_hlk_ld2413_v2.0/E5_hlk_RLS_log/E5_hlk_RLS/Core/Src/timer_if.c:449:10:TIMER_IF_BkUp_Read_Seconds	8	static
/home/icfoss/STM32CubeIDE/radar_new/E5_mini_with_hlk_ld2413_v2.0/E5_hlk_RLS_log/E5_hlk_RLS/Core/Src/timer_if.c:462:10:TIMER_IF_BkUp_Read_SubSeconds	8	static
/home/icfoss/STM32CubeIDE/radar_new/E5_mini_with_hlk_ld2413_v2.0/E5_hlk_RLS_log/E5_hlk_RLS/Core/Src/timer_if.c:359:6:TIMER_IF_DelayMs	8	static,ignoring_inline_asm
/home/icfoss/STM32CubeIDE/radar_new/E5_mini_with_hlk_ld2413_v2.0/E5_hlk_RLS_log/E5_hlk_RLS/Core/Src/timer_if.c:377:6:HAL_RTC_AlarmAEventCallback	8	static
/home/icfoss/STM32CubeIDE/radar_new/E5_mini_with_hlk_ld2413_v2.0/E5_hlk_RLS_log/E5_hlk_RLS/Core/Src/timer_if.c:388:6:HAL_RTCEx_SSRUEventCallback	8	static
