../Application/User/Core/trace.c:1002:16:get_uart_index	0	static
../Application/User/Core/trace.c:990:23:get_tx_scheduler	8	static
../Application/User/Core/trace.c:996:19:get_rx_state	8	static
../Application/User/Core/trace.c:265:22:enable_DMA_TX	24	static
../Application/User/Core/trace.c:294:22:enable_DMA_RX	24	static
../Application/User/Core/trace.c:166:15:trace_InitAdv	152	static
../Application/User/Core/trace.c:143:15:trace_Init	56	static
../Application/User/Core/trace.c:372:15:trace_Resume	8	static
../Application/User/Core/trace.c:391:6:trace_RegisterTxCpltHook	0	static
../Application/User/Core/trace.c:603:15:trace_SetTxMode	8	static
../Application/User/Core/trace.c:613:6:is_uart_transmission_ongoing	8	static
../Application/User/Core/trace.c:324:15:trace_Deinit	16	static
../Application/User/Core/trace.c:621:6:trace_TxCpltCallback	24	static,ignoring_inline_asm
../Application/User/Core/trace.c:554:13:process_tx_queue	16	static,ignoring_inline_asm
../Application/User/Core/trace.c:467:15:trace_WriteRaw	40	static,ignoring_inline_asm
../Application/User/Core/trace.c:434:15:trace_WriteRawChunked	48	static
../Application/User/Core/trace.c:401:15:trace_Printf	44	static
../Application/User/Core/trace.c:676:15:trace_FlushTx	16	static
../Application/User/Core/trace.c:763:15:trace_StopRx	16	static
../Application/User/Core/trace.c:698:15:trace_StartRx	16	static
../Application/User/Core/trace.c:775:10:trace_Available	8	static
../Application/User/Core/trace.c:787:6:trace_FlushRx	8	static,ignoring_inline_asm
../Application/User/Core/trace.c:968:13:recover_from_error	16	static
../Application/User/Core/trace.c:798:10:trace_RxRead	24	static
../Application/User/Core/trace.c:813:15:trace_PollData	24	static
../Application/User/Core/trace.c:838:6:trace_RxCpltCallback	24	static
../Application/User/Core/trace.c:883:6:trace_RxEventCallback	32	static
../Application/User/Core/trace.c:944:6:trace_ErrorCallback	8	static
